/home/bufsgpu/yes/envs/sw/lib/python3.10/site-packages/requests/__init__.py:113: RequestsDependencyWarning: urllib3 (2.6.3) or chardet (6.0.0.post1)/charset_normalizer (3.4.4) doesn't match a supported version!
  warnings.warn(
Using the latest cached version of the dataset since Rowan/hellaswag couldn't be found on the Hugging Face Hub (offline mode is enabled).
Found the latest cached dataset configuration 'default' at /data/shared/hf_cache/datasets/Rowan___hellaswag/default/0.0.0/218ec52e09a7e7462a5400043bb9a69a41d06b76 (last modified on Wed Sep 23 02:08:26 2026).
Using the latest cached version of the dataset since allenai/ai2_arc couldn't be found on the Hugging Face Hub (offline mode is enabled).
Found the latest cached dataset configuration 'ARC-Easy' at /data/shared/hf_cache/datasets/allenai___ai2_arc/ARC-Easy/0.0.0/210d026faf9955653af8916fad021475a3f00453 (last modified on Wed Sep 23 01:55:10 2026).
Using the latest cached version of the dataset since allenai/winogrande couldn't be found on the Hugging Face Hub (offline mode is enabled).
Found the latest cached dataset configuration 'winogrande_xl' at /data/shared/hf_cache/datasets/allenai___winogrande/winogrande_xl/0.0.0/01e74176c63542e6b0bcb004dcdea22d94fb67b5 (last modified on Wed Sep 23 01:55:21 2026).
Using the latest cached version of the dataset since Rowan/hellaswag couldn't be found on the Hugging Face Hub (offline mode is enabled).
Found the latest cached dataset configuration 'default' at /data/shared/hf_cache/datasets/Rowan___hellaswag/default/0.0.0/218ec52e09a7e7462a5400043bb9a69a41d06b76 (last modified on Wed Sep 23 02:08:26 2026).
{"task": "hellaswag", "train": 31989, "development": 7849, "unusable": 0, "dropped_official_overlap": 67, "train_from_development": 7838, "dropped_development_overlap": 11}
Using the latest cached version of the dataset since allenai/ai2_arc couldn't be found on the Hugging Face Hub (offline mode is enabled).
Found the latest cached dataset configuration 'ARC-Easy' at /data/shared/hf_cache/datasets/allenai___ai2_arc/ARC-Easy/0.0.0/210d026faf9955653af8916fad021475a3f00453 (last modified on Wed Sep 23 01:55:10 2026).
{"task": "arc_easy", "train": 1780, "development": 461, "unusable": 0, "dropped_official_overlap": 10, "train_from_development": 456, "dropped_development_overlap": 5}
Using the latest cached version of the dataset since allenai/ai2_arc couldn't be found on the Hugging Face Hub (offline mode is enabled).
Found the latest cached dataset configuration 'ARC-Challenge' at /data/shared/hf_cache/datasets/allenai___ai2_arc/ARC-Challenge/0.0.0/210d026faf9955653af8916fad021475a3f00453 (last modified on Tue Sep 29 16:09:52 2026).
{"task": "arc_challenge", "train": 872, "development": 246, "unusable": 0, "dropped_official_overlap": 1, "train_from_development": 245, "dropped_development_overlap": 1}
{"task": "piqa", "train": 12460, "development": 3177, "unusable": 0, "dropped_official_overlap": 476, "train_from_development": 3067, "dropped_development_overlap": 110}
Using the latest cached version of the dataset since allenai/winogrande couldn't be found on the Hugging Face Hub (offline mode is enabled).
Found the latest cached dataset configuration 'winogrande_xl' at /data/shared/hf_cache/datasets/allenai___winogrande/winogrande_xl/0.0.0/01e74176c63542e6b0bcb004dcdea22d94fb67b5 (last modified on Wed Sep 23 01:55:21 2026).
{"task": "winogrande", "train": 32324, "development": 8074, "unusable": 0, "dropped_official_overlap": 0, "train_from_development": 8074, "dropped_development_overlap": 0}
