Loading weights:   0%|          | 0/110 [00:00<?, ?it/s]Loading weights: 100%|██████████| 110/110 [00:00<00:00, 9458.83it/s]
{"time": "2026-10-01T05:20:46.951010+00:00", "event": "soup_ingredient_scored", "soup": "all", "export": "v2/runs/task_tune_lr2e-5_r0.5/epoch_1/export", "half_a_acc": 0.5038439011879237}
{"time": "2026-10-01T05:20:55.705375+00:00", "event": "soup_ingredient_scored", "soup": "all", "export": "v2/runs/task_tune_lr2e-5_r0.5/epoch_2/export", "half_a_acc": 0.5170146506208735}
{"time": "2026-10-01T05:21:04.454370+00:00", "event": "soup_ingredient_scored", "soup": "all", "export": "v2/runs/task_tune_lr2e-5_r0.5/epoch_3/export", "half_a_acc": 0.5217933528042578}
{"time": "2026-10-01T05:21:13.208881+00:00", "event": "soup_ingredient_scored", "soup": "all", "export": "v2/runs/task_tune_lr2e-5_r0.7/epoch_1/export", "half_a_acc": 0.49737611902379564}
{"time": "2026-10-01T05:21:22.193173+00:00", "event": "soup_ingredient_scored", "soup": "all", "export": "v2/runs/task_tune_lr2e-5_r0.7/epoch_2/export", "half_a_acc": 0.5143407714004087}
{"time": "2026-10-01T05:21:30.946821+00:00", "event": "soup_ingredient_scored", "soup": "all", "export": "v2/runs/task_tune_lr2e-5_r0.7/epoch_3/export", "half_a_acc": 0.5192366227742441}
{"time": "2026-10-01T05:21:39.679041+00:00", "event": "soup_ingredient_scored", "soup": "all", "export": "v2/runs/task_tune_lr1e-5_r0.5_rerun/epoch_1/export", "half_a_acc": 0.4927442581291289}
{"time": "2026-10-01T05:21:48.413553+00:00", "event": "soup_ingredient_scored", "soup": "all", "export": "v2/runs/task_tune_lr1e-5_r0.5_rerun/epoch_2/export", "half_a_acc": 0.5043775784343785}
{"time": "2026-10-01T05:21:57.153480+00:00", "event": "soup_ingredient_scored", "soup": "all", "export": "v2/runs/task_tune_lr1e-5_r0.5_rerun/epoch_3/export", "half_a_acc": 0.5096440333210189}
{"time": "2026-10-01T05:22:06.134199+00:00", "event": "soup_ingredient_scored", "soup": "all", "export": "v2/runs/round2_lr2e-5_e6/epoch_1/export", "half_a_acc": 0.5031452621949308}
{"time": "2026-10-01T05:22:14.878605+00:00", "event": "soup_ingredient_scored", "soup": "all", "export": "v2/runs/round2_lr2e-5_e6/epoch_2/export", "half_a_acc": 0.5224556566618574}
{"time": "2026-10-01T05:22:23.630073+00:00", "event": "soup_ingredient_scored", "soup": "all", "export": "v2/runs/round2_lr2e-5_e6/epoch_3/export", "half_a_acc": 0.5344979435962641}
{"time": "2026-10-01T05:22:32.385736+00:00", "event": "soup_ingredient_scored", "soup": "all", "export": "v2/runs/round2_lr2e-5_e6/epoch_4/export", "half_a_acc": 0.5429811248424341}
{"time": "2026-10-01T05:22:41.114029+00:00", "event": "soup_ingredient_scored", "soup": "all", "export": "v2/runs/round2_lr2e-5_e6/epoch_5/export", "half_a_acc": 0.5453776332897249}
{"time": "2026-10-01T05:22:50.065043+00:00", "event": "soup_ingredient_scored", "soup": "all", "export": "v2/runs/round2_lr2e-5_e6/epoch_6/export", "half_a_acc": 0.546703336513773}
{"time": "2026-10-01T05:22:58.817425+00:00", "event": "soup_ingredient_scored", "soup": "all", "export": "v2/runs/round2_lr4e-5_e3/epoch_1/export", "half_a_acc": 0.5178892318516557}
{"time": "2026-10-01T05:23:07.569128+00:00", "event": "soup_ingredient_scored", "soup": "all", "export": "v2/runs/round2_lr4e-5_e3/epoch_2/export", "half_a_acc": 0.5529905676471066}
{"time": "2026-10-01T05:23:16.325846+00:00", "event": "soup_ingredient_scored", "soup": "all", "export": "v2/runs/round2_lr4e-5_e3/epoch_3/export", "half_a_acc": 0.553147619797195}
{"time": "2026-10-01T05:23:24.938809+00:00", "event": "soup_step", "soup": "all", "export": "v2/runs/round2_lr4e-5_e3/epoch_3/export", "trial_half_a_acc": 0.553147619797195, "kept": true}
{"time": "2026-10-01T05:23:33.811657+00:00", "event": "soup_step", "soup": "all", "export": "v2/runs/round2_lr4e-5_e3/epoch_2/export", "trial_half_a_acc": 0.5516163913172664, "kept": false}
{"time": "2026-10-01T05:23:42.421319+00:00", "event": "soup_step", "soup": "all", "export": "v2/runs/round2_lr2e-5_e6/epoch_6/export", "trial_half_a_acc": 0.5500713555979251, "kept": false}
{"time": "2026-10-01T05:23:50.997072+00:00", "event": "soup_step", "soup": "all", "export": "v2/runs/round2_lr2e-5_e6/epoch_5/export", "trial_half_a_acc": 0.5534714442924626, "kept": true}
{"time": "2026-10-01T05:23:59.568595+00:00", "event": "soup_step", "soup": "all", "export": "v2/runs/round2_lr2e-5_e6/epoch_4/export", "trial_half_a_acc": 0.5518552756170144, "kept": false}
{"time": "2026-10-01T05:24:08.169860+00:00", "event": "soup_step", "soup": "all", "export": "v2/runs/round2_lr2e-5_e6/epoch_3/export", "trial_half_a_acc": 0.5449038123500041, "kept": false}
{"time": "2026-10-01T05:24:16.728697+00:00", "event": "soup_step", "soup": "all", "export": "v2/runs/round2_lr2e-5_e6/epoch_2/export", "trial_half_a_acc": 0.539683949986479, "kept": false}
{"time": "2026-10-01T05:24:25.518486+00:00", "event": "soup_step", "soup": "all", "export": "v2/runs/task_tune_lr2e-5_r0.5/epoch_3/export", "trial_half_a_acc": 0.5396764747656482, "kept": false}
{"time": "2026-10-01T05:24:34.077662+00:00", "event": "soup_step", "soup": "all", "export": "v2/runs/task_tune_lr2e-5_r0.7/epoch_3/export", "trial_half_a_acc": 0.5393873384273947, "kept": false}
{"time": "2026-10-01T05:24:42.655248+00:00", "event": "soup_step", "soup": "all", "export": "v2/runs/round2_lr4e-5_e3/epoch_1/export", "trial_half_a_acc": 0.5472052391409151, "kept": false}
{"time": "2026-10-01T05:24:51.227349+00:00", "event": "soup_step", "soup": "all", "export": "v2/runs/task_tune_lr2e-5_r0.5/epoch_2/export", "trial_half_a_acc": 0.5387642292863264, "kept": false}
{"time": "2026-10-01T05:24:59.803248+00:00", "event": "soup_step", "soup": "all", "export": "v2/runs/task_tune_lr2e-5_r0.7/epoch_2/export", "trial_half_a_acc": 0.5389754111506602, "kept": false}
{"time": "2026-10-01T05:25:08.646631+00:00", "event": "soup_step", "soup": "all", "export": "v2/runs/task_tune_lr1e-5_r0.5_rerun/epoch_3/export", "trial_half_a_acc": 0.5328456188496333, "kept": false}
{"time": "2026-10-01T05:25:17.232816+00:00", "event": "soup_step", "soup": "all", "export": "v2/runs/task_tune_lr1e-5_r0.5_rerun/epoch_2/export", "trial_half_a_acc": 0.5330340869070891, "kept": false}
{"time": "2026-10-01T05:25:25.787650+00:00", "event": "soup_step", "soup": "all", "export": "v2/runs/task_tune_lr2e-5_r0.5/epoch_1/export", "trial_half_a_acc": 0.5395982866874304, "kept": false}
{"time": "2026-10-01T05:25:34.353949+00:00", "event": "soup_step", "soup": "all", "export": "v2/runs/round2_lr2e-5_e6/epoch_1/export", "trial_half_a_acc": 0.5416093651208529, "kept": false}
{"time": "2026-10-01T05:25:43.167783+00:00", "event": "soup_step", "soup": "all", "export": "v2/runs/task_tune_lr2e-5_r0.7/epoch_1/export", "trial_half_a_acc": 0.5368880252216968, "kept": false}
{"time": "2026-10-01T05:25:51.739557+00:00", "event": "soup_step", "soup": "all", "export": "v2/runs/task_tune_lr1e-5_r0.5_rerun/epoch_1/export", "trial_half_a_acc": 0.5344209681208063, "kept": false}
Writing model shards:   0%|          | 0/1 [00:00<?, ?it/s]Writing model shards: 100%|██████████| 1/1 [00:00<00:00,  9.57it/s]Writing model shards: 100%|██████████| 1/1 [00:00<00:00,  9.56it/s]
{"time": "2026-10-01T05:25:52.052062+00:00", "event": "soup_built", "soup": "all", "members": 2, "half_a_acc": 0.5534714442924626, "sha256": "2b83f8d564cfcf14e3da3453899c7c6f4955ca19fcb73816dc2fccc454eeffc1"}
