Loading weights:   0%|          | 0/110 [00:00<?, ?it/s]Loading weights: 100%|██████████| 110/110 [00:00<00:00, 9009.97it/s]
{"time": "2026-10-01T04:51:30.501438+00:00", "event": "started", "total_updates": 7449, "updates_per_epoch": 2483, "train_items": 79425}
/data/team_a/dave-workspace/Global Innovation Build Challenge V2/src/scglm_v2/task_tune.py:296: UserWarning: Converting a tensor with requires_grad=True to a scalar may lead to unexpected behavior.
Consider using tensor.detach() first. (Triggered internally at /pytorch/torch/csrc/autograd/generated/python_variable_methods.cpp:836.)
  event(log, "train", step=step, epoch=epoch, lr=lr, loss=float(loss),
{"time": "2026-10-01T04:51:31.239849+00:00", "event": "train", "step": 1, "epoch": 1, "lr": 2.666666666666667e-06, "loss": 3.12475848197937, "choice_ce": 1.6880710124969482, "gold_lm": 3.180330991744995, "replay_lm": 2.971280574798584, "batch_accuracy": 0.46875, "gradient_norm": 6.491835117340088}
{"time": "2026-10-01T04:51:38.916234+00:00", "event": "train", "step": 50, "epoch": 1, "lr": 3.981167608286253e-05, "loss": 2.998711585998535, "choice_ce": 1.450282096862793, "gold_lm": 3.0518085956573486, "replay_lm": 3.0212368965148926, "batch_accuracy": 0.4375, "gradient_norm": 4.947519302368164}
{"time": "2026-10-01T04:51:46.882010+00:00", "event": "train", "step": 100, "epoch": 1, "lr": 3.9542641915523274e-05, "loss": 2.7842860221862793, "choice_ce": 1.3223755359649658, "gold_lm": 2.8483097553253174, "replay_lm": 2.8220415115356445, "batch_accuracy": 0.59375, "gradient_norm": 4.937695503234863}
{"time": "2026-10-01T04:51:54.624440+00:00", "event": "train", "step": 150, "epoch": 1, "lr": 3.927360774818402e-05, "loss": 3.3050246238708496, "choice_ce": 2.1775307655334473, "gold_lm": 3.0127463340759277, "replay_lm": 2.926145553588867, "batch_accuracy": 0.40625, "gradient_norm": 6.639066219329834}
{"time": "2026-10-01T04:52:02.337222+00:00", "event": "train", "step": 200, "epoch": 1, "lr": 3.900457358084477e-05, "loss": 2.75907826423645, "choice_ce": 1.0593489408493042, "gold_lm": 3.0073070526123047, "replay_lm": 2.9551539421081543, "batch_accuracy": 0.46875, "gradient_norm": 4.2343668937683105}
{"time": "2026-10-01T04:52:10.297528+00:00", "event": "train", "step": 250, "epoch": 1, "lr": 3.8735539413505515e-05, "loss": 2.6746034622192383, "choice_ce": 0.9691365957260132, "gold_lm": 2.9955594539642334, "replay_lm": 2.882290840148926, "batch_accuracy": 0.46875, "gradient_norm": 5.3176350593566895}
{"time": "2026-10-01T04:52:18.115389+00:00", "event": "train", "step": 300, "epoch": 1, "lr": 3.846650524616627e-05, "loss": 3.033172130584717, "choice_ce": 1.6384614706039429, "gold_lm": 2.8786261081695557, "replay_lm": 2.988569736480713, "batch_accuracy": 0.375, "gradient_norm": 5.763836860656738}
{"time": "2026-10-01T04:52:25.863247+00:00", "event": "train", "step": 350, "epoch": 1, "lr": 3.8197471078827016e-05, "loss": 2.888211250305176, "choice_ce": 1.4105336666107178, "gold_lm": 2.9699134826660156, "replay_lm": 2.880931854248047, "batch_accuracy": 0.53125, "gradient_norm": 6.978264808654785}
{"time": "2026-10-01T04:52:33.642666+00:00", "event": "train", "step": 400, "epoch": 1, "lr": 3.792843691148776e-05, "loss": 3.021810531616211, "choice_ce": 1.4401485919952393, "gold_lm": 3.0106616020202637, "replay_lm": 3.09814190864563, "batch_accuracy": 0.46875, "gradient_norm": 6.684330940246582}
{"time": "2026-10-01T04:52:41.536688+00:00", "event": "train", "step": 450, "epoch": 1, "lr": 3.765940274414851e-05, "loss": 3.082933187484741, "choice_ce": 1.5830318927764893, "gold_lm": 2.8707382678985596, "replay_lm": 3.147465229034424, "batch_accuracy": 0.4375, "gradient_norm": 6.244675636291504}
{"time": "2026-10-01T04:52:49.210376+00:00", "event": "train", "step": 500, "epoch": 1, "lr": 3.739036857680926e-05, "loss": 2.6304879188537598, "choice_ce": 0.8859599828720093, "gold_lm": 2.860828399658203, "replay_lm": 2.944601535797119, "batch_accuracy": 0.625, "gradient_norm": 4.960719108581543}
{"time": "2026-10-01T04:52:57.002907+00:00", "event": "train", "step": 550, "epoch": 1, "lr": 3.7121334409470004e-05, "loss": 2.8003127574920654, "choice_ce": 1.318962812423706, "gold_lm": 2.880204677581787, "replay_lm": 2.8415603637695312, "batch_accuracy": 0.5, "gradient_norm": 5.534097194671631}
{"time": "2026-10-01T04:53:04.787990+00:00", "event": "train", "step": 600, "epoch": 1, "lr": 3.685230024213075e-05, "loss": 2.7230188846588135, "choice_ce": 1.0820039510726929, "gold_lm": 2.816683053970337, "replay_lm": 2.9556922912597656, "batch_accuracy": 0.5625, "gradient_norm": 5.133918285369873}
{"time": "2026-10-01T04:53:12.497778+00:00", "event": "train", "step": 650, "epoch": 1, "lr": 3.6583266074791504e-05, "loss": 2.860734462738037, "choice_ce": 1.0188010931015015, "gold_lm": 3.0778229236602783, "replay_lm": 3.1637566089630127, "batch_accuracy": 0.5, "gradient_norm": 5.3056464195251465}
{"time": "2026-10-01T04:53:20.280120+00:00", "event": "train", "step": 700, "epoch": 1, "lr": 3.631423190745225e-05, "loss": 2.5758743286132812, "choice_ce": 0.9756903648376465, "gold_lm": 2.664047956466675, "replay_lm": 2.84403395652771, "batch_accuracy": 0.46875, "gradient_norm": 5.241178512573242}
{"time": "2026-10-01T04:53:28.103702+00:00", "event": "train", "step": 750, "epoch": 1, "lr": 3.6045197740113e-05, "loss": 3.109893321990967, "choice_ce": 1.818847417831421, "gold_lm": 2.7956902980804443, "replay_lm": 3.00309419631958, "batch_accuracy": 0.375, "gradient_norm": 6.415569305419922}
{"time": "2026-10-01T04:53:35.907162+00:00", "event": "train", "step": 800, "epoch": 1, "lr": 3.5776163572773745e-05, "loss": 2.7189955711364746, "choice_ce": 0.9622634053230286, "gold_lm": 2.552513837814331, "replay_lm": 3.1994707584381104, "batch_accuracy": 0.53125, "gradient_norm": 4.360944747924805}
{"time": "2026-10-01T04:53:43.723827+00:00", "event": "train", "step": 850, "epoch": 1, "lr": 3.550712940543449e-05, "loss": 2.8384389877319336, "choice_ce": 1.1760990619659424, "gold_lm": 3.0575761795043945, "replay_lm": 2.9719905853271484, "batch_accuracy": 0.4375, "gradient_norm": 5.063711643218994}
{"time": "2026-10-01T04:53:51.570195+00:00", "event": "train", "step": 900, "epoch": 1, "lr": 3.523809523809524e-05, "loss": 2.7707276344299316, "choice_ce": 1.1722760200500488, "gold_lm": 2.7795257568359375, "replay_lm": 2.9794163703918457, "batch_accuracy": 0.5, "gradient_norm": 4.58915376663208}
{"time": "2026-10-01T04:53:59.250907+00:00", "event": "train", "step": 950, "epoch": 1, "lr": 3.496906107075599e-05, "loss": 2.8577661514282227, "choice_ce": 1.088879108428955, "gold_lm": 2.9302585124969482, "replay_lm": 3.1615235805511475, "batch_accuracy": 0.625, "gradient_norm": 5.332330226898193}
{"time": "2026-10-01T04:54:06.954067+00:00", "event": "train", "step": 1000, "epoch": 1, "lr": 3.470002690341674e-05, "loss": 2.892622232437134, "choice_ce": 1.3181401491165161, "gold_lm": 2.770843267440796, "replay_lm": 3.0816826820373535, "batch_accuracy": 0.375, "gradient_norm": 8.271632194519043}
{"time": "2026-10-01T04:54:14.740813+00:00", "event": "train", "step": 1050, "epoch": 1, "lr": 3.443099273607749e-05, "loss": 2.625169515609741, "choice_ce": 0.9642163515090942, "gold_lm": 2.9859695434570312, "replay_lm": 2.793138027191162, "batch_accuracy": 0.65625, "gradient_norm": 5.153365612030029}
{"time": "2026-10-01T04:54:22.545033+00:00", "event": "train", "step": 1100, "epoch": 1, "lr": 3.4161958568738234e-05, "loss": 2.7246346473693848, "choice_ce": 0.9320546388626099, "gold_lm": 2.8190507888793945, "replay_lm": 3.107689142227173, "batch_accuracy": 0.4375, "gradient_norm": 5.203994274139404}
{"time": "2026-10-01T04:54:30.346466+00:00", "event": "train", "step": 1150, "epoch": 1, "lr": 3.389292440139898e-05, "loss": 3.177367925643921, "choice_ce": 1.3969836235046387, "gold_lm": 2.9942626953125, "replay_lm": 3.460620880126953, "batch_accuracy": 0.25, "gradient_norm": 5.754528522491455}
{"time": "2026-10-01T04:54:38.276067+00:00", "event": "train", "step": 1200, "epoch": 1, "lr": 3.362389023405973e-05, "loss": 2.6379711627960205, "choice_ce": 0.8905926942825317, "gold_lm": 2.843228816986084, "replay_lm": 2.9637351036071777, "batch_accuracy": 0.5625, "gradient_norm": 4.892021656036377}
{"time": "2026-10-01T04:54:46.123265+00:00", "event": "train", "step": 1250, "epoch": 1, "lr": 3.3354856066720475e-05, "loss": 2.8245949745178223, "choice_ce": 1.2041168212890625, "gold_lm": 2.915889263153076, "replay_lm": 2.987128734588623, "batch_accuracy": 0.59375, "gradient_norm": 6.095861911773682}
{"time": "2026-10-01T04:54:54.089252+00:00", "event": "train", "step": 1300, "epoch": 1, "lr": 3.308582189938122e-05, "loss": 3.145719289779663, "choice_ce": 1.7484219074249268, "gold_lm": 3.1490139961242676, "replay_lm": 2.9685096740722656, "batch_accuracy": 0.375, "gradient_norm": 6.354783058166504}
{"time": "2026-10-01T04:55:01.877972+00:00", "event": "train", "step": 1350, "epoch": 1, "lr": 3.2816787732041975e-05, "loss": 2.615201473236084, "choice_ce": 0.9079492092132568, "gold_lm": 2.9465997219085693, "replay_lm": 2.849153995513916, "batch_accuracy": 0.46875, "gradient_norm": 5.095633029937744}
{"time": "2026-10-01T04:55:09.562558+00:00", "event": "train", "step": 1400, "epoch": 1, "lr": 3.2547753564702715e-05, "loss": 2.970551013946533, "choice_ce": 1.111668348312378, "gold_lm": 2.847374200820923, "replay_lm": 3.4057464599609375, "batch_accuracy": 0.28125, "gradient_norm": 6.315915584564209}
{"time": "2026-10-01T04:55:17.366193+00:00", "event": "train", "step": 1450, "epoch": 1, "lr": 3.227871939736347e-05, "loss": 3.176844596862793, "choice_ce": 1.9008527994155884, "gold_lm": 2.8545193672180176, "replay_lm": 3.02557635307312, "batch_accuracy": 0.34375, "gradient_norm": 8.833028793334961}
{"time": "2026-10-01T04:55:25.357313+00:00", "event": "train", "step": 1500, "epoch": 1, "lr": 3.2009685230024216e-05, "loss": 2.8840103149414062, "choice_ce": 1.158942461013794, "gold_lm": 2.931100845336914, "replay_lm": 3.1435279846191406, "batch_accuracy": 0.4375, "gradient_norm": 6.798664093017578}
{"time": "2026-10-01T04:55:33.048910+00:00", "event": "train", "step": 1550, "epoch": 1, "lr": 3.174065106268496e-05, "loss": 2.954794406890869, "choice_ce": 1.2887580394744873, "gold_lm": 2.943589448928833, "replay_lm": 3.149036169052124, "batch_accuracy": 0.4375, "gradient_norm": 5.6756157875061035}
{"time": "2026-10-01T04:55:40.711749+00:00", "event": "train", "step": 1600, "epoch": 1, "lr": 3.147161689534571e-05, "loss": 2.700688123703003, "choice_ce": 1.207430362701416, "gold_lm": 2.8475396633148193, "replay_lm": 2.7701759338378906, "batch_accuracy": 0.5, "gradient_norm": 6.759976863861084}
{"time": "2026-10-01T04:55:48.361485+00:00", "event": "train", "step": 1650, "epoch": 1, "lr": 3.1202582728006464e-05, "loss": 3.094555616378784, "choice_ce": 1.1450471878051758, "gold_lm": 2.9415066242218018, "replay_lm": 3.5733108520507812, "batch_accuracy": 0.46875, "gradient_norm": 5.309002876281738}
{"time": "2026-10-01T04:55:56.054608+00:00", "event": "train", "step": 1700, "epoch": 1, "lr": 3.0933548560667204e-05, "loss": 2.629633903503418, "choice_ce": 0.7774273157119751, "gold_lm": 2.743105173110962, "replay_lm": 3.110287666320801, "batch_accuracy": 0.59375, "gradient_norm": 4.538381099700928}
{"time": "2026-10-01T04:56:03.832393+00:00", "event": "train", "step": 1750, "epoch": 1, "lr": 3.066451439332796e-05, "loss": 2.6961007118225098, "choice_ce": 0.9500349760055542, "gold_lm": 2.811318874359131, "replay_lm": 3.0365071296691895, "batch_accuracy": 0.5625, "gradient_norm": 4.644032955169678}
{"time": "2026-10-01T04:56:11.559527+00:00", "event": "train", "step": 1800, "epoch": 1, "lr": 3.0395480225988705e-05, "loss": 2.800081253051758, "choice_ce": 0.8732067346572876, "gold_lm": 2.8260462284088135, "replay_lm": 3.3139328956604004, "batch_accuracy": 0.625, "gradient_norm": 4.993764877319336}
{"time": "2026-10-01T04:56:19.605991+00:00", "event": "train", "step": 1850, "epoch": 1, "lr": 3.012644605864945e-05, "loss": 2.9517712593078613, "choice_ce": 1.279358983039856, "gold_lm": 2.9068193435668945, "replay_lm": 3.170774221420288, "batch_accuracy": 0.375, "gradient_norm": 6.930760860443115}
{"time": "2026-10-01T04:56:27.248667+00:00", "event": "train", "step": 1900, "epoch": 1, "lr": 2.98574118913102e-05, "loss": 2.8043718338012695, "choice_ce": 1.1468234062194824, "gold_lm": 2.9140050411224365, "replay_lm": 3.004917860031128, "batch_accuracy": 0.4375, "gradient_norm": 6.363687992095947}
{"time": "2026-10-01T04:56:34.994565+00:00", "event": "train", "step": 1950, "epoch": 1, "lr": 2.958837772397095e-05, "loss": 2.827026128768921, "choice_ce": 1.2923258543014526, "gold_lm": 2.84895920753479, "replay_lm": 2.937246799468994, "batch_accuracy": 0.40625, "gradient_norm": 7.122777938842773}
{"time": "2026-10-01T04:56:42.752981+00:00", "event": "train", "step": 2000, "epoch": 1, "lr": 2.9319343556631696e-05, "loss": 2.6783487796783447, "choice_ce": 1.0373759269714355, "gold_lm": 2.885955810546875, "replay_lm": 2.8763437271118164, "batch_accuracy": 0.5, "gradient_norm": 6.626027584075928}
{"time": "2026-10-01T04:56:50.528294+00:00", "event": "train", "step": 2050, "epoch": 1, "lr": 2.905030938929244e-05, "loss": 2.7327892780303955, "choice_ce": 1.3403410911560059, "gold_lm": 2.8266661167144775, "replay_lm": 2.711904525756836, "batch_accuracy": 0.59375, "gradient_norm": 6.356682777404785}
{"time": "2026-10-01T04:56:58.236480+00:00", "event": "train", "step": 2100, "epoch": 1, "lr": 2.8781275221953193e-05, "loss": 2.8387675285339355, "choice_ce": 1.35984206199646, "gold_lm": 2.6549031734466553, "replay_lm": 2.990241765975952, "batch_accuracy": 0.53125, "gradient_norm": 6.312491416931152}
{"time": "2026-10-01T04:57:05.941510+00:00", "event": "train", "step": 2150, "epoch": 1, "lr": 2.8512241054613937e-05, "loss": 2.684251308441162, "choice_ce": 1.0341280698776245, "gold_lm": 2.742920398712158, "replay_lm": 2.96291446685791, "batch_accuracy": 0.375, "gradient_norm": 5.99071741104126}
{"time": "2026-10-01T04:57:13.892674+00:00", "event": "train", "step": 2200, "epoch": 1, "lr": 2.8243206887274684e-05, "loss": 2.613637924194336, "choice_ce": 0.9171410202980042, "gold_lm": 2.7553274631500244, "replay_lm": 2.9324710369110107, "batch_accuracy": 0.5625, "gradient_norm": 4.734235763549805}
{"time": "2026-10-01T04:57:21.649470+00:00", "event": "train", "step": 2250, "epoch": 1, "lr": 2.7974172719935437e-05, "loss": 2.7831389904022217, "choice_ce": 1.2311210632324219, "gold_lm": 3.0000905990600586, "replay_lm": 2.835111618041992, "batch_accuracy": 0.53125, "gradient_norm": 6.918795108795166}
{"time": "2026-10-01T04:57:29.564213+00:00", "event": "train", "step": 2300, "epoch": 1, "lr": 2.770513855259618e-05, "loss": 2.661956787109375, "choice_ce": 0.9275377988815308, "gold_lm": 2.9021191596984863, "replay_lm": 2.9453163146972656, "batch_accuracy": 0.625, "gradient_norm": 5.36466646194458}
{"time": "2026-10-01T04:57:37.197245+00:00", "event": "train", "step": 2350, "epoch": 1, "lr": 2.7436104385256928e-05, "loss": 2.496425151824951, "choice_ce": 0.845702052116394, "gold_lm": 2.8202545642852783, "replay_lm": 2.737020969390869, "batch_accuracy": 0.71875, "gradient_norm": 5.158029079437256}
{"time": "2026-10-01T04:57:44.928871+00:00", "event": "train", "step": 2400, "epoch": 1, "lr": 2.7167070217917678e-05, "loss": 2.8115735054016113, "choice_ce": 1.18675696849823, "gold_lm": 2.899958610534668, "replay_lm": 2.9864108562469482, "batch_accuracy": 0.59375, "gradient_norm": 5.222831726074219}
{"time": "2026-10-01T04:57:52.705357+00:00", "event": "train", "step": 2450, "epoch": 1, "lr": 2.6898036050578425e-05, "loss": 2.902942419052124, "choice_ce": 0.9483791589736938, "gold_lm": 2.9067842960357666, "replay_lm": 3.404113531112671, "batch_accuracy": 0.5, "gradient_norm": 6.044984817504883}
Writing model shards:   0%|          | 0/1 [00:00<?, ?it/s]Writing model shards: 100%|██████████| 1/1 [00:00<00:00,  5.39it/s]Writing model shards: 100%|██████████| 1/1 [00:00<00:00,  5.38it/s]
{"time": "2026-10-01T04:57:58.033176+00:00", "event": "export", "epoch": 1, "step": 2483, "path": "/data/team_a/dave-workspace/Global Innovation Build Challenge V2/v2/runs/round2_lr4e-5_e3/epoch_1/export", "model_sha256": "02fbdbf217d3fc84c696a75fd1d8d34e8bba762ef7c20d9e683647825d2869fe"}
{"time": "2026-10-01T04:58:00.660723+00:00", "event": "train", "step": 2500, "epoch": 2, "lr": 2.6629001883239172e-05, "loss": 2.782933235168457, "choice_ce": 0.7361482977867126, "gold_lm": 2.6674225330352783, "replay_lm": 3.496006727218628, "batch_accuracy": 0.8125, "gradient_norm": 4.169445514678955}
{"time": "2026-10-01T04:58:08.369142+00:00", "event": "train", "step": 2550, "epoch": 2, "lr": 2.6359967715899922e-05, "loss": 2.5159924030303955, "choice_ce": 0.6722715497016907, "gold_lm": 2.7651102542877197, "replay_lm": 2.9771580696105957, "batch_accuracy": 0.71875, "gradient_norm": 5.065108299255371}
{"time": "2026-10-01T04:58:16.174731+00:00", "event": "train", "step": 2600, "epoch": 2, "lr": 2.609093354856067e-05, "loss": 2.4555892944335938, "choice_ce": 0.7316495180130005, "gold_lm": 2.744980812072754, "replay_lm": 2.8070387840270996, "batch_accuracy": 0.6875, "gradient_norm": 5.8569793701171875}
{"time": "2026-10-01T04:58:23.845859+00:00", "event": "train", "step": 2650, "epoch": 2, "lr": 2.5821899381221416e-05, "loss": 2.432826519012451, "choice_ce": 0.6394322514533997, "gold_lm": 2.709216833114624, "replay_lm": 2.871612071990967, "batch_accuracy": 0.75, "gradient_norm": 3.830186605453491}
{"time": "2026-10-01T04:58:31.493631+00:00", "event": "train", "step": 2700, "epoch": 2, "lr": 2.5552865213882167e-05, "loss": 2.5967555046081543, "choice_ce": 0.6567427515983582, "gold_lm": 2.653862237930298, "replay_lm": 3.2098371982574463, "batch_accuracy": 0.65625, "gradient_norm": 4.922031402587891}
{"time": "2026-10-01T04:58:39.433466+00:00", "event": "train", "step": 2750, "epoch": 2, "lr": 2.5283831046542914e-05, "loss": 2.48655366897583, "choice_ce": 0.661125659942627, "gold_lm": 2.6171669960021973, "replay_lm": 3.0033981800079346, "batch_accuracy": 0.75, "gradient_norm": 4.459982395172119}
{"time": "2026-10-01T04:58:47.245376+00:00", "event": "train", "step": 2800, "epoch": 2, "lr": 2.501479687920366e-05, "loss": 2.4678425788879395, "choice_ce": 0.6732268333435059, "gold_lm": 2.6644530296325684, "replay_lm": 2.930231809616089, "batch_accuracy": 0.75, "gradient_norm": 4.11553430557251}
{"time": "2026-10-01T04:58:55.062204+00:00", "event": "train", "step": 2850, "epoch": 2, "lr": 2.474576271186441e-05, "loss": 2.6580119132995605, "choice_ce": 0.6175192594528198, "gold_lm": 2.731929063796997, "replay_lm": 3.3325400352478027, "batch_accuracy": 0.78125, "gradient_norm": 4.50568151473999}
{"time": "2026-10-01T04:59:02.846296+00:00", "event": "train", "step": 2900, "epoch": 2, "lr": 2.4476728544525158e-05, "loss": 2.425924062728882, "choice_ce": 0.5437880754470825, "gold_lm": 2.662135601043701, "replay_lm": 2.976992130279541, "batch_accuracy": 0.625, "gradient_norm": 4.448443412780762}
{"time": "2026-10-01T04:59:10.683702+00:00", "event": "train", "step": 2950, "epoch": 2, "lr": 2.4207694377185905e-05, "loss": 2.4676456451416016, "choice_ce": 0.5555940866470337, "gold_lm": 2.675915002822876, "replay_lm": 3.0417399406433105, "batch_accuracy": 0.8125, "gradient_norm": 6.019758701324463}
{"time": "2026-10-01T04:59:18.533538+00:00", "event": "train", "step": 3000, "epoch": 2, "lr": 2.393866020984665e-05, "loss": 2.5765745639801025, "choice_ce": 0.7224233150482178, "gold_lm": 2.7068512439727783, "replay_lm": 3.0773000717163086, "batch_accuracy": 0.65625, "gradient_norm": 5.271193981170654}
{"time": "2026-10-01T04:59:26.340187+00:00", "event": "train", "step": 3050, "epoch": 2, "lr": 2.3669626042507402e-05, "loss": 2.6368765830993652, "choice_ce": 0.7923873662948608, "gold_lm": 2.799734354019165, "replay_lm": 3.081498861312866, "batch_accuracy": 0.78125, "gradient_norm": 6.727319717407227}
{"time": "2026-10-01T04:59:34.145350+00:00", "event": "train", "step": 3100, "epoch": 2, "lr": 2.340059187516815e-05, "loss": 2.5264809131622314, "choice_ce": 0.6999262571334839, "gold_lm": 2.7557735443115234, "replay_lm": 2.9751486778259277, "batch_accuracy": 0.65625, "gradient_norm": 4.035558223724365}
{"time": "2026-10-01T04:59:42.105276+00:00", "event": "train", "step": 3150, "epoch": 2, "lr": 2.3131557707828893e-05, "loss": 2.5794448852539062, "choice_ce": 0.6642144918441772, "gold_lm": 2.6629364490509033, "replay_lm": 3.1632070541381836, "batch_accuracy": 0.6875, "gradient_norm": 4.498317241668701}
{"time": "2026-10-01T04:59:49.937201+00:00", "event": "train", "step": 3200, "epoch": 2, "lr": 2.2862523540489646e-05, "loss": 2.7600576877593994, "choice_ce": 1.05873441696167, "gold_lm": 2.610584020614624, "replay_lm": 3.1560888290405273, "batch_accuracy": 0.65625, "gradient_norm": 5.742352485656738}
{"time": "2026-10-01T04:59:57.711261+00:00", "event": "train", "step": 3250, "epoch": 2, "lr": 2.2593489373150393e-05, "loss": 2.3446848392486572, "choice_ce": 0.5306453704833984, "gold_lm": 2.518826961517334, "replay_lm": 2.899310827255249, "batch_accuracy": 0.84375, "gradient_norm": 4.371852874755859}
{"time": "2026-10-01T05:00:05.489431+00:00", "event": "train", "step": 3300, "epoch": 2, "lr": 2.2324455205811137e-05, "loss": 2.4544410705566406, "choice_ce": 0.5354054570198059, "gold_lm": 2.7078871726989746, "replay_lm": 3.019533395767212, "batch_accuracy": 0.8125, "gradient_norm": 4.041190147399902}
{"time": "2026-10-01T05:00:13.179331+00:00", "event": "train", "step": 3350, "epoch": 2, "lr": 2.2055421038471887e-05, "loss": 2.442579984664917, "choice_ce": 0.7202298641204834, "gold_lm": 2.613091468811035, "replay_lm": 2.858384370803833, "batch_accuracy": 0.71875, "gradient_norm": 5.537441730499268}
{"time": "2026-10-01T05:00:20.839094+00:00", "event": "train", "step": 3400, "epoch": 2, "lr": 2.1786386871132638e-05, "loss": 2.369152545928955, "choice_ce": 0.6881935596466064, "gold_lm": 2.609797477722168, "replay_lm": 2.745213031768799, "batch_accuracy": 0.8125, "gradient_norm": 5.946019649505615}
{"time": "2026-10-01T05:00:28.679346+00:00", "event": "train", "step": 3450, "epoch": 2, "lr": 2.151735270379338e-05, "loss": 2.55362606048584, "choice_ce": 0.6704462170600891, "gold_lm": 2.6134862899780273, "replay_lm": 3.130063056945801, "batch_accuracy": 0.78125, "gradient_norm": 4.681407928466797}
{"time": "2026-10-01T05:00:36.518089+00:00", "event": "train", "step": 3500, "epoch": 2, "lr": 2.124831853645413e-05, "loss": 2.6642911434173584, "choice_ce": 0.8654467463493347, "gold_lm": 2.77239727973938, "replay_lm": 3.076936960220337, "batch_accuracy": 0.6875, "gradient_norm": 6.246681213378906}
{"time": "2026-10-01T05:00:44.526795+00:00", "event": "train", "step": 3550, "epoch": 2, "lr": 2.0979284369114882e-05, "loss": 2.3985910415649414, "choice_ce": 0.6508744955062866, "gold_lm": 2.6660897731781006, "replay_lm": 2.813262939453125, "batch_accuracy": 0.625, "gradient_norm": 6.3177666664123535}
{"time": "2026-10-01T05:00:52.261356+00:00", "event": "train", "step": 3600, "epoch": 2, "lr": 2.0710250201775625e-05, "loss": 2.4535436630249023, "choice_ce": 0.7864003777503967, "gold_lm": 2.714022159576416, "replay_lm": 2.763676166534424, "batch_accuracy": 0.59375, "gradient_norm": 4.423407554626465}
{"time": "2026-10-01T05:00:59.909880+00:00", "event": "train", "step": 3650, "epoch": 2, "lr": 2.0441216034436376e-05, "loss": 2.5354866981506348, "choice_ce": 0.6129040718078613, "gold_lm": 2.831317186355591, "replay_lm": 3.0424108505249023, "batch_accuracy": 0.71875, "gradient_norm": 5.003116130828857}
{"time": "2026-10-01T05:01:07.683498+00:00", "event": "train", "step": 3700, "epoch": 2, "lr": 2.0172181867097126e-05, "loss": 2.3547985553741455, "choice_ce": 0.45574718713760376, "gold_lm": 2.6823298931121826, "replay_lm": 2.912684917449951, "batch_accuracy": 0.78125, "gradient_norm": 3.7521238327026367}
{"time": "2026-10-01T05:01:15.359095+00:00", "event": "train", "step": 3750, "epoch": 2, "lr": 1.990314769975787e-05, "loss": 2.519556760787964, "choice_ce": 0.6111205816268921, "gold_lm": 2.8065896034240723, "replay_lm": 3.024698257446289, "batch_accuracy": 0.5, "gradient_norm": 4.9164838790893555}
{"time": "2026-10-01T05:01:23.135047+00:00", "event": "train", "step": 3800, "epoch": 2, "lr": 1.963411353241862e-05, "loss": 2.488403797149658, "choice_ce": 0.6294231414794922, "gold_lm": 2.8006138801574707, "replay_lm": 2.947077751159668, "batch_accuracy": 0.71875, "gradient_norm": 4.649609088897705}
{"time": "2026-10-01T05:01:30.863728+00:00", "event": "train", "step": 3850, "epoch": 2, "lr": 1.9365079365079363e-05, "loss": 2.745985984802246, "choice_ce": 0.9495455622673035, "gold_lm": 2.6358578205108643, "replay_lm": 3.2244973182678223, "batch_accuracy": 0.75, "gradient_norm": 7.734109878540039}
{"time": "2026-10-01T05:01:38.881919+00:00", "event": "train", "step": 3900, "epoch": 2, "lr": 1.9096045197740114e-05, "loss": 2.4783997535705566, "choice_ce": 0.6057485938072205, "gold_lm": 2.7036144733428955, "replay_lm": 2.99924373626709, "batch_accuracy": 0.71875, "gradient_norm": 5.2762451171875}
{"time": "2026-10-01T05:01:46.691454+00:00", "event": "train", "step": 3950, "epoch": 2, "lr": 1.8827011030400864e-05, "loss": 2.4286348819732666, "choice_ce": 0.4798892140388489, "gold_lm": 2.7719640731811523, "replay_lm": 2.991398572921753, "batch_accuracy": 0.90625, "gradient_norm": 4.046238422393799}
{"time": "2026-10-01T05:01:54.519126+00:00", "event": "train", "step": 4000, "epoch": 2, "lr": 1.8557976863061608e-05, "loss": 2.6771860122680664, "choice_ce": 0.7913498878479004, "gold_lm": 2.785773277282715, "replay_lm": 3.170135498046875, "batch_accuracy": 0.6875, "gradient_norm": 5.6887617111206055}
{"time": "2026-10-01T05:02:02.476501+00:00", "event": "train", "step": 4050, "epoch": 2, "lr": 1.8288942695722358e-05, "loss": 2.388092517852783, "choice_ce": 0.49200576543807983, "gold_lm": 2.6748239994049072, "replay_lm": 2.9467673301696777, "batch_accuracy": 0.875, "gradient_norm": 4.429116249084473}
{"time": "2026-10-01T05:02:10.302400+00:00", "event": "train", "step": 4100, "epoch": 2, "lr": 1.801990852838311e-05, "loss": 2.5734238624572754, "choice_ce": 0.9869430065155029, "gold_lm": 2.5855531692504883, "replay_lm": 2.867128372192383, "batch_accuracy": 0.59375, "gradient_norm": 5.364304542541504}
{"time": "2026-10-01T05:02:17.927523+00:00", "event": "train", "step": 4150, "epoch": 2, "lr": 1.7750874361043852e-05, "loss": 2.6558525562286377, "choice_ce": 0.9274962544441223, "gold_lm": 2.753075122833252, "replay_lm": 3.007671356201172, "batch_accuracy": 0.46875, "gradient_norm": 7.988651275634766}
{"time": "2026-10-01T05:02:25.990843+00:00", "event": "train", "step": 4200, "epoch": 2, "lr": 1.7481840193704602e-05, "loss": 2.547924041748047, "choice_ce": 0.7166945934295654, "gold_lm": 2.735792398452759, "replay_lm": 3.0112574100494385, "batch_accuracy": 0.75, "gradient_norm": 5.735238552093506}
{"time": "2026-10-01T05:02:33.818357+00:00", "event": "train", "step": 4250, "epoch": 2, "lr": 1.7212806026365353e-05, "loss": 2.5972347259521484, "choice_ce": 0.7394925951957703, "gold_lm": 2.6104214191436768, "replay_lm": 3.149766445159912, "batch_accuracy": 0.6875, "gradient_norm": 7.501227378845215}
{"time": "2026-10-01T05:02:41.597361+00:00", "event": "train", "step": 4300, "epoch": 2, "lr": 1.6943771859026096e-05, "loss": 2.6091256141662598, "choice_ce": 0.7258930802345276, "gold_lm": 2.8301045894622803, "replay_lm": 3.077305793762207, "batch_accuracy": 0.625, "gradient_norm": 7.176190376281738}
{"time": "2026-10-01T05:02:49.272896+00:00", "event": "train", "step": 4350, "epoch": 2, "lr": 1.6674737691686847e-05, "loss": 2.5898494720458984, "choice_ce": 0.6050138473510742, "gold_lm": 2.6733779907226562, "replay_lm": 3.2379963397979736, "batch_accuracy": 0.8125, "gradient_norm": 4.497707366943359}
{"time": "2026-10-01T05:02:56.977697+00:00", "event": "train", "step": 4400, "epoch": 2, "lr": 1.640570352434759e-05, "loss": 2.450160503387451, "choice_ce": 0.5379245281219482, "gold_lm": 2.7831485271453857, "replay_lm": 2.970822334289551, "batch_accuracy": 0.78125, "gradient_norm": 4.971536159515381}
{"time": "2026-10-01T05:03:04.745205+00:00", "event": "train", "step": 4450, "epoch": 2, "lr": 1.613666935700834e-05, "loss": 2.5425596237182617, "choice_ce": 0.5961021184921265, "gold_lm": 2.768317461013794, "replay_lm": 3.104858636856079, "batch_accuracy": 0.75, "gradient_norm": 6.4957404136657715}
{"time": "2026-10-01T05:03:12.502433+00:00", "event": "train", "step": 4500, "epoch": 2, "lr": 1.586763518966909e-05, "loss": 2.6261096000671387, "choice_ce": 0.7356125712394714, "gold_lm": 2.737332344055176, "replay_lm": 3.147940158843994, "batch_accuracy": 0.65625, "gradient_norm": 6.181116580963135}
{"time": "2026-10-01T05:03:20.213093+00:00", "event": "train", "step": 4550, "epoch": 2, "lr": 1.5598601022329834e-05, "loss": 2.4842207431793213, "choice_ce": 0.6935348510742188, "gold_lm": 2.696044683456421, "replay_lm": 2.926884174346924, "batch_accuracy": 0.625, "gradient_norm": 7.102763652801514}
{"time": "2026-10-01T05:03:27.990210+00:00", "event": "train", "step": 4600, "epoch": 2, "lr": 1.5329566854990585e-05, "loss": 2.4323108196258545, "choice_ce": 0.6804828643798828, "gold_lm": 2.674989700317383, "replay_lm": 2.8466439247131348, "batch_accuracy": 0.71875, "gradient_norm": 5.5380425453186035}
{"time": "2026-10-01T05:03:35.697483+00:00", "event": "train", "step": 4650, "epoch": 2, "lr": 1.5060532687651335e-05, "loss": 2.5225536823272705, "choice_ce": 0.8113963603973389, "gold_lm": 2.938042402267456, "replay_lm": 2.7646899223327637, "batch_accuracy": 0.71875, "gradient_norm": 8.055081367492676}
{"time": "2026-10-01T05:03:43.605738+00:00", "event": "train", "step": 4700, "epoch": 2, "lr": 1.479149852031208e-05, "loss": 2.6116089820861816, "choice_ce": 0.5617461800575256, "gold_lm": 2.6078996658325195, "replay_lm": 3.3575217723846436, "batch_accuracy": 0.78125, "gradient_norm": 4.396697521209717}
{"time": "2026-10-01T05:03:51.378000+00:00", "event": "train", "step": 4750, "epoch": 2, "lr": 1.4522464352972829e-05, "loss": 2.508527994155884, "choice_ce": 0.9492946267127991, "gold_lm": 2.4945361614227295, "replay_lm": 2.820493221282959, "batch_accuracy": 0.59375, "gradient_norm": 7.246509552001953}
{"time": "2026-10-01T05:03:59.096684+00:00", "event": "train", "step": 4800, "epoch": 2, "lr": 1.425343018563358e-05, "loss": 2.422219753265381, "choice_ce": 0.5388275384902954, "gold_lm": 2.7156012058258057, "replay_lm": 2.9478111267089844, "batch_accuracy": 0.75, "gradient_norm": 3.3251876831054688}
{"time": "2026-10-01T05:04:06.942651+00:00", "event": "train", "step": 4850, "epoch": 2, "lr": 1.3984396018294325e-05, "loss": 2.3658790588378906, "choice_ce": 0.46730339527130127, "gold_lm": 2.715306520462036, "replay_lm": 2.906801223754883, "batch_accuracy": 0.78125, "gradient_norm": 3.2938826084136963}
{"time": "2026-10-01T05:04:14.596982+00:00", "event": "train", "step": 4900, "epoch": 2, "lr": 1.3715361850955073e-05, "loss": 2.5444161891937256, "choice_ce": 0.5345990657806396, "gold_lm": 2.8161821365356445, "replay_lm": 3.1461422443389893, "batch_accuracy": 0.8125, "gradient_norm": 4.9697651863098145}
{"time": "2026-10-01T05:04:22.370406+00:00", "event": "train", "step": 4950, "epoch": 2, "lr": 1.3446327683615818e-05, "loss": 2.505321979522705, "choice_ce": 0.5218181014060974, "gold_lm": 2.7278382778167725, "replay_lm": 3.1249070167541504, "batch_accuracy": 0.84375, "gradient_norm": 4.645809650421143}
Writing model shards:   0%|          | 0/1 [00:00<?, ?it/s]Writing model shards: 100%|██████████| 1/1 [00:00<00:00,  5.12it/s]Writing model shards: 100%|██████████| 1/1 [00:00<00:00,  5.12it/s]
{"time": "2026-10-01T05:04:25.192012+00:00", "event": "export", "epoch": 2, "step": 4966, "path": "/data/team_a/dave-workspace/Global Innovation Build Challenge V2/v2/runs/round2_lr4e-5_e3/epoch_2/export", "model_sha256": "8888e56216fd4022529c44241a66abe197b9e3543e2e10f135790569a099a148"}
{"time": "2026-10-01T05:04:30.433819+00:00", "event": "train", "step": 5000, "epoch": 3, "lr": 1.3177293516276569e-05, "loss": 2.3242390155792236, "choice_ce": 0.6447569131851196, "gold_lm": 2.494563102722168, "replay_lm": 2.756439685821533, "batch_accuracy": 0.8125, "gradient_norm": 4.481908798217773}
{"time": "2026-10-01T05:04:38.223560+00:00", "event": "train", "step": 5050, "epoch": 3, "lr": 1.2908259348937317e-05, "loss": 2.3693594932556152, "choice_ce": 0.4503256380558014, "gold_lm": 2.5435850620269775, "replay_lm": 3.016601085662842, "batch_accuracy": 0.875, "gradient_norm": 3.8053202629089355}
{"time": "2026-10-01T05:04:46.235676+00:00", "event": "train", "step": 5100, "epoch": 3, "lr": 1.2639225181598063e-05, "loss": 2.411062717437744, "choice_ce": 0.4020494818687439, "gold_lm": 2.5388123989105225, "replay_lm": 3.150670051574707, "batch_accuracy": 0.84375, "gradient_norm": 3.410414934158325}
{"time": "2026-10-01T05:04:53.992860+00:00", "event": "train", "step": 5150, "epoch": 3, "lr": 1.2370191014258813e-05, "loss": 2.270693778991699, "choice_ce": 0.39635181427001953, "gold_lm": 2.3729729652404785, "replay_lm": 2.9585490226745605, "batch_accuracy": 0.90625, "gradient_norm": 3.397584915161133}
{"time": "2026-10-01T05:05:01.743783+00:00", "event": "train", "step": 5200, "epoch": 3, "lr": 1.2101156846919562e-05, "loss": 2.3065500259399414, "choice_ce": 0.325200617313385, "gold_lm": 2.573237180709839, "replay_lm": 3.0012810230255127, "batch_accuracy": 0.9375, "gradient_norm": 3.7345809936523438}
{"time": "2026-10-01T05:05:09.387695+00:00", "event": "train", "step": 5250, "epoch": 3, "lr": 1.1832122679580307e-05, "loss": 2.3945319652557373, "choice_ce": 0.3624434471130371, "gold_lm": 2.5713155269622803, "replay_lm": 3.140962839126587, "batch_accuracy": 0.84375, "gradient_norm": 3.0110764503479004}
{"time": "2026-10-01T05:05:17.069442+00:00", "event": "train", "step": 5300, "epoch": 3, "lr": 1.1563088512241056e-05, "loss": 2.2362120151519775, "choice_ce": 0.33116278052330017, "gold_lm": 2.7688965797424316, "replay_lm": 2.7568130493164062, "batch_accuracy": 0.90625, "gradient_norm": 3.244105815887451}
{"time": "2026-10-01T05:05:25.396322+00:00", "event": "train", "step": 5350, "epoch": 3, "lr": 1.12940543449018e-05, "loss": 2.324650526046753, "choice_ce": 0.39268332719802856, "gold_lm": 2.6229634284973145, "replay_lm": 2.945136070251465, "batch_accuracy": 0.875, "gradient_norm": 3.0820674896240234}
{"time": "2026-10-01T05:05:33.152014+00:00", "event": "train", "step": 5400, "epoch": 3, "lr": 1.1025020177562551e-05, "loss": 2.3140125274658203, "choice_ce": 0.35956478118896484, "gold_lm": 2.5551652908325195, "replay_lm": 2.990877628326416, "batch_accuracy": 0.875, "gradient_norm": 2.8658032417297363}
{"time": "2026-10-01T05:05:41.016853+00:00", "event": "train", "step": 5450, "epoch": 3, "lr": 1.07559860102233e-05, "loss": 2.3718016147613525, "choice_ce": 0.3476329445838928, "gold_lm": 2.567110776901245, "replay_lm": 3.112414836883545, "batch_accuracy": 0.8125, "gradient_norm": 2.75577712059021}
{"time": "2026-10-01T05:05:48.708104+00:00", "event": "train", "step": 5500, "epoch": 3, "lr": 1.0486951842884045e-05, "loss": 2.54256010055542, "choice_ce": 0.44215086102485657, "gold_lm": 2.724839687347412, "replay_lm": 3.2805495262145996, "batch_accuracy": 0.78125, "gradient_norm": 4.910572052001953}
{"time": "2026-10-01T05:05:56.450325+00:00", "event": "train", "step": 5550, "epoch": 3, "lr": 1.0217917675544795e-05, "loss": 2.4050934314727783, "choice_ce": 0.4437335729598999, "gold_lm": 2.530041217803955, "replay_lm": 3.1014328002929688, "batch_accuracy": 0.84375, "gradient_norm": 4.061598777770996}
{"time": "2026-10-01T05:06:04.411534+00:00", "event": "train", "step": 5600, "epoch": 3, "lr": 9.948883508205544e-06, "loss": 2.2229392528533936, "choice_ce": 0.29465827345848083, "gold_lm": 2.738863468170166, "replay_lm": 2.7817885875701904, "batch_accuracy": 0.9375, "gradient_norm": 4.1972784996032715}
{"time": "2026-10-01T05:06:12.150001+00:00", "event": "train", "step": 5650, "epoch": 3, "lr": 9.67984934086629e-06, "loss": 2.3173062801361084, "choice_ce": 0.4588191509246826, "gold_lm": 2.618049383163452, "replay_lm": 2.8667685985565186, "batch_accuracy": 0.6875, "gradient_norm": 3.2334542274475098}
{"time": "2026-10-01T05:06:19.910709+00:00", "event": "train", "step": 5700, "epoch": 3, "lr": 9.41081517352704e-06, "loss": 2.318789005279541, "choice_ce": 0.32307007908821106, "gold_lm": 2.514460802078247, "replay_lm": 3.0572774410247803, "batch_accuracy": 0.90625, "gradient_norm": 4.4355788230896}
{"time": "2026-10-01T05:06:27.817593+00:00", "event": "train", "step": 5750, "epoch": 3, "lr": 9.141781006187788e-06, "loss": 2.188105821609497, "choice_ce": 0.3676450550556183, "gold_lm": 2.4113056659698486, "replay_lm": 2.8029136657714844, "batch_accuracy": 0.8125, "gradient_norm": 2.8261566162109375}
{"time": "2026-10-01T05:06:35.515668+00:00", "event": "train", "step": 5800, "epoch": 3, "lr": 8.872746838848534e-06, "loss": 2.1847262382507324, "choice_ce": 0.2832235097885132, "gold_lm": 2.5280377864837646, "replay_lm": 2.8222100734710693, "batch_accuracy": 0.9375, "gradient_norm": 3.5924072265625}
{"time": "2026-10-01T05:06:43.233263+00:00", "event": "train", "step": 5850, "epoch": 3, "lr": 8.603712671509284e-06, "loss": 2.539302349090576, "choice_ce": 0.3557334840297699, "gold_lm": 2.5220792293548584, "replay_lm": 3.46183180809021, "batch_accuracy": 0.84375, "gradient_norm": 3.174473762512207}
{"time": "2026-10-01T05:06:50.985947+00:00", "event": "train", "step": 5900, "epoch": 3, "lr": 8.334678504170029e-06, "loss": 2.5479421615600586, "choice_ce": 0.32194700837135315, "gold_lm": 2.5388166904449463, "replay_lm": 3.5045289993286133, "batch_accuracy": 0.90625, "gradient_norm": 3.7648448944091797}
{"time": "2026-10-01T05:06:58.749236+00:00", "event": "train", "step": 5950, "epoch": 3, "lr": 8.065644336830778e-06, "loss": 2.270689010620117, "choice_ce": 0.30448561906814575, "gold_lm": 2.5078840255737305, "replay_lm": 2.982950448989868, "batch_accuracy": 0.875, "gradient_norm": 3.3247644901275635}
{"time": "2026-10-01T05:07:06.514327+00:00", "event": "train", "step": 6000, "epoch": 3, "lr": 7.796610169491528e-06, "loss": 2.2333731651306152, "choice_ce": 0.405286967754364, "gold_lm": 2.6295852661132812, "replay_lm": 2.746666431427002, "batch_accuracy": 0.78125, "gradient_norm": 3.6730549335479736}
{"time": "2026-10-01T05:07:14.176437+00:00", "event": "train", "step": 6050, "epoch": 3, "lr": 7.5275760021522725e-06, "loss": 2.4103827476501465, "choice_ce": 0.5208137035369873, "gold_lm": 2.6095142364501953, "replay_lm": 2.995194435119629, "batch_accuracy": 0.90625, "gradient_norm": 3.949242115020752}
{"time": "2026-10-01T05:07:21.844435+00:00", "event": "train", "step": 6100, "epoch": 3, "lr": 7.258541834813022e-06, "loss": 2.397256374359131, "choice_ce": 0.42411166429519653, "gold_lm": 2.5115280151367188, "replay_lm": 3.1146373748779297, "batch_accuracy": 0.90625, "gradient_norm": 4.383959770202637}
{"time": "2026-10-01T05:07:29.645440+00:00", "event": "train", "step": 6150, "epoch": 3, "lr": 6.9895076674737715e-06, "loss": 2.26261568069458, "choice_ce": 0.2507081627845764, "gold_lm": 2.642510414123535, "replay_lm": 2.953268051147461, "batch_accuracy": 0.875, "gradient_norm": 3.270455837249756}
{"time": "2026-10-01T05:07:37.380868+00:00", "event": "train", "step": 6200, "epoch": 3, "lr": 6.720473500134517e-06, "loss": 2.3594117164611816, "choice_ce": 0.2981330156326294, "gold_lm": 2.6324501037597656, "replay_lm": 3.1044652462005615, "batch_accuracy": 0.9375, "gradient_norm": 3.1708316802978516}
{"time": "2026-10-01T05:07:45.255721+00:00", "event": "train", "step": 6250, "epoch": 3, "lr": 6.451439332795266e-06, "loss": 2.3279027938842773, "choice_ce": 0.3657711148262024, "gold_lm": 2.573066234588623, "replay_lm": 3.0035016536712646, "batch_accuracy": 0.90625, "gradient_norm": 4.111772537231445}
{"time": "2026-10-01T05:07:53.012212+00:00", "event": "train", "step": 6300, "epoch": 3, "lr": 6.1824051654560115e-06, "loss": 2.437803030014038, "choice_ce": 0.4216856062412262, "gold_lm": 2.58355450630188, "replay_lm": 3.1621432304382324, "batch_accuracy": 0.8125, "gradient_norm": 3.674206495285034}
{"time": "2026-10-01T05:08:00.604862+00:00", "event": "train", "step": 6350, "epoch": 3, "lr": 5.913370998116761e-06, "loss": 2.4608426094055176, "choice_ce": 0.36116844415664673, "gold_lm": 2.6134684085845947, "replay_lm": 3.2537827491760254, "batch_accuracy": 0.90625, "gradient_norm": 5.729986190795898}
{"time": "2026-10-01T05:08:08.507832+00:00", "event": "train", "step": 6400, "epoch": 3, "lr": 5.6443368307775105e-06, "loss": 2.2742013931274414, "choice_ce": 0.3898470997810364, "gold_lm": 2.582347869873047, "replay_lm": 2.8673818111419678, "batch_accuracy": 0.8125, "gradient_norm": 4.971369743347168}
{"time": "2026-10-01T05:08:16.289168+00:00", "event": "train", "step": 6450, "epoch": 3, "lr": 5.375302663438256e-06, "loss": 2.3067431449890137, "choice_ce": 0.36785393953323364, "gold_lm": 2.5294084548950195, "replay_lm": 2.9809279441833496, "batch_accuracy": 0.8125, "gradient_norm": 3.113867998123169}
{"time": "2026-10-01T05:08:24.191269+00:00", "event": "train", "step": 6500, "epoch": 3, "lr": 5.106268496099005e-06, "loss": 2.3068807125091553, "choice_ce": 0.5374538898468018, "gold_lm": 2.8404736518859863, "replay_lm": 2.6560707092285156, "batch_accuracy": 0.84375, "gradient_norm": 6.1099348068237305}
{"time": "2026-10-01T05:08:31.902437+00:00", "event": "train", "step": 6550, "epoch": 3, "lr": 4.837234328759755e-06, "loss": 2.3238444328308105, "choice_ce": 0.36028456687927246, "gold_lm": 2.5662968158721924, "replay_lm": 3.004255771636963, "batch_accuracy": 0.90625, "gradient_norm": 3.5135254859924316}
{"time": "2026-10-01T05:08:39.664451+00:00", "event": "train", "step": 6600, "epoch": 3, "lr": 4.5682001614205e-06, "loss": 2.2382774353027344, "choice_ce": 0.3367142677307129, "gold_lm": 2.577540636062622, "replay_lm": 2.8510701656341553, "batch_accuracy": 0.875, "gradient_norm": 5.139705657958984}
{"time": "2026-10-01T05:08:47.395638+00:00", "event": "train", "step": 6650, "epoch": 3, "lr": 4.2991659940812495e-06, "loss": 2.4258227348327637, "choice_ce": 0.43270641565322876, "gold_lm": 2.5181503295898438, "replay_lm": 3.1598641872406006, "batch_accuracy": 0.8125, "gradient_norm": 4.368895053863525}
{"time": "2026-10-01T05:08:55.292465+00:00", "event": "train", "step": 6700, "epoch": 3, "lr": 4.030131826741999e-06, "loss": 2.4392731189727783, "choice_ce": 0.3377445936203003, "gold_lm": 2.6298112869262695, "replay_lm": 3.225895881652832, "batch_accuracy": 0.90625, "gradient_norm": 3.8890902996063232}
{"time": "2026-10-01T05:09:02.976393+00:00", "event": "train", "step": 6750, "epoch": 3, "lr": 3.761097659402744e-06, "loss": 2.2843334674835205, "choice_ce": 0.42958754301071167, "gold_lm": 2.6899218559265137, "replay_lm": 2.7941184043884277, "batch_accuracy": 0.71875, "gradient_norm": 3.159651041030884}
{"time": "2026-10-01T05:09:10.782916+00:00", "event": "train", "step": 6800, "epoch": 3, "lr": 3.4920634920634933e-06, "loss": 2.326683521270752, "choice_ce": 0.30359870195388794, "gold_lm": 2.593360185623169, "replay_lm": 3.053088426589966, "batch_accuracy": 0.9375, "gradient_norm": 3.0157811641693115}
{"time": "2026-10-01T05:09:18.457000+00:00", "event": "train", "step": 6850, "epoch": 3, "lr": 3.2230293247242385e-06, "loss": 2.3140454292297363, "choice_ce": 0.33400586247444153, "gold_lm": 2.5114121437072754, "replay_lm": 3.0383787155151367, "batch_accuracy": 0.875, "gradient_norm": 4.007002353668213}
{"time": "2026-10-01T05:09:26.319249+00:00", "event": "train", "step": 6900, "epoch": 3, "lr": 2.953995157384988e-06, "loss": 2.3303542137145996, "choice_ce": 0.34723252058029175, "gold_lm": 2.6072049140930176, "replay_lm": 3.009873151779175, "batch_accuracy": 0.90625, "gradient_norm": 3.620805025100708}
{"time": "2026-10-01T05:09:34.040664+00:00", "event": "train", "step": 6950, "epoch": 3, "lr": 2.6849609900457375e-06, "loss": 2.2830777168273926, "choice_ce": 0.44652268290519714, "gold_lm": 2.5093343257904053, "replay_lm": 2.8649654388427734, "batch_accuracy": 0.78125, "gradient_norm": 3.4927589893341064}
{"time": "2026-10-01T05:09:41.770566+00:00", "event": "train", "step": 7000, "epoch": 3, "lr": 2.4159268227064824e-06, "loss": 2.353811502456665, "choice_ce": 0.34850871562957764, "gold_lm": 2.5136806964874268, "replay_lm": 3.102273941040039, "batch_accuracy": 0.90625, "gradient_norm": 3.772284746170044}
{"time": "2026-10-01T05:09:49.596459+00:00", "event": "train", "step": 7050, "epoch": 3, "lr": 2.146892655367232e-06, "loss": 2.3142240047454834, "choice_ce": 0.36699649691581726, "gold_lm": 2.615290880203247, "replay_lm": 2.953805923461914, "batch_accuracy": 0.8125, "gradient_norm": 5.116701602935791}
{"time": "2026-10-01T05:09:57.409311+00:00", "event": "train", "step": 7100, "epoch": 3, "lr": 1.8778584880279816e-06, "loss": 2.4194767475128174, "choice_ce": 0.282344251871109, "gold_lm": 2.6602470874786377, "replay_lm": 3.2264857292175293, "batch_accuracy": 0.9375, "gradient_norm": 3.206056594848633}
{"time": "2026-10-01T05:10:05.196085+00:00", "event": "train", "step": 7150, "epoch": 3, "lr": 1.6088243206887266e-06, "loss": 2.479996919631958, "choice_ce": 0.5654624104499817, "gold_lm": 2.598991632461548, "replay_lm": 3.0950355529785156, "batch_accuracy": 0.75, "gradient_norm": 8.34534740447998}
{"time": "2026-10-01T05:10:12.963844+00:00", "event": "train", "step": 7200, "epoch": 3, "lr": 1.339790153349476e-06, "loss": 2.5503082275390625, "choice_ce": 0.3384537696838379, "gold_lm": 2.660053253173828, "replay_lm": 3.432136058807373, "batch_accuracy": 0.84375, "gradient_norm": 4.977797508239746}
{"time": "2026-10-01T05:10:20.798362+00:00", "event": "train", "step": 7250, "epoch": 3, "lr": 1.0707559860102213e-06, "loss": 2.314209222793579, "choice_ce": 0.37348997592926025, "gold_lm": 2.4862380027770996, "replay_lm": 3.0118093490600586, "batch_accuracy": 0.90625, "gradient_norm": 4.941950798034668}
{"time": "2026-10-01T05:10:28.562589+00:00", "event": "train", "step": 7300, "epoch": 3, "lr": 8.017218186709707e-07, "loss": 2.3539230823516846, "choice_ce": 0.4638622999191284, "gold_lm": 2.680420160293579, "replay_lm": 2.903773784637451, "batch_accuracy": 0.8125, "gradient_norm": 3.8755407333374023}
{"time": "2026-10-01T05:10:36.332025+00:00", "event": "train", "step": 7350, "epoch": 3, "lr": 5.326876513317203e-07, "loss": 2.352799415588379, "choice_ce": 0.23359279334545135, "gold_lm": 2.6153876781463623, "replay_lm": 3.1643123626708984, "batch_accuracy": 0.96875, "gradient_norm": 4.00484037399292}
{"time": "2026-10-01T05:10:44.119146+00:00", "event": "train", "step": 7400, "epoch": 3, "lr": 2.6365348399246537e-07, "loss": 2.236053228378296, "choice_ce": 0.40608927607536316, "gold_lm": 2.5692663192749023, "replay_lm": 2.781383991241455, "batch_accuracy": 0.9375, "gradient_norm": 3.0803234577178955}
Writing model shards:   0%|          | 0/1 [00:00<?, ?it/s]Writing model shards: 100%|██████████| 1/1 [00:00<00:00,  5.43it/s]Writing model shards: 100%|██████████| 1/1 [00:00<00:00,  5.42it/s]
{"time": "2026-10-01T05:10:52.012524+00:00", "event": "export", "epoch": 3, "step": 7449, "path": "/data/team_a/dave-workspace/Global Innovation Build Challenge V2/v2/runs/round2_lr4e-5_e3/epoch_3/export", "model_sha256": "0ddf81ee3ed4479bb4f0b6f5534d72804ac1cf2a6f6f0da03a159b78c2f8bf74"}
{"time": "2026-10-01T05:10:52.013006+00:00", "event": "finished", "steps": 7449, "counters": {"questions": 238275, "candidate_sequences": 684387, "task_input_tokens": 41183073, "replay_targets": 61022208}, "replay_source_tokens": {"dclm": 21307392, "edu": 18168832, "targeted": 9189376, "wiki": 6160384, "stackexchange": 3088384, "books": 3107840}, "seconds": 1161.5114726182073}
