Loading weights:   0%|          | 0/110 [00:00<?, ?it/s]Loading weights: 100%|██████████| 110/110 [00:00<00:00, 10224.57it/s]
{"time": "2026-10-01T05:35:36.637584+00:00", "event": "started", "total_updates": 9294, "updates_per_epoch": 3098, "train_items": 99105}
/data/team_a/dave-workspace/Global Innovation Build Challenge V2/src/scglm_v2/task_tune.py:296: UserWarning: Converting a tensor with requires_grad=True to a scalar may lead to unexpected behavior.
Consider using tensor.detach() first. (Triggered internally at /pytorch/torch/csrc/autograd/generated/python_variable_methods.cpp:836.)
  event(log, "train", step=step, epoch=epoch, lr=lr, loss=float(loss),
{"time": "2026-10-01T05:35:37.268023+00:00", "event": "train", "step": 1, "epoch": 1, "lr": 1.0526315789473685e-06, "loss": 3.0211691856384277, "choice_ce": 1.4766385555267334, "gold_lm": 3.1888389587402344, "replay_lm": 2.971280574798584, "batch_accuracy": 0.375, "gradient_norm": 5.632554531097412}
{"time": "2026-10-01T05:35:41.127020+00:00", "event": "train", "step": 50, "epoch": 1, "lr": 1.9933153638814016e-05, "loss": 3.179145336151123, "choice_ce": 1.8496962785720825, "gold_lm": 2.9877328872680664, "replay_lm": 3.01472806930542, "batch_accuracy": 0.40625, "gradient_norm": 5.588567733764648}
{"time": "2026-10-01T05:35:45.017316+00:00", "event": "train", "step": 100, "epoch": 1, "lr": 1.982533692722372e-05, "loss": 3.2283520698547363, "choice_ce": 2.2629127502441406, "gold_lm": 2.773242712020874, "replay_lm": 2.8071701526641846, "batch_accuracy": 0.28125, "gradient_norm": 6.507611274719238}
{"time": "2026-10-01T05:35:48.844413+00:00", "event": "train", "step": 150, "epoch": 1, "lr": 1.9717520215633426e-05, "loss": 3.289794683456421, "choice_ce": 2.19905686378479, "gold_lm": 2.958719491958618, "replay_lm": 2.901172637939453, "batch_accuracy": 0.34375, "gradient_norm": 5.850804328918457}
{"time": "2026-10-01T05:35:52.658852+00:00", "event": "train", "step": 200, "epoch": 1, "lr": 1.9609703504043128e-05, "loss": 2.7248494625091553, "choice_ce": 1.0648343563079834, "gold_lm": 2.8985395431518555, "replay_lm": 2.9355947971343994, "batch_accuracy": 0.5625, "gradient_norm": 4.89092493057251}
{"time": "2026-10-01T05:35:56.487124+00:00", "event": "train", "step": 250, "epoch": 1, "lr": 1.950188679245283e-05, "loss": 3.0686440467834473, "choice_ce": 1.8052680492401123, "gold_lm": 2.9332387447357178, "replay_lm": 2.865401029586792, "batch_accuracy": 0.4375, "gradient_norm": 5.722574710845947}
{"time": "2026-10-01T05:36:00.344521+00:00", "event": "train", "step": 300, "epoch": 1, "lr": 1.9394070080862535e-05, "loss": 2.69608211517334, "choice_ce": 0.9384999871253967, "gold_lm": 2.990145683288574, "replay_lm": 2.9585914611816406, "batch_accuracy": 0.375, "gradient_norm": 4.505488872528076}
{"time": "2026-10-01T05:36:04.256639+00:00", "event": "train", "step": 350, "epoch": 1, "lr": 1.928625336927224e-05, "loss": 2.6828513145446777, "choice_ce": 1.1036497354507446, "gold_lm": 2.8061842918395996, "replay_lm": 2.8589606285095215, "batch_accuracy": 0.46875, "gradient_norm": 4.682192802429199}
{"time": "2026-10-01T05:36:08.149704+00:00", "event": "train", "step": 400, "epoch": 1, "lr": 1.917843665768194e-05, "loss": 2.824495792388916, "choice_ce": 1.1981582641601562, "gold_lm": 2.7644121646881104, "replay_lm": 3.068627119064331, "batch_accuracy": 0.59375, "gradient_norm": 4.744635581970215}
{"time": "2026-10-01T05:36:11.989886+00:00", "event": "train", "step": 450, "epoch": 1, "lr": 1.9070619946091647e-05, "loss": 3.1622958183288574, "choice_ce": 1.6961402893066406, "gold_lm": 3.0158753395080566, "replay_lm": 3.120513916015625, "batch_accuracy": 0.46875, "gradient_norm": 6.3836798667907715}
{"time": "2026-10-01T05:36:15.805960+00:00", "event": "train", "step": 500, "epoch": 1, "lr": 1.896280323450135e-05, "loss": 2.698206901550293, "choice_ce": 1.0559171438217163, "gold_lm": 2.84519624710083, "replay_lm": 2.917898416519165, "batch_accuracy": 0.625, "gradient_norm": 5.707931995391846}
{"time": "2026-10-01T05:36:19.613225+00:00", "event": "train", "step": 550, "epoch": 1, "lr": 1.8854986522911053e-05, "loss": 2.8498289585113525, "choice_ce": 1.4427586793899536, "gold_lm": 2.897937059402466, "replay_lm": 2.8079307079315186, "batch_accuracy": 0.46875, "gradient_norm": 6.010815143585205}
{"time": "2026-10-01T05:36:23.463883+00:00", "event": "train", "step": 600, "epoch": 1, "lr": 1.8747169811320755e-05, "loss": 3.096679210662842, "choice_ce": 1.8088159561157227, "gold_lm": 2.92688250541687, "replay_lm": 2.9211013317108154, "batch_accuracy": 0.46875, "gradient_norm": 6.650303840637207}
{"time": "2026-10-01T05:36:27.227730+00:00", "event": "train", "step": 650, "epoch": 1, "lr": 1.863935309973046e-05, "loss": 2.821723699569702, "choice_ce": 1.1482348442077637, "gold_lm": 2.725661039352417, "replay_lm": 3.1323819160461426, "batch_accuracy": 0.46875, "gradient_norm": 5.285475730895996}
{"time": "2026-10-01T05:36:31.065310+00:00", "event": "train", "step": 700, "epoch": 1, "lr": 1.8531536388140162e-05, "loss": 2.681972026824951, "choice_ce": 1.0807640552520752, "gold_lm": 2.9306952953338623, "replay_lm": 2.8178327083587646, "batch_accuracy": 0.40625, "gradient_norm": 5.879082679748535}
{"time": "2026-10-01T05:36:34.958270+00:00", "event": "train", "step": 750, "epoch": 1, "lr": 1.8423719676549867e-05, "loss": 2.7716922760009766, "choice_ce": 1.0439567565917969, "gold_lm": 3.03794002532959, "replay_lm": 2.9804577827453613, "batch_accuracy": 0.40625, "gradient_norm": 5.645657539367676}
{"time": "2026-10-01T05:36:38.749174+00:00", "event": "train", "step": 800, "epoch": 1, "lr": 1.8315902964959572e-05, "loss": 2.9271180629730225, "choice_ce": 1.0977137088775635, "gold_lm": 3.1700615882873535, "replay_lm": 3.1714916229248047, "batch_accuracy": 0.40625, "gradient_norm": 6.609491348266602}
{"time": "2026-10-01T05:36:42.638979+00:00", "event": "train", "step": 850, "epoch": 1, "lr": 1.8208086253369274e-05, "loss": 2.7844910621643066, "choice_ce": 1.2512847185134888, "gold_lm": 2.760375738143921, "replay_lm": 2.937509536743164, "batch_accuracy": 0.46875, "gradient_norm": 6.711180686950684}
{"time": "2026-10-01T05:36:46.480533+00:00", "event": "train", "step": 900, "epoch": 1, "lr": 1.8100269541778975e-05, "loss": 2.9493231773376465, "choice_ce": 1.4831264019012451, "gold_lm": 2.927701711654663, "replay_lm": 2.951669454574585, "batch_accuracy": 0.28125, "gradient_norm": 6.897329807281494}
{"time": "2026-10-01T05:36:50.312463+00:00", "event": "train", "step": 950, "epoch": 1, "lr": 1.799245283018868e-05, "loss": 2.9447824954986572, "choice_ce": 1.3706128597259521, "gold_lm": 2.790470600128174, "replay_lm": 3.1237168312072754, "batch_accuracy": 0.40625, "gradient_norm": 6.682735919952393}
{"time": "2026-10-01T05:36:54.198610+00:00", "event": "train", "step": 1000, "epoch": 1, "lr": 1.7884636118598385e-05, "loss": 2.899629831314087, "choice_ce": 1.3990143537521362, "gold_lm": 2.713947296142578, "replay_lm": 3.043271541595459, "batch_accuracy": 0.3125, "gradient_norm": 7.283162593841553}
{"time": "2026-10-01T05:36:58.049953+00:00", "event": "train", "step": 1050, "epoch": 1, "lr": 1.7776819407008087e-05, "loss": 2.5801281929016113, "choice_ce": 0.9842312335968018, "gold_lm": 2.833646059036255, "replay_lm": 2.759202241897583, "batch_accuracy": 0.34375, "gradient_norm": 5.543464660644531}
{"time": "2026-10-01T05:37:01.871774+00:00", "event": "train", "step": 1100, "epoch": 1, "lr": 1.7669002695417792e-05, "loss": 3.052274227142334, "choice_ce": 1.6034674644470215, "gold_lm": 2.848691701889038, "replay_lm": 3.076735258102417, "batch_accuracy": 0.40625, "gradient_norm": 8.947481155395508}
{"time": "2026-10-01T05:37:05.753455+00:00", "event": "train", "step": 1150, "epoch": 1, "lr": 1.7561185983827497e-05, "loss": 3.1795873641967773, "choice_ce": 1.520263910293579, "gold_lm": 2.845418930053711, "replay_lm": 3.416201114654541, "batch_accuracy": 0.21875, "gradient_norm": 7.42708683013916}
{"time": "2026-10-01T05:37:09.742313+00:00", "event": "train", "step": 1200, "epoch": 1, "lr": 1.74533692722372e-05, "loss": 2.833360195159912, "choice_ce": 1.3286484479904175, "gold_lm": 2.82635760307312, "replay_lm": 2.924893379211426, "batch_accuracy": 0.3125, "gradient_norm": 6.171936988830566}
{"time": "2026-10-01T05:37:13.691368+00:00", "event": "train", "step": 1250, "epoch": 1, "lr": 1.73455525606469e-05, "loss": 2.9017136096954346, "choice_ce": 1.4610023498535156, "gold_lm": 2.790475368499756, "replay_lm": 2.9471871852874756, "batch_accuracy": 0.34375, "gradient_norm": 7.423511981964111}
{"time": "2026-10-01T05:37:17.631825+00:00", "event": "train", "step": 1300, "epoch": 1, "lr": 1.7237735849056606e-05, "loss": 2.798610210418701, "choice_ce": 1.2277858257293701, "gold_lm": 2.8440794944763184, "replay_lm": 2.947394847869873, "batch_accuracy": 0.5, "gradient_norm": 7.302914142608643}
{"time": "2026-10-01T05:37:21.512883+00:00", "event": "train", "step": 1350, "epoch": 1, "lr": 1.7129919137466307e-05, "loss": 2.6221017837524414, "choice_ce": 0.9602693319320679, "gold_lm": 2.926434278488159, "replay_lm": 2.8207168579101562, "batch_accuracy": 0.46875, "gradient_norm": 6.628950595855713}
{"time": "2026-10-01T05:37:25.313408+00:00", "event": "train", "step": 1400, "epoch": 1, "lr": 1.7022102425876012e-05, "loss": 2.892063617706299, "choice_ce": 0.99910569190979, "gold_lm": 2.816502332687378, "replay_lm": 3.376770496368408, "batch_accuracy": 0.59375, "gradient_norm": 6.645677089691162}
{"time": "2026-10-01T05:37:29.174975+00:00", "event": "train", "step": 1450, "epoch": 1, "lr": 1.6914285714285717e-05, "loss": 2.6343133449554443, "choice_ce": 1.005016803741455, "gold_lm": 2.5531604290008545, "replay_lm": 2.987029552459717, "batch_accuracy": 0.59375, "gradient_norm": 6.777676105499268}
{"time": "2026-10-01T05:37:33.037753+00:00", "event": "train", "step": 1500, "epoch": 1, "lr": 1.680646900269542e-05, "loss": 3.0081143379211426, "choice_ce": 1.5707327127456665, "gold_lm": 2.6660284996032715, "replay_lm": 3.1124815940856934, "batch_accuracy": 0.53125, "gradient_norm": 6.477729320526123}
{"time": "2026-10-01T05:37:36.907034+00:00", "event": "train", "step": 1550, "epoch": 1, "lr": 1.669865229110512e-05, "loss": 2.6987833976745605, "choice_ce": 0.8953934907913208, "gold_lm": 2.777839422225952, "replay_lm": 3.113253593444824, "batch_accuracy": 0.53125, "gradient_norm": 5.834353923797607}
{"time": "2026-10-01T05:37:40.778051+00:00", "event": "train", "step": 1600, "epoch": 1, "lr": 1.6590835579514826e-05, "loss": 2.7837820053100586, "choice_ce": 1.458500623703003, "gold_lm": 2.757467031478882, "replay_lm": 2.730329990386963, "batch_accuracy": 0.4375, "gradient_norm": 8.542149543762207}
{"time": "2026-10-01T05:37:44.707214+00:00", "event": "train", "step": 1650, "epoch": 1, "lr": 1.648301886792453e-05, "loss": 3.0225913524627686, "choice_ce": 1.0770041942596436, "gold_lm": 2.879653215408325, "replay_lm": 3.5283517837524414, "batch_accuracy": 0.40625, "gradient_norm": 7.653021812438965}
{"time": "2026-10-01T05:37:48.598003+00:00", "event": "train", "step": 1700, "epoch": 1, "lr": 1.6375202156334233e-05, "loss": 2.718547821044922, "choice_ce": 0.9679003953933716, "gold_lm": 2.7854878902435303, "replay_lm": 3.076451301574707, "batch_accuracy": 0.5625, "gradient_norm": 5.150506496429443}
{"time": "2026-10-01T05:37:52.527502+00:00", "event": "train", "step": 1750, "epoch": 1, "lr": 1.6267385444743938e-05, "loss": 3.026723861694336, "choice_ce": 1.539010763168335, "gold_lm": 3.0086822509765625, "replay_lm": 3.0100955963134766, "batch_accuracy": 0.4375, "gradient_norm": 7.278996467590332}
{"time": "2026-10-01T05:37:56.314242+00:00", "event": "train", "step": 1800, "epoch": 1, "lr": 1.615956873315364e-05, "loss": 3.131192445755005, "choice_ce": 1.5715303421020508, "gold_lm": 2.830422878265381, "replay_lm": 3.2756431102752686, "batch_accuracy": 0.4375, "gradient_norm": 5.699210166931152}
{"time": "2026-10-01T05:38:00.237591+00:00", "event": "train", "step": 1850, "epoch": 1, "lr": 1.6051752021563344e-05, "loss": 2.9251487255096436, "choice_ce": 1.2707628011703491, "gold_lm": 2.892087459564209, "replay_lm": 3.133491039276123, "batch_accuracy": 0.4375, "gradient_norm": 7.365952014923096}
{"time": "2026-10-01T05:38:04.099744+00:00", "event": "train", "step": 1900, "epoch": 1, "lr": 1.5943935309973046e-05, "loss": 2.6818838119506836, "choice_ce": 1.014388084411621, "gold_lm": 2.7356209754943848, "replay_lm": 2.9815690517425537, "batch_accuracy": 0.46875, "gradient_norm": 5.753455638885498}
{"time": "2026-10-01T05:38:07.894191+00:00", "event": "train", "step": 1950, "epoch": 1, "lr": 1.583611859838275e-05, "loss": 3.039076328277588, "choice_ce": 1.7247262001037598, "gold_lm": 2.910121440887451, "replay_lm": 2.8983659744262695, "batch_accuracy": 0.375, "gradient_norm": 7.916379451751709}
{"time": "2026-10-01T05:38:11.764213+00:00", "event": "train", "step": 2000, "epoch": 1, "lr": 1.5728301886792453e-05, "loss": 2.984247922897339, "choice_ce": 1.6970340013504028, "gold_lm": 2.8558876514434814, "replay_lm": 2.843518018722534, "batch_accuracy": 0.40625, "gradient_norm": 10.077276229858398}
{"time": "2026-10-01T05:38:15.606489+00:00", "event": "train", "step": 2050, "epoch": 1, "lr": 1.5620485175202158e-05, "loss": 2.6795449256896973, "choice_ce": 1.261746883392334, "gold_lm": 2.8275389671325684, "replay_lm": 2.6835734844207764, "batch_accuracy": 0.375, "gradient_norm": 6.695407867431641}
{"time": "2026-10-01T05:38:19.429395+00:00", "event": "train", "step": 2100, "epoch": 1, "lr": 1.5512668463611863e-05, "loss": 2.7884535789489746, "choice_ce": 1.128701090812683, "gold_lm": 2.9846842288970947, "replay_lm": 2.955864191055298, "batch_accuracy": 0.46875, "gradient_norm": 6.776209354400635}
{"time": "2026-10-01T05:38:23.284960+00:00", "event": "train", "step": 2150, "epoch": 1, "lr": 1.5404851752021565e-05, "loss": 2.9238791465759277, "choice_ce": 1.484665870666504, "gold_lm": 2.8629143238067627, "replay_lm": 2.9316351413726807, "batch_accuracy": 0.46875, "gradient_norm": 7.0638508796691895}
{"time": "2026-10-01T05:38:27.048995+00:00", "event": "train", "step": 2200, "epoch": 1, "lr": 1.5297035040431266e-05, "loss": 2.800706386566162, "choice_ce": 1.2146060466766357, "gold_lm": 2.980220317840576, "replay_lm": 2.8966968059539795, "batch_accuracy": 0.59375, "gradient_norm": 6.276787757873535}
{"time": "2026-10-01T05:38:30.849563+00:00", "event": "train", "step": 2250, "epoch": 1, "lr": 1.5189218328840971e-05, "loss": 2.710883140563965, "choice_ce": 1.2507779598236084, "gold_lm": 2.755556106567383, "replay_lm": 2.793210506439209, "batch_accuracy": 0.375, "gradient_norm": 6.6532697677612305}
{"time": "2026-10-01T05:38:34.802937+00:00", "event": "train", "step": 2300, "epoch": 1, "lr": 1.5081401617250675e-05, "loss": 2.982409954071045, "choice_ce": 1.5581408739089966, "gold_lm": 2.9929614067077637, "replay_lm": 2.910198211669922, "batch_accuracy": 0.28125, "gradient_norm": 9.184610366821289}
{"time": "2026-10-01T05:38:38.638957+00:00", "event": "train", "step": 2350, "epoch": 1, "lr": 1.4973584905660378e-05, "loss": 2.648960590362549, "choice_ce": 1.186856985092163, "gold_lm": 2.8212454319000244, "replay_lm": 2.7004411220550537, "batch_accuracy": 0.3125, "gradient_norm": 6.83999490737915}
{"time": "2026-10-01T05:38:42.464055+00:00", "event": "train", "step": 2400, "epoch": 1, "lr": 1.486576819407008e-05, "loss": 2.643993616104126, "choice_ce": 0.951675295829773, "gold_lm": 2.755960464477539, "replay_lm": 2.95833158493042, "batch_accuracy": 0.46875, "gradient_norm": 5.990660190582275}
{"time": "2026-10-01T05:38:46.277759+00:00", "event": "train", "step": 2450, "epoch": 1, "lr": 1.4757951482479787e-05, "loss": 2.892854928970337, "choice_ce": 1.1094493865966797, "gold_lm": 2.617004156112671, "replay_lm": 3.367758274078369, "batch_accuracy": 0.53125, "gradient_norm": 6.079577922821045}
{"time": "2026-10-01T05:38:50.117966+00:00", "event": "train", "step": 2500, "epoch": 1, "lr": 1.4650134770889488e-05, "loss": 2.9744136333465576, "choice_ce": 1.1963014602661133, "gold_lm": 2.5899550914764404, "replay_lm": 3.457548141479492, "batch_accuracy": 0.53125, "gradient_norm": 6.500678539276123}
{"time": "2026-10-01T05:38:53.937897+00:00", "event": "train", "step": 2550, "epoch": 1, "lr": 1.4542318059299195e-05, "loss": 2.8768839836120605, "choice_ce": 1.4227163791656494, "gold_lm": 2.770739793777466, "replay_lm": 2.9456818103790283, "batch_accuracy": 0.5625, "gradient_norm": 6.253299713134766}
{"time": "2026-10-01T05:38:57.797255+00:00", "event": "train", "step": 2600, "epoch": 1, "lr": 1.4434501347708895e-05, "loss": 2.7277166843414307, "choice_ce": 1.1113101243972778, "gold_lm": 3.1504383087158203, "replay_lm": 2.768904209136963, "batch_accuracy": 0.5, "gradient_norm": 7.0693535804748535}
{"time": "2026-10-01T05:39:01.663559+00:00", "event": "train", "step": 2650, "epoch": 1, "lr": 1.43266846361186e-05, "loss": 2.56557559967041, "choice_ce": 0.9189130067825317, "gold_lm": 2.7290196418762207, "replay_lm": 2.8477284908294678, "batch_accuracy": 0.65625, "gradient_norm": 5.863240718841553}
{"time": "2026-10-01T05:39:05.492192+00:00", "event": "train", "step": 2700, "epoch": 1, "lr": 1.4218867924528303e-05, "loss": 2.8628973960876465, "choice_ce": 1.1405715942382812, "gold_lm": 2.8346107006073, "replay_lm": 3.1679177284240723, "batch_accuracy": 0.625, "gradient_norm": 5.905005931854248}
{"time": "2026-10-01T05:39:09.307436+00:00", "event": "train", "step": 2750, "epoch": 1, "lr": 1.4111051212938005e-05, "loss": 2.6546809673309326, "choice_ce": 0.879130482673645, "gold_lm": 2.922811269760132, "replay_lm": 2.9688258171081543, "batch_accuracy": 0.46875, "gradient_norm": 5.422074317932129}
{"time": "2026-10-01T05:39:13.145875+00:00", "event": "train", "step": 2800, "epoch": 1, "lr": 1.4003234501347712e-05, "loss": 2.745818614959717, "choice_ce": 1.2149187326431274, "gold_lm": 2.7582764625549316, "replay_lm": 2.897580146789551, "batch_accuracy": 0.46875, "gradient_norm": 6.302193641662598}
{"time": "2026-10-01T05:39:16.984286+00:00", "event": "train", "step": 2850, "epoch": 1, "lr": 1.3895417789757414e-05, "loss": 2.8348679542541504, "choice_ce": 0.9567266702651978, "gold_lm": 2.8421790599823, "replay_lm": 3.291919708251953, "batch_accuracy": 0.5, "gradient_norm": 4.68810510635376}
{"time": "2026-10-01T05:39:20.796243+00:00", "event": "train", "step": 2900, "epoch": 1, "lr": 1.3787601078167117e-05, "loss": 2.9280309677124023, "choice_ce": 1.4172229766845703, "gold_lm": 2.9913065433502197, "replay_lm": 2.943185806274414, "batch_accuracy": 0.46875, "gradient_norm": 8.148120880126953}
{"time": "2026-10-01T05:39:24.607397+00:00", "event": "train", "step": 2950, "epoch": 1, "lr": 1.367978436657682e-05, "loss": 2.710660457611084, "choice_ce": 0.9061117768287659, "gold_lm": 3.012047529220581, "replay_lm": 3.009185314178467, "batch_accuracy": 0.46875, "gradient_norm": 5.091638088226318}
{"time": "2026-10-01T05:39:28.491226+00:00", "event": "train", "step": 3000, "epoch": 1, "lr": 1.3571967654986524e-05, "loss": 2.746638298034668, "choice_ce": 1.02516770362854, "gold_lm": 2.854990243911743, "replay_lm": 3.0406136512756348, "batch_accuracy": 0.46875, "gradient_norm": 5.908898830413818}
{"time": "2026-10-01T05:39:32.352982+00:00", "event": "train", "step": 3050, "epoch": 1, "lr": 1.3464150943396229e-05, "loss": 2.5904388427734375, "choice_ce": 0.747940182685852, "gold_lm": 2.7716903686523438, "replay_lm": 3.0470924377441406, "batch_accuracy": 0.53125, "gradient_norm": 4.188526630401611}
Writing model shards:   0%|          | 0/1 [00:00<?, ?it/s]Writing model shards: 100%|██████████| 1/1 [00:00<00:00,  5.05it/s]Writing model shards: 100%|██████████| 1/1 [00:00<00:00,  5.04it/s]
{"time": "2026-10-01T05:39:36.397373+00:00", "event": "export", "epoch": 1, "step": 3098, "path": "/data/team_a/dave-workspace/Global Innovation Build Challenge V2/v2/runs/round2_full_task_tune_lr2e-5_r0.5/epoch_1/export", "model_sha256": "5436b8d51e0209b4b9bc0435a6805b206a3eecc40d817d8fef2b51bff02bafb4"}
{"time": "2026-10-01T05:39:36.570218+00:00", "event": "train", "step": 3100, "epoch": 2, "lr": 1.335633423180593e-05, "loss": 2.5767874717712402, "choice_ce": 0.8030760288238525, "gold_lm": 2.827141284942627, "replay_lm": 2.9369285106658936, "batch_accuracy": 0.53125, "gradient_norm": 4.25409460067749}
{"time": "2026-10-01T05:39:40.353356+00:00", "event": "train", "step": 3150, "epoch": 2, "lr": 1.3248517520215635e-05, "loss": 2.6054413318634033, "choice_ce": 0.7473377585411072, "gold_lm": 2.674031972885132, "replay_lm": 3.1265289783477783, "batch_accuracy": 0.6875, "gradient_norm": 4.836705207824707}
{"time": "2026-10-01T05:39:44.187953+00:00", "event": "train", "step": 3200, "epoch": 2, "lr": 1.3140700808625337e-05, "loss": 2.6611168384552, "choice_ce": 0.8366738557815552, "gold_lm": 2.7208828926086426, "replay_lm": 3.1251182556152344, "batch_accuracy": 0.5625, "gradient_norm": 4.82871675491333}
{"time": "2026-10-01T05:39:47.972214+00:00", "event": "train", "step": 3250, "epoch": 2, "lr": 1.303288409703504e-05, "loss": 2.475477695465088, "choice_ce": 0.725639820098877, "gold_lm": 2.7426040172576904, "replay_lm": 2.854013204574585, "batch_accuracy": 0.6875, "gradient_norm": 6.69828462600708}
{"time": "2026-10-01T05:39:51.768103+00:00", "event": "train", "step": 3300, "epoch": 2, "lr": 1.2925067385444746e-05, "loss": 2.6234283447265625, "choice_ce": 0.8584935665130615, "gold_lm": 2.795314073562622, "replay_lm": 2.990705966949463, "batch_accuracy": 0.625, "gradient_norm": 5.49961519241333}
{"time": "2026-10-01T05:39:55.596742+00:00", "event": "train", "step": 3350, "epoch": 2, "lr": 1.2817250673854449e-05, "loss": 2.4588677883148193, "choice_ce": 0.6557621955871582, "gold_lm": 2.867431402206421, "replay_lm": 2.8282575607299805, "batch_accuracy": 0.59375, "gradient_norm": 5.068325996398926}
{"time": "2026-10-01T05:39:59.461941+00:00", "event": "train", "step": 3400, "epoch": 2, "lr": 1.2709433962264152e-05, "loss": 2.5665969848632812, "choice_ce": 0.9948582649230957, "gold_lm": 2.8467862606048584, "replay_lm": 2.714942216873169, "batch_accuracy": 0.4375, "gradient_norm": 6.257484436035156}
{"time": "2026-10-01T05:40:03.318401+00:00", "event": "train", "step": 3450, "epoch": 2, "lr": 1.2601617250673854e-05, "loss": 2.6861748695373535, "choice_ce": 0.8258869051933289, "gold_lm": 2.8854868412017822, "replay_lm": 3.1037192344665527, "batch_accuracy": 0.59375, "gradient_norm": 5.745002269744873}
{"time": "2026-10-01T05:40:07.178986+00:00", "event": "train", "step": 3500, "epoch": 2, "lr": 1.249380053908356e-05, "loss": 2.668588399887085, "choice_ce": 0.9806574583053589, "gold_lm": 2.6191043853759766, "replay_lm": 3.046967029571533, "batch_accuracy": 0.5625, "gradient_norm": 6.1538405418396}
{"time": "2026-10-01T05:40:11.016741+00:00", "event": "train", "step": 3550, "epoch": 2, "lr": 1.2385983827493262e-05, "loss": 2.427743434906006, "choice_ce": 0.6648232936859131, "gold_lm": 2.814711570739746, "replay_lm": 2.7833080291748047, "batch_accuracy": 0.71875, "gradient_norm": 4.6349382400512695}
{"time": "2026-10-01T05:40:14.864837+00:00", "event": "train", "step": 3600, "epoch": 2, "lr": 1.2278167115902966e-05, "loss": 2.4103593826293945, "choice_ce": 0.6917997598648071, "gold_lm": 2.7897722721099854, "replay_lm": 2.7340331077575684, "batch_accuracy": 0.65625, "gradient_norm": 6.332467555999756}
{"time": "2026-10-01T05:40:18.732013+00:00", "event": "train", "step": 3650, "epoch": 2, "lr": 1.2170350404312669e-05, "loss": 2.6106395721435547, "choice_ce": 0.8143079280853271, "gold_lm": 2.77843976020813, "replay_lm": 3.0177509784698486, "batch_accuracy": 0.5, "gradient_norm": 6.135003566741943}
{"time": "2026-10-01T05:40:22.555860+00:00", "event": "train", "step": 3700, "epoch": 2, "lr": 1.206253369272237e-05, "loss": 2.497065782546997, "choice_ce": 0.7466980218887329, "gold_lm": 2.7323663234710693, "replay_lm": 2.8812503814697266, "batch_accuracy": 0.84375, "gradient_norm": 6.523737907409668}
{"time": "2026-10-01T05:40:26.364928+00:00", "event": "train", "step": 3750, "epoch": 2, "lr": 1.1954716981132078e-05, "loss": 2.69393253326416, "choice_ce": 1.023193359375, "gold_lm": 2.7464797496795654, "replay_lm": 2.991431713104248, "batch_accuracy": 0.59375, "gradient_norm": 7.569472789764404}
{"time": "2026-10-01T05:40:30.206720+00:00", "event": "train", "step": 3800, "epoch": 2, "lr": 1.184690026954178e-05, "loss": 2.5417988300323486, "choice_ce": 0.8355497121810913, "gold_lm": 2.672182559967041, "replay_lm": 2.911956787109375, "batch_accuracy": 0.65625, "gradient_norm": 7.337644100189209}
{"time": "2026-10-01T05:40:34.061502+00:00", "event": "train", "step": 3850, "epoch": 2, "lr": 1.1739083557951484e-05, "loss": 2.7395682334899902, "choice_ce": 0.9495071768760681, "gold_lm": 2.6819934844970703, "replay_lm": 3.1886324882507324, "batch_accuracy": 0.5625, "gradient_norm": 10.389388084411621}
{"time": "2026-10-01T05:40:37.909874+00:00", "event": "train", "step": 3900, "epoch": 2, "lr": 1.1631266846361186e-05, "loss": 2.612762451171875, "choice_ce": 0.8181102275848389, "gold_lm": 2.8799686431884766, "replay_lm": 2.9674301147460938, "batch_accuracy": 0.59375, "gradient_norm": 5.850856304168701}
{"time": "2026-10-01T05:40:41.789122+00:00", "event": "train", "step": 3950, "epoch": 2, "lr": 1.1523450134770891e-05, "loss": 2.6278488636016846, "choice_ce": 0.9141782522201538, "gold_lm": 2.7598421573638916, "replay_lm": 2.9615983963012695, "batch_accuracy": 0.5, "gradient_norm": 6.986905097961426}
{"time": "2026-10-01T05:40:45.659316+00:00", "event": "train", "step": 4000, "epoch": 2, "lr": 1.1415633423180594e-05, "loss": 2.861678123474121, "choice_ce": 1.1204910278320312, "gold_lm": 2.9254534244537354, "replay_lm": 3.1401383876800537, "batch_accuracy": 0.59375, "gradient_norm": 8.253419876098633}
{"time": "2026-10-01T05:40:49.509076+00:00", "event": "train", "step": 4050, "epoch": 2, "lr": 1.1307816711590296e-05, "loss": 2.508629322052002, "choice_ce": 0.7355008125305176, "gold_lm": 2.7397379875183105, "replay_lm": 2.91188907623291, "batch_accuracy": 0.625, "gradient_norm": 5.025106430053711}
{"time": "2026-10-01T05:40:53.349302+00:00", "event": "train", "step": 4100, "epoch": 2, "lr": 1.1200000000000001e-05, "loss": 2.535740852355957, "choice_ce": 0.8655747175216675, "gold_lm": 2.7347447872161865, "replay_lm": 2.8385348320007324, "batch_accuracy": 0.59375, "gradient_norm": 5.568542003631592}
{"time": "2026-10-01T05:40:57.203793+00:00", "event": "train", "step": 4150, "epoch": 2, "lr": 1.1092183288409703e-05, "loss": 2.497767448425293, "choice_ce": 0.7025020122528076, "gold_lm": 2.655055284500122, "replay_lm": 2.9655051231384277, "batch_accuracy": 0.625, "gradient_norm": 6.385115146636963}
{"time": "2026-10-01T05:41:01.081547+00:00", "event": "train", "step": 4200, "epoch": 2, "lr": 1.0984366576819408e-05, "loss": 2.608339548110962, "choice_ce": 0.8595809936523438, "gold_lm": 2.7709529399871826, "replay_lm": 2.971621513366699, "batch_accuracy": 0.78125, "gradient_norm": 5.926431179046631}
{"time": "2026-10-01T05:41:04.874469+00:00", "event": "train", "step": 4250, "epoch": 2, "lr": 1.0876549865229111e-05, "loss": 2.7112655639648438, "choice_ce": 0.8712317943572998, "gold_lm": 2.8793203830718994, "replay_lm": 3.1116390228271484, "batch_accuracy": 0.59375, "gradient_norm": 7.420883655548096}
{"time": "2026-10-01T05:41:08.709859+00:00", "event": "train", "step": 4300, "epoch": 2, "lr": 1.0768733153638815e-05, "loss": 2.8885278701782227, "choice_ce": 1.285200834274292, "gold_lm": 2.8827905654907227, "replay_lm": 3.050459384918213, "batch_accuracy": 0.75, "gradient_norm": 6.918152332305908}
{"time": "2026-10-01T05:41:12.640560+00:00", "event": "train", "step": 4350, "epoch": 2, "lr": 1.066091644204852e-05, "loss": 2.803867816925049, "choice_ce": 1.0003994703292847, "gold_lm": 2.8184332847595215, "replay_lm": 3.198119640350342, "batch_accuracy": 0.71875, "gradient_norm": 8.132343292236328}
{"time": "2026-10-01T05:41:16.472175+00:00", "event": "train", "step": 4400, "epoch": 2, "lr": 1.055309973045822e-05, "loss": 2.5031721591949463, "choice_ce": 0.692591667175293, "gold_lm": 2.752939462661743, "replay_lm": 2.9372830390930176, "batch_accuracy": 0.6875, "gradient_norm": 5.6968302726745605}
{"time": "2026-10-01T05:41:20.332389+00:00", "event": "train", "step": 4450, "epoch": 2, "lr": 1.0445283018867926e-05, "loss": 2.6408801078796387, "choice_ce": 0.8522571325302124, "gold_lm": 2.7078874111175537, "replay_lm": 3.075559139251709, "batch_accuracy": 0.6875, "gradient_norm": 5.100090980529785}
{"time": "2026-10-01T05:41:24.139371+00:00", "event": "train", "step": 4500, "epoch": 2, "lr": 1.0337466307277628e-05, "loss": 2.6577298641204834, "choice_ce": 0.8062659502029419, "gold_lm": 2.8098976612091064, "replay_lm": 3.1042449474334717, "batch_accuracy": 0.65625, "gradient_norm": 7.626197814941406}
{"time": "2026-10-01T05:41:27.975898+00:00", "event": "train", "step": 4550, "epoch": 2, "lr": 1.0229649595687332e-05, "loss": 2.5310163497924805, "choice_ce": 0.6852292418479919, "gold_lm": 2.9610965251922607, "replay_lm": 2.8962554931640625, "batch_accuracy": 0.5625, "gradient_norm": 5.481934547424316}
{"time": "2026-10-01T05:41:31.778930+00:00", "event": "train", "step": 4600, "epoch": 2, "lr": 1.0121832884097037e-05, "loss": 3.1176140308380127, "choice_ce": 2.0629396438598633, "gold_lm": 2.717447280883789, "replay_lm": 2.8135647773742676, "batch_accuracy": 0.59375, "gradient_norm": 7.423079490661621}
{"time": "2026-10-01T05:41:35.637561+00:00", "event": "train", "step": 4650, "epoch": 2, "lr": 1.001401617250674e-05, "loss": 2.377263069152832, "choice_ce": 0.6221503019332886, "gold_lm": 2.7961173057556152, "replay_lm": 2.7343173027038574, "batch_accuracy": 0.8125, "gradient_norm": 4.956535816192627}
{"time": "2026-10-01T05:41:39.515031+00:00", "event": "train", "step": 4700, "epoch": 2, "lr": 9.906199460916443e-06, "loss": 2.690248489379883, "choice_ce": 0.6886849403381348, "gold_lm": 2.7337522506713867, "replay_lm": 3.3249356746673584, "batch_accuracy": 0.8125, "gradient_norm": 5.541966915130615}
{"time": "2026-10-01T05:41:43.350219+00:00", "event": "train", "step": 4750, "epoch": 2, "lr": 9.798382749326147e-06, "loss": 2.500931739807129, "choice_ce": 0.8347331881523132, "gold_lm": 2.7648377418518066, "replay_lm": 2.7847113609313965, "batch_accuracy": 0.59375, "gradient_norm": 7.599426746368408}
{"time": "2026-10-01T05:41:47.180867+00:00", "event": "train", "step": 4800, "epoch": 2, "lr": 9.690566037735848e-06, "loss": 2.5487208366394043, "choice_ce": 0.8648344874382019, "gold_lm": 2.630305767059326, "replay_lm": 2.917454242706299, "batch_accuracy": 0.71875, "gradient_norm": 7.292586326599121}
{"time": "2026-10-01T05:41:50.982996+00:00", "event": "train", "step": 4850, "epoch": 2, "lr": 9.582749326145553e-06, "loss": 2.4655346870422363, "choice_ce": 0.6323768496513367, "gold_lm": 2.8444292545318604, "replay_lm": 2.8764781951904297, "batch_accuracy": 0.75, "gradient_norm": 5.26371431350708}
{"time": "2026-10-01T05:41:54.815541+00:00", "event": "train", "step": 4900, "epoch": 2, "lr": 9.474932614555257e-06, "loss": 2.676980972290039, "choice_ce": 0.9334678649902344, "gold_lm": 2.62746262550354, "replay_lm": 3.106762647628784, "batch_accuracy": 0.75, "gradient_norm": 8.526235580444336}
{"time": "2026-10-01T05:41:58.720354+00:00", "event": "train", "step": 4950, "epoch": 2, "lr": 9.36711590296496e-06, "loss": 2.634089946746826, "choice_ce": 0.7214288711547852, "gold_lm": 2.9014461040496826, "replay_lm": 3.0960280895233154, "batch_accuracy": 0.65625, "gradient_norm": 5.561891555786133}
{"time": "2026-10-01T05:42:02.589789+00:00", "event": "train", "step": 5000, "epoch": 2, "lr": 9.259299191374664e-06, "loss": 2.360602855682373, "choice_ce": 0.6283629536628723, "gold_lm": 2.7524514198303223, "replay_lm": 2.7166171073913574, "batch_accuracy": 0.78125, "gradient_norm": 4.473715782165527}
{"time": "2026-10-01T05:42:06.467290+00:00", "event": "train", "step": 5050, "epoch": 2, "lr": 9.151482479784369e-06, "loss": 2.699276924133301, "choice_ce": 1.0296714305877686, "gold_lm": 2.7854628562927246, "replay_lm": 2.9761509895324707, "batch_accuracy": 0.5625, "gradient_norm": 9.709190368652344}
{"time": "2026-10-01T05:42:10.311894+00:00", "event": "train", "step": 5100, "epoch": 2, "lr": 9.04366576819407e-06, "loss": 2.6635284423828125, "choice_ce": 0.7529987096786499, "gold_lm": 2.9164233207702637, "replay_lm": 3.115846633911133, "batch_accuracy": 0.6875, "gradient_norm": 7.12618350982666}
{"time": "2026-10-01T05:42:14.112762+00:00", "event": "train", "step": 5150, "epoch": 2, "lr": 8.935849056603774e-06, "loss": 2.6202502250671387, "choice_ce": 0.8731702566146851, "gold_lm": 2.8633077144622803, "replay_lm": 2.9356765747070312, "batch_accuracy": 0.4375, "gradient_norm": 6.772538185119629}
{"time": "2026-10-01T05:42:17.929208+00:00", "event": "train", "step": 5200, "epoch": 2, "lr": 8.828032345013477e-06, "loss": 2.589600086212158, "choice_ce": 0.8427008390426636, "gold_lm": 2.7470004558563232, "replay_lm": 2.962998867034912, "batch_accuracy": 0.6875, "gradient_norm": 6.928369998931885}
{"time": "2026-10-01T05:42:21.814588+00:00", "event": "train", "step": 5250, "epoch": 2, "lr": 8.720215633423182e-06, "loss": 2.818824291229248, "choice_ce": 1.1512770652770996, "gold_lm": 2.729494571685791, "replay_lm": 3.121623992919922, "batch_accuracy": 0.59375, "gradient_norm": 7.481958389282227}
{"time": "2026-10-01T05:42:25.616379+00:00", "event": "train", "step": 5300, "epoch": 2, "lr": 8.612398921832886e-06, "loss": 2.4283642768859863, "choice_ce": 0.7544699907302856, "gold_lm": 2.7545037269592285, "replay_lm": 2.725006580352783, "batch_accuracy": 0.53125, "gradient_norm": 5.701809406280518}
{"time": "2026-10-01T05:42:29.473302+00:00", "event": "train", "step": 5350, "epoch": 2, "lr": 8.504582210242589e-06, "loss": 2.4770772457122803, "choice_ce": 0.6888563632965088, "gold_lm": 2.6998279094696045, "replay_lm": 2.915384292602539, "batch_accuracy": 0.5625, "gradient_norm": 5.299802780151367}
{"time": "2026-10-01T05:42:33.305947+00:00", "event": "train", "step": 5400, "epoch": 2, "lr": 8.396765498652292e-06, "loss": 2.627755641937256, "choice_ce": 0.8906533718109131, "gold_lm": 2.817180633544922, "replay_lm": 2.956267833709717, "batch_accuracy": 0.59375, "gradient_norm": 4.963685512542725}
{"time": "2026-10-01T05:42:37.126391+00:00", "event": "train", "step": 5450, "epoch": 2, "lr": 8.288948787061994e-06, "loss": 2.6335461139678955, "choice_ce": 0.7850127816200256, "gold_lm": 2.7947092056274414, "replay_lm": 3.0847249031066895, "batch_accuracy": 0.625, "gradient_norm": 6.614381313323975}
{"time": "2026-10-01T05:42:40.989670+00:00", "event": "train", "step": 5500, "epoch": 2, "lr": 8.181132075471699e-06, "loss": 2.7291207313537598, "choice_ce": 0.8320578336715698, "gold_lm": 2.7501378059387207, "replay_lm": 3.251115083694458, "batch_accuracy": 0.53125, "gradient_norm": 7.777617931365967}
{"time": "2026-10-01T05:42:44.910501+00:00", "event": "train", "step": 5550, "epoch": 2, "lr": 8.073315363881402e-06, "loss": 2.6595981121063232, "choice_ce": 0.8904529213905334, "gold_lm": 2.7120494842529297, "replay_lm": 3.072718620300293, "batch_accuracy": 0.65625, "gradient_norm": 8.226265907287598}
{"time": "2026-10-01T05:42:48.756863+00:00", "event": "train", "step": 5600, "epoch": 2, "lr": 7.965498652291106e-06, "loss": 2.4226109981536865, "choice_ce": 0.7155144214630127, "gold_lm": 2.752373456954956, "replay_lm": 2.753520965576172, "batch_accuracy": 0.65625, "gradient_norm": 6.78961706161499}
{"time": "2026-10-01T05:42:52.643056+00:00", "event": "train", "step": 5650, "epoch": 2, "lr": 7.857681940700809e-06, "loss": 2.4689862728118896, "choice_ce": 0.6702776551246643, "gold_lm": 2.8694896697998047, "replay_lm": 2.8329501152038574, "batch_accuracy": 0.78125, "gradient_norm": 6.390707492828369}
{"time": "2026-10-01T05:42:56.470134+00:00", "event": "train", "step": 5700, "epoch": 2, "lr": 7.749865229110514e-06, "loss": 2.7204456329345703, "choice_ce": 0.9603209495544434, "gold_lm": 2.899083375930786, "replay_lm": 3.0310287475585938, "batch_accuracy": 0.53125, "gradient_norm": 7.93393611907959}
{"time": "2026-10-01T05:43:00.285102+00:00", "event": "train", "step": 5750, "epoch": 2, "lr": 7.642048517520216e-06, "loss": 2.5231077671051025, "choice_ce": 0.9045020937919617, "gold_lm": 2.7407329082489014, "replay_lm": 2.7713470458984375, "batch_accuracy": 0.65625, "gradient_norm": 5.144791603088379}
{"time": "2026-10-01T05:43:04.089360+00:00", "event": "train", "step": 5800, "epoch": 2, "lr": 7.534231805929919e-06, "loss": 2.470731496810913, "choice_ce": 0.8098375797271729, "gold_lm": 2.6785635948181152, "replay_lm": 2.7923436164855957, "batch_accuracy": 0.75, "gradient_norm": 6.442801475524902}
{"time": "2026-10-01T05:43:07.914640+00:00", "event": "train", "step": 5850, "epoch": 2, "lr": 7.426415094339623e-06, "loss": 2.8111321926116943, "choice_ce": 0.7865428924560547, "gold_lm": 2.7851741313934326, "replay_lm": 3.443134307861328, "batch_accuracy": 0.53125, "gradient_norm": 6.880701065063477}
{"time": "2026-10-01T05:43:11.767120+00:00", "event": "train", "step": 5900, "epoch": 2, "lr": 7.318598382749327e-06, "loss": 2.748016595840454, "choice_ce": 0.666515588760376, "gold_lm": 2.7164337635040283, "replay_lm": 3.4713006019592285, "batch_accuracy": 0.6875, "gradient_norm": 5.920506000518799}
{"time": "2026-10-01T05:43:15.750431+00:00", "event": "train", "step": 5950, "epoch": 2, "lr": 7.21078167115903e-06, "loss": 2.5624289512634277, "choice_ce": 0.7512916326522827, "gold_lm": 2.837238311767578, "replay_lm": 2.954946994781494, "batch_accuracy": 0.65625, "gradient_norm": 6.727012634277344}
{"time": "2026-10-01T05:43:19.643416+00:00", "event": "train", "step": 6000, "epoch": 2, "lr": 7.102964959568734e-06, "loss": 2.45892071723938, "choice_ce": 0.8530950546264648, "gold_lm": 2.7076218128204346, "replay_lm": 2.710935592651367, "batch_accuracy": 0.5, "gradient_norm": 6.233150959014893}
{"time": "2026-10-01T05:43:23.471827+00:00", "event": "train", "step": 6050, "epoch": 2, "lr": 6.995148247978439e-06, "loss": 2.5869054794311523, "choice_ce": 0.934874415397644, "gold_lm": 2.552438735961914, "replay_lm": 2.962717056274414, "batch_accuracy": 0.5, "gradient_norm": 6.397960662841797}
{"time": "2026-10-01T05:43:27.354115+00:00", "event": "train", "step": 6100, "epoch": 2, "lr": 6.88733153638814e-06, "loss": 2.7169642448425293, "choice_ce": 0.9857667684555054, "gold_lm": 2.7280185222625732, "replay_lm": 3.0841526985168457, "batch_accuracy": 0.65625, "gradient_norm": 8.61269760131836}
{"time": "2026-10-01T05:43:31.169644+00:00", "event": "train", "step": 6150, "epoch": 2, "lr": 6.779514824797844e-06, "loss": 2.502391815185547, "choice_ce": 0.7082071304321289, "gold_lm": 2.7227988243103027, "replay_lm": 2.9351768493652344, "batch_accuracy": 0.6875, "gradient_norm": 7.847153663635254}
Writing model shards:   0%|          | 0/1 [00:00<?, ?it/s]Writing model shards: 100%|██████████| 1/1 [00:00<00:00,  4.94it/s]Writing model shards: 100%|██████████| 1/1 [00:00<00:00,  4.94it/s]
{"time": "2026-10-01T05:43:35.163616+00:00", "event": "export", "epoch": 2, "step": 6196, "path": "/data/team_a/dave-workspace/Global Innovation Build Challenge V2/v2/runs/round2_full_task_tune_lr2e-5_r0.5/epoch_2/export", "model_sha256": "d7468ec4f343897cc2ae92d9c7bfe46055933b239f66428007456e25a3effac6"}
{"time": "2026-10-01T05:43:35.493940+00:00", "event": "train", "step": 6200, "epoch": 3, "lr": 6.671698113207548e-06, "loss": 2.546926975250244, "choice_ce": 0.6931174993515015, "gold_lm": 2.6492257118225098, "replay_lm": 3.0761237144470215, "batch_accuracy": 0.59375, "gradient_norm": 4.431397914886475}
{"time": "2026-10-01T05:43:39.288689+00:00", "event": "train", "step": 6250, "epoch": 3, "lr": 6.563881401617251e-06, "loss": 2.444303512573242, "choice_ce": 0.51163649559021, "gold_lm": 2.7940425872802734, "replay_lm": 2.9799492359161377, "batch_accuracy": 0.6875, "gradient_norm": 5.545977592468262}
{"time": "2026-10-01T05:43:43.128726+00:00", "event": "train", "step": 6300, "epoch": 3, "lr": 6.4560646900269555e-06, "loss": 2.572261095046997, "choice_ce": 0.6616532206535339, "gold_lm": 2.693295478820801, "replay_lm": 3.136221170425415, "batch_accuracy": 0.65625, "gradient_norm": 6.540284633636475}
{"time": "2026-10-01T05:43:46.970567+00:00", "event": "train", "step": 6350, "epoch": 3, "lr": 6.348247978436659e-06, "loss": 2.577519178390503, "choice_ce": 0.6087032556533813, "gold_lm": 2.6368041038513184, "replay_lm": 3.227932929992676, "batch_accuracy": 0.75, "gradient_norm": 4.972084045410156}
{"time": "2026-10-01T05:43:50.768170+00:00", "event": "train", "step": 6400, "epoch": 3, "lr": 6.2404312668463605e-06, "loss": 2.4526712894439697, "choice_ce": 0.6920000314712524, "gold_lm": 2.7423408031463623, "replay_lm": 2.842172145843506, "batch_accuracy": 0.53125, "gradient_norm": 6.8977508544921875}
{"time": "2026-10-01T05:43:54.598441+00:00", "event": "train", "step": 6450, "epoch": 3, "lr": 6.132614555256065e-06, "loss": 2.5196032524108887, "choice_ce": 0.7090530395507812, "gold_lm": 2.7302944660186768, "replay_lm": 2.965006113052368, "batch_accuracy": 0.6875, "gradient_norm": 5.407917022705078}
{"time": "2026-10-01T05:43:58.464179+00:00", "event": "train", "step": 6500, "epoch": 3, "lr": 6.024797843665768e-06, "loss": 2.2492740154266357, "choice_ce": 0.5393308401107788, "gold_lm": 2.657501697540283, "replay_lm": 2.6304664611816406, "batch_accuracy": 0.8125, "gradient_norm": 6.5478196144104}
{"time": "2026-10-01T05:44:02.302157+00:00", "event": "train", "step": 6550, "epoch": 3, "lr": 5.916981132075472e-06, "loss": 2.436396598815918, "choice_ce": 0.5018299221992493, "gold_lm": 2.7886314392089844, "replay_lm": 2.9766478538513184, "batch_accuracy": 0.8125, "gradient_norm": 4.37519645690918}
{"time": "2026-10-01T05:44:06.158326+00:00", "event": "train", "step": 6600, "epoch": 3, "lr": 5.809164420485176e-06, "loss": 2.323986768722534, "choice_ce": 0.5517455339431763, "gold_lm": 2.5413291454315186, "replay_lm": 2.825563430786133, "batch_accuracy": 0.84375, "gradient_norm": 4.651219844818115}
{"time": "2026-10-01T05:44:10.021687+00:00", "event": "train", "step": 6650, "epoch": 3, "lr": 5.70134770889488e-06, "loss": 2.552003860473633, "choice_ce": 0.5661781430244446, "gold_lm": 2.824082136154175, "replay_lm": 3.125788688659668, "batch_accuracy": 0.8125, "gradient_norm": 3.352426528930664}
{"time": "2026-10-01T05:44:13.933087+00:00", "event": "train", "step": 6700, "epoch": 3, "lr": 5.593530997304583e-06, "loss": 2.5915932655334473, "choice_ce": 0.6272752285003662, "gold_lm": 2.7023184299468994, "replay_lm": 3.204751968383789, "batch_accuracy": 0.59375, "gradient_norm": 6.259315490722656}
{"time": "2026-10-01T05:44:17.775762+00:00", "event": "train", "step": 6750, "epoch": 3, "lr": 5.485714285714285e-06, "loss": 2.329463005065918, "choice_ce": 0.5522164106369019, "gold_lm": 2.680271625518799, "replay_lm": 2.766573905944824, "batch_accuracy": 0.65625, "gradient_norm": 4.758476257324219}
{"time": "2026-10-01T05:44:21.562979+00:00", "event": "train", "step": 6800, "epoch": 3, "lr": 5.377897574123989e-06, "loss": 2.4721970558166504, "choice_ce": 0.5031160116195679, "gold_lm": 2.831749439239502, "replay_lm": 3.0254034996032715, "batch_accuracy": 0.6875, "gradient_norm": 4.378194332122803}
{"time": "2026-10-01T05:44:25.479716+00:00", "event": "train", "step": 6850, "epoch": 3, "lr": 5.270080862533693e-06, "loss": 2.4530227184295654, "choice_ce": 0.6328941583633423, "gold_lm": 2.533998489379883, "replay_lm": 3.0061521530151367, "batch_accuracy": 0.65625, "gradient_norm": 7.953377723693848}
{"time": "2026-10-01T05:44:29.419194+00:00", "event": "train", "step": 6900, "epoch": 3, "lr": 5.162264150943397e-06, "loss": 2.4263253211975098, "choice_ce": 0.48055675625801086, "gold_lm": 2.772529125213623, "replay_lm": 2.9858291149139404, "batch_accuracy": 0.8125, "gradient_norm": 4.054680347442627}
{"time": "2026-10-01T05:44:33.243717+00:00", "event": "train", "step": 6950, "epoch": 3, "lr": 5.054447439353101e-06, "loss": 2.409219264984131, "choice_ce": 0.6417731642723083, "gold_lm": 2.674926996231079, "replay_lm": 2.8392019271850586, "batch_accuracy": 0.84375, "gradient_norm": 6.372555732727051}
{"time": "2026-10-01T05:44:37.123848+00:00", "event": "train", "step": 7000, "epoch": 3, "lr": 4.946630727762804e-06, "loss": 2.5150070190429688, "choice_ce": 0.6149370670318604, "gold_lm": 2.6872799396514893, "replay_lm": 3.071436882019043, "batch_accuracy": 0.65625, "gradient_norm": 5.254611492156982}
{"time": "2026-10-01T05:44:40.953838+00:00", "event": "train", "step": 7050, "epoch": 3, "lr": 4.838814016172506e-06, "loss": 2.350372552871704, "choice_ce": 0.5321922302246094, "gold_lm": 2.469573736190796, "replay_lm": 2.9337661266326904, "batch_accuracy": 0.6875, "gradient_norm": 4.834362983703613}
{"time": "2026-10-01T05:44:44.797512+00:00", "event": "train", "step": 7100, "epoch": 3, "lr": 4.73099730458221e-06, "loss": 2.524444341659546, "choice_ce": 0.49369102716445923, "gold_lm": 2.7210330963134766, "replay_lm": 3.194681167602539, "batch_accuracy": 0.84375, "gradient_norm": 7.0329813957214355}
{"time": "2026-10-01T05:44:48.588038+00:00", "event": "train", "step": 7150, "epoch": 3, "lr": 4.623180592991914e-06, "loss": 2.52405047416687, "choice_ce": 0.6498000621795654, "gold_lm": 2.6647403240203857, "replay_lm": 3.0659306049346924, "batch_accuracy": 0.6875, "gradient_norm": 7.096345901489258}
{"time": "2026-10-01T05:44:52.423354+00:00", "event": "train", "step": 7200, "epoch": 3, "lr": 4.515363881401618e-06, "loss": 2.8070266246795654, "choice_ce": 0.8710899353027344, "gold_lm": 2.6794567108154297, "replay_lm": 3.4032349586486816, "batch_accuracy": 0.75, "gradient_norm": 7.548342704772949}
{"time": "2026-10-01T05:44:56.259551+00:00", "event": "train", "step": 7250, "epoch": 3, "lr": 4.407547169811321e-06, "loss": 2.4487178325653076, "choice_ce": 0.5130245685577393, "gold_lm": 2.8038084506988525, "replay_lm": 2.9825069904327393, "batch_accuracy": 0.84375, "gradient_norm": 5.298994064331055}
{"time": "2026-10-01T05:45:00.103724+00:00", "event": "train", "step": 7300, "epoch": 3, "lr": 4.2997304582210255e-06, "loss": 2.4425673484802246, "choice_ce": 0.6226457953453064, "gold_lm": 2.783198356628418, "replay_lm": 2.870889663696289, "batch_accuracy": 0.75, "gradient_norm": 6.210994243621826}
{"time": "2026-10-01T05:45:03.896341+00:00", "event": "train", "step": 7350, "epoch": 3, "lr": 4.191913746630729e-06, "loss": 2.4963736534118652, "choice_ce": 0.536821722984314, "gold_lm": 2.632143259048462, "replay_lm": 3.1398539543151855, "batch_accuracy": 0.78125, "gradient_norm": 5.770750999450684}
{"time": "2026-10-01T05:45:07.711850+00:00", "event": "train", "step": 7400, "epoch": 3, "lr": 4.0840970350404305e-06, "loss": 2.275120973587036, "choice_ce": 0.49046820402145386, "gold_lm": 2.627690076828003, "replay_lm": 2.7459287643432617, "batch_accuracy": 0.78125, "gradient_norm": 6.267606258392334}
{"time": "2026-10-01T05:45:11.543534+00:00", "event": "train", "step": 7450, "epoch": 3, "lr": 3.976280323450135e-06, "loss": 2.4424045085906982, "choice_ce": 0.640181303024292, "gold_lm": 2.7066519260406494, "replay_lm": 2.8913016319274902, "batch_accuracy": 0.625, "gradient_norm": 5.598180294036865}
{"time": "2026-10-01T05:45:15.401346+00:00", "event": "train", "step": 7500, "epoch": 3, "lr": 3.868463611859838e-06, "loss": 2.437411308288574, "choice_ce": 0.4966490864753723, "gold_lm": 2.69572377204895, "replay_lm": 3.0303115844726562, "batch_accuracy": 0.65625, "gradient_norm": 3.9735398292541504}
{"time": "2026-10-01T05:45:19.237351+00:00", "event": "train", "step": 7550, "epoch": 3, "lr": 3.7606469002695423e-06, "loss": 2.4748520851135254, "choice_ce": 0.5448877215385437, "gold_lm": 2.801116943359375, "replay_lm": 3.0042576789855957, "batch_accuracy": 0.75, "gradient_norm": 4.879828929901123}
{"time": "2026-10-01T05:45:23.155067+00:00", "event": "train", "step": 7600, "epoch": 3, "lr": 3.652830188679246e-06, "loss": 2.4643282890319824, "choice_ce": 0.5825250744819641, "gold_lm": 2.6069560050964355, "replay_lm": 3.0426535606384277, "batch_accuracy": 0.78125, "gradient_norm": 4.360559940338135}
{"time": "2026-10-01T05:45:26.923340+00:00", "event": "train", "step": 7650, "epoch": 3, "lr": 3.54501347708895e-06, "loss": 2.356797933578491, "choice_ce": 0.4790327548980713, "gold_lm": 2.5861525535583496, "replay_lm": 2.9414868354797363, "batch_accuracy": 0.8125, "gradient_norm": 4.967339038848877}
{"time": "2026-10-01T05:45:30.788973+00:00", "event": "train", "step": 7700, "epoch": 3, "lr": 3.4371967654986516e-06, "loss": 2.298468589782715, "choice_ce": 0.4104945659637451, "gold_lm": 2.6098268032073975, "replay_lm": 2.8815290927886963, "batch_accuracy": 0.875, "gradient_norm": 6.290945053100586}
{"time": "2026-10-01T05:45:34.630690+00:00", "event": "train", "step": 7750, "epoch": 3, "lr": 3.3293800539083554e-06, "loss": 2.4703071117401123, "choice_ce": 0.60502690076828, "gold_lm": 2.5861194133758545, "replay_lm": 3.042527675628662, "batch_accuracy": 0.75, "gradient_norm": 8.77212905883789}
{"time": "2026-10-01T05:45:38.451951+00:00", "event": "train", "step": 7800, "epoch": 3, "lr": 3.221563342318059e-06, "loss": 2.5638985633850098, "choice_ce": 0.567375898361206, "gold_lm": 2.70499324798584, "replay_lm": 3.2079243659973145, "batch_accuracy": 0.71875, "gradient_norm": 4.55670690536499}
{"time": "2026-10-01T05:45:42.301096+00:00", "event": "train", "step": 7850, "epoch": 3, "lr": 3.113746630727763e-06, "loss": 2.5454535484313965, "choice_ce": 0.5067670345306396, "gold_lm": 2.7197773456573486, "replay_lm": 3.2242512702941895, "batch_accuracy": 0.78125, "gradient_norm": 5.160068988800049}
{"time": "2026-10-01T05:45:46.252463+00:00", "event": "train", "step": 7900, "epoch": 3, "lr": 3.0059299191374668e-06, "loss": 2.547276496887207, "choice_ce": 0.6214790344238281, "gold_lm": 2.8417084217071533, "replay_lm": 3.0522196292877197, "batch_accuracy": 0.625, "gradient_norm": 9.251904487609863}
{"time": "2026-10-01T05:45:50.151764+00:00", "event": "train", "step": 7950, "epoch": 3, "lr": 2.8981132075471706e-06, "loss": 2.7812018394470215, "choice_ce": 0.6719287633895874, "gold_lm": 2.5788981914520264, "replay_lm": 3.6010260581970215, "batch_accuracy": 0.8125, "gradient_norm": 6.337754726409912}
{"time": "2026-10-01T05:45:53.951765+00:00", "event": "train", "step": 8000, "epoch": 3, "lr": 2.7902964959568744e-06, "loss": 2.4776430130004883, "choice_ce": 0.5647413730621338, "gold_lm": 2.6963117122650146, "replay_lm": 3.042388916015625, "batch_accuracy": 0.71875, "gradient_norm": 5.9674577713012695}
{"time": "2026-10-01T05:45:57.805739+00:00", "event": "train", "step": 8050, "epoch": 3, "lr": 2.682479784366576e-06, "loss": 2.484825611114502, "choice_ce": 0.5949478149414062, "gold_lm": 2.774750232696533, "replay_lm": 2.987328052520752, "batch_accuracy": 0.78125, "gradient_norm": 7.6762590408325195}
{"time": "2026-10-01T05:46:01.626316+00:00", "event": "train", "step": 8100, "epoch": 3, "lr": 2.57466307277628e-06, "loss": 2.4573307037353516, "choice_ce": 0.5206084251403809, "gold_lm": 2.7278003692626953, "replay_lm": 3.0301527976989746, "batch_accuracy": 0.71875, "gradient_norm": 5.073520660400391}
{"time": "2026-10-01T05:46:05.458310+00:00", "event": "train", "step": 8150, "epoch": 3, "lr": 2.466846361185984e-06, "loss": 2.414961338043213, "choice_ce": 0.510008692741394, "gold_lm": 2.537149429321289, "replay_lm": 3.0513391494750977, "batch_accuracy": 0.75, "gradient_norm": 5.879441738128662}
{"time": "2026-10-01T05:46:09.327806+00:00", "event": "train", "step": 8200, "epoch": 3, "lr": 2.359029649595688e-06, "loss": 2.4900741577148438, "choice_ce": 0.4928724467754364, "gold_lm": 2.749600887298584, "replay_lm": 3.112475633621216, "batch_accuracy": 0.71875, "gradient_norm": 5.775604724884033}
{"time": "2026-10-01T05:46:13.192053+00:00", "event": "train", "step": 8250, "epoch": 3, "lr": 2.2512129380053916e-06, "loss": 2.4536876678466797, "choice_ce": 0.581264853477478, "gold_lm": 2.519883394241333, "replay_lm": 3.066168785095215, "batch_accuracy": 0.8125, "gradient_norm": 5.16540002822876}
{"time": "2026-10-01T05:46:17.021384+00:00", "event": "train", "step": 8300, "epoch": 3, "lr": 2.1433962264150954e-06, "loss": 2.400235176086426, "choice_ce": 0.7787679433822632, "gold_lm": 2.687133312225342, "replay_lm": 2.678135871887207, "batch_accuracy": 0.625, "gradient_norm": 7.01195764541626}
{"time": "2026-10-01T05:46:20.851466+00:00", "event": "train", "step": 8350, "epoch": 3, "lr": 2.035579514824797e-06, "loss": 2.4995412826538086, "choice_ce": 0.5335640907287598, "gold_lm": 2.708547592163086, "replay_lm": 3.1112446784973145, "batch_accuracy": 0.78125, "gradient_norm": 4.285525321960449}
{"time": "2026-10-01T05:46:24.711561+00:00", "event": "train", "step": 8400, "epoch": 3, "lr": 1.927762803234501e-06, "loss": 2.3864784240722656, "choice_ce": 0.7195495367050171, "gold_lm": 2.6059277057647705, "replay_lm": 2.750443458557129, "batch_accuracy": 0.65625, "gradient_norm": 6.129794597625732}
{"time": "2026-10-01T05:46:28.528127+00:00", "event": "train", "step": 8450, "epoch": 3, "lr": 1.8199460916442047e-06, "loss": 2.3576221466064453, "choice_ce": 0.510722279548645, "gold_lm": 2.7921969890594482, "replay_lm": 2.8084235191345215, "batch_accuracy": 0.8125, "gradient_norm": 4.872836112976074}
{"time": "2026-10-01T05:46:32.290353+00:00", "event": "train", "step": 8500, "epoch": 3, "lr": 1.7121293800539085e-06, "loss": 2.4397084712982178, "choice_ce": 0.5559873580932617, "gold_lm": 2.7066776752471924, "replay_lm": 2.970090866088867, "batch_accuracy": 0.8125, "gradient_norm": 6.724372863769531}
{"time": "2026-10-01T05:46:36.166541+00:00", "event": "train", "step": 8550, "epoch": 3, "lr": 1.6043126684636123e-06, "loss": 2.4027466773986816, "choice_ce": 0.5642073154449463, "gold_lm": 2.677053451538086, "replay_lm": 2.902759075164795, "batch_accuracy": 0.65625, "gradient_norm": 5.627533435821533}
{"time": "2026-10-01T05:46:39.963879+00:00", "event": "train", "step": 8600, "epoch": 3, "lr": 1.496495956873316e-06, "loss": 2.347472667694092, "choice_ce": 0.4536551833152771, "gold_lm": 2.6144797801971436, "replay_lm": 2.9340500831604004, "batch_accuracy": 0.78125, "gradient_norm": 4.3172101974487305}
{"time": "2026-10-01T05:46:43.784759+00:00", "event": "train", "step": 8650, "epoch": 3, "lr": 1.38867924528302e-06, "loss": 2.49168062210083, "choice_ce": 0.750851035118103, "gold_lm": 2.6785569190979004, "replay_lm": 2.8932316303253174, "batch_accuracy": 0.71875, "gradient_norm": 7.169094562530518}
{"time": "2026-10-01T05:46:47.654102+00:00", "event": "train", "step": 8700, "epoch": 3, "lr": 1.2808625336927216e-06, "loss": 2.455944776535034, "choice_ce": 0.46753790974617004, "gold_lm": 2.731361150741577, "replay_lm": 3.0786712169647217, "batch_accuracy": 0.84375, "gradient_norm": 5.0406599044799805}
{"time": "2026-10-01T05:46:51.447958+00:00", "event": "train", "step": 8750, "epoch": 3, "lr": 1.1730458221024254e-06, "loss": 2.551013231277466, "choice_ce": 0.8799988031387329, "gold_lm": 2.621835708618164, "replay_lm": 2.9111099243164062, "batch_accuracy": 0.71875, "gradient_norm": 7.787440299987793}
{"time": "2026-10-01T05:46:55.314155+00:00", "event": "train", "step": 8800, "epoch": 3, "lr": 1.0652291105121294e-06, "loss": 2.3926751613616943, "choice_ce": 0.5660765171051025, "gold_lm": 2.511380910873413, "replay_lm": 2.963583469390869, "batch_accuracy": 0.71875, "gradient_norm": 5.299684524536133}
{"time": "2026-10-01T05:46:59.173350+00:00", "event": "train", "step": 8850, "epoch": 3, "lr": 9.574123989218332e-07, "loss": 2.398326873779297, "choice_ce": 0.6762487888336182, "gold_lm": 2.6711320877075195, "replay_lm": 2.784838914871216, "batch_accuracy": 0.65625, "gradient_norm": 6.586787223815918}
{"time": "2026-10-01T05:47:03.049876+00:00", "event": "train", "step": 8900, "epoch": 3, "lr": 8.49595687331537e-07, "loss": 2.4080116748809814, "choice_ce": 0.5200402140617371, "gold_lm": 2.5474371910095215, "replay_lm": 3.0222644805908203, "batch_accuracy": 0.78125, "gradient_norm": 4.060323715209961}
{"time": "2026-10-01T05:47:06.909680+00:00", "event": "train", "step": 8950, "epoch": 3, "lr": 7.417789757412408e-07, "loss": 2.4254279136657715, "choice_ce": 0.5961616039276123, "gold_lm": 2.769475221633911, "replay_lm": 2.8699564933776855, "batch_accuracy": 0.71875, "gradient_norm": 4.421764850616455}
{"time": "2026-10-01T05:47:10.728244+00:00", "event": "train", "step": 9000, "epoch": 3, "lr": 6.339622641509424e-07, "loss": 2.452955722808838, "choice_ce": 0.6371814012527466, "gold_lm": 2.666091203689575, "replay_lm": 2.9356846809387207, "batch_accuracy": 0.625, "gradient_norm": 6.604369163513184}
{"time": "2026-10-01T05:47:14.529671+00:00", "event": "train", "step": 9050, "epoch": 3, "lr": 5.261455525606462e-07, "loss": 2.514249563217163, "choice_ce": 0.5369063019752502, "gold_lm": 2.674765110015869, "replay_lm": 3.154210329055786, "batch_accuracy": 0.8125, "gradient_norm": 5.846686363220215}
{"time": "2026-10-01T05:47:18.331111+00:00", "event": "train", "step": 9100, "epoch": 3, "lr": 4.183288409703501e-07, "loss": 2.5796360969543457, "choice_ce": 0.6128336787223816, "gold_lm": 2.8900482654571533, "replay_lm": 3.101414442062378, "batch_accuracy": 0.78125, "gradient_norm": 7.261484146118164}
{"time": "2026-10-01T05:47:22.129937+00:00", "event": "train", "step": 9150, "epoch": 3, "lr": 3.1051212938005393e-07, "loss": 2.539672374725342, "choice_ce": 0.5389078259468079, "gold_lm": 2.682443857192993, "replay_lm": 3.1992149353027344, "batch_accuracy": 0.65625, "gradient_norm": 7.078415870666504}
{"time": "2026-10-01T05:47:25.970240+00:00", "event": "train", "step": 9200, "epoch": 3, "lr": 2.0269541778975778e-07, "loss": 2.5630943775177, "choice_ce": 0.6867303848266602, "gold_lm": 2.558753728866577, "replay_lm": 3.160081624984741, "batch_accuracy": 0.71875, "gradient_norm": 7.6641764640808105}
{"time": "2026-10-01T05:47:29.880746+00:00", "event": "train", "step": 9250, "epoch": 3, "lr": 9.48787061994616e-08, "loss": 2.6430892944335938, "choice_ce": 0.6329365968704224, "gold_lm": 2.6284892559051514, "replay_lm": 3.3389973640441895, "batch_accuracy": 0.53125, "gradient_norm": 5.0760498046875}
Writing model shards:   0%|          | 0/1 [00:00<?, ?it/s]Writing model shards: 100%|██████████| 1/1 [00:00<00:00,  5.01it/s]Writing model shards: 100%|██████████| 1/1 [00:00<00:00,  5.01it/s]
{"time": "2026-10-01T05:47:33.652211+00:00", "event": "export", "epoch": 3, "step": 9294, "path": "/data/team_a/dave-workspace/Global Innovation Build Challenge V2/v2/runs/round2_full_task_tune_lr2e-5_r0.5/epoch_3/export", "model_sha256": "26695abbc7fad99b64c8c0710f0ba6868f86a9ea21ead811d8766eba88121459"}
{"time": "2026-10-01T05:47:33.652407+00:00", "event": "stopped_after_epoch", "epoch": 3, "note": "schedule length unchanged; later epochs not needed"}
{"time": "2026-10-01T05:47:33.652745+00:00", "event": "finished", "steps": 9294, "counters": {"questions": 297315, "candidate_sequences": 853704, "task_input_tokens": 51230685, "replay_targets": 76136448}, "replay_source_tokens": {"dclm": 26550272, "edu": 22640640, "targeted": 11466752, "wiki": 7708672, "stackexchange": 3888128, "books": 3881984}, "seconds": 717.0150672718883}
