Loading weights:   0%|          | 0/110 [00:00<?, ?it/s]Loading weights: 100%|██████████| 110/110 [00:00<00:00, 9232.82it/s]
{"time": "2026-10-01T04:51:30.486609+00:00", "event": "started", "total_updates": 14898, "updates_per_epoch": 2483, "train_items": 79425}
/data/team_a/dave-workspace/Global Innovation Build Challenge V2/src/scglm_v2/task_tune.py:296: UserWarning: Converting a tensor with requires_grad=True to a scalar may lead to unexpected behavior.
Consider using tensor.detach() first. (Triggered internally at /pytorch/torch/csrc/autograd/generated/python_variable_methods.cpp:836.)
  event(log, "train", step=step, epoch=epoch, lr=lr, loss=float(loss),
{"time": "2026-10-01T04:51:31.217347+00:00", "event": "train", "step": 1, "epoch": 1, "lr": 6.666666666666667e-07, "loss": 3.12475848197937, "choice_ce": 1.6880710124969482, "gold_lm": 3.180330991744995, "replay_lm": 2.971280574798584, "batch_accuracy": 0.46875, "gradient_norm": 6.491802215576172}
{"time": "2026-10-01T04:51:38.867562+00:00", "event": "train", "step": 50, "epoch": 1, "lr": 1.9973096583266077e-05, "loss": 3.0242819786071777, "choice_ce": 1.4652564525604248, "gold_lm": 3.1466257572174072, "replay_lm": 3.0099945068359375, "batch_accuracy": 0.46875, "gradient_norm": 4.9792094230651855}
{"time": "2026-10-01T04:51:46.816684+00:00", "event": "train", "step": 100, "epoch": 1, "lr": 1.9905838041431264e-05, "loss": 2.7709312438964844, "choice_ce": 1.3102871179580688, "gold_lm": 2.851201295852661, "replay_lm": 2.8059744834899902, "batch_accuracy": 0.625, "gradient_norm": 4.762314796447754}
{"time": "2026-10-01T04:51:54.578076+00:00", "event": "train", "step": 150, "epoch": 1, "lr": 1.983857949959645e-05, "loss": 3.358438014984131, "choice_ce": 2.3244895935058594, "gold_lm": 2.9786081314086914, "replay_lm": 2.9030823707580566, "batch_accuracy": 0.40625, "gradient_norm": 6.354680061340332}
{"time": "2026-10-01T04:52:02.283747+00:00", "event": "train", "step": 200, "epoch": 1, "lr": 1.9771320957761637e-05, "loss": 2.7755773067474365, "choice_ce": 1.101118803024292, "gold_lm": 3.033318042755127, "replay_lm": 2.9333767890930176, "batch_accuracy": 0.53125, "gradient_norm": 4.1621174812316895}
{"time": "2026-10-01T04:52:10.248672+00:00", "event": "train", "step": 250, "epoch": 1, "lr": 1.9704062415926824e-05, "loss": 2.6650617122650146, "choice_ce": 0.9763092994689941, "gold_lm": 2.9708144664764404, "replay_lm": 2.8684067726135254, "batch_accuracy": 0.5, "gradient_norm": 4.604526042938232}
{"time": "2026-10-01T04:52:18.064380+00:00", "event": "train", "step": 300, "epoch": 1, "lr": 1.963680387409201e-05, "loss": 3.0739505290985107, "choice_ce": 1.7607343196868896, "gold_lm": 2.855823278427124, "replay_lm": 2.9592552185058594, "batch_accuracy": 0.375, "gradient_norm": 5.437410354614258}
{"time": "2026-10-01T04:52:25.817760+00:00", "event": "train", "step": 350, "epoch": 1, "lr": 1.9569545332257197e-05, "loss": 2.8677029609680176, "choice_ce": 1.4544966220855713, "gold_lm": 2.8408560752868652, "replay_lm": 2.860481023788452, "batch_accuracy": 0.53125, "gradient_norm": 5.749265193939209}
{"time": "2026-10-01T04:52:33.590005+00:00", "event": "train", "step": 400, "epoch": 1, "lr": 1.9502286790422384e-05, "loss": 3.0718536376953125, "choice_ce": 1.62733793258667, "gold_lm": 2.8956141471862793, "replay_lm": 3.0685620307922363, "batch_accuracy": 0.5, "gradient_norm": 5.629526138305664}
{"time": "2026-10-01T04:52:41.490605+00:00", "event": "train", "step": 450, "epoch": 1, "lr": 1.9435028248587574e-05, "loss": 3.097977876663208, "choice_ce": 1.6340820789337158, "gold_lm": 2.8709442615509033, "replay_lm": 3.126401424407959, "batch_accuracy": 0.4375, "gradient_norm": 6.161381721496582}
{"time": "2026-10-01T04:52:49.159977+00:00", "event": "train", "step": 500, "epoch": 1, "lr": 1.9367769706752758e-05, "loss": 2.719918727874756, "choice_ce": 1.077435851097107, "gold_lm": 2.886888265609741, "replay_lm": 2.9189577102661133, "batch_accuracy": 0.59375, "gradient_norm": 5.863497734069824}
{"time": "2026-10-01T04:52:56.956183+00:00", "event": "train", "step": 550, "epoch": 1, "lr": 1.9300511164917944e-05, "loss": 2.859377861022949, "choice_ce": 1.4726555347442627, "gold_lm": 2.874093532562256, "replay_lm": 2.809053659439087, "batch_accuracy": 0.375, "gradient_norm": 6.065948963165283}
{"time": "2026-10-01T04:53:04.737069+00:00", "event": "train", "step": 600, "epoch": 1, "lr": 1.9233252623083135e-05, "loss": 2.6898298263549805, "choice_ce": 1.053724765777588, "gold_lm": 2.81034255027771, "replay_lm": 2.9207632541656494, "batch_accuracy": 0.53125, "gradient_norm": 5.044195175170898}
{"time": "2026-10-01T04:53:12.450958+00:00", "event": "train", "step": 650, "epoch": 1, "lr": 1.916599408124832e-05, "loss": 2.8405046463012695, "choice_ce": 1.0263671875, "gold_lm": 3.039022207260132, "replay_lm": 3.1351306438446045, "batch_accuracy": 0.53125, "gradient_norm": 5.187797546386719}
{"time": "2026-10-01T04:53:20.224079+00:00", "event": "train", "step": 700, "epoch": 1, "lr": 1.9098735539413508e-05, "loss": 2.6088433265686035, "choice_ce": 1.072279453277588, "gold_lm": 2.6518826484680176, "replay_lm": 2.8194656372070312, "batch_accuracy": 0.46875, "gradient_norm": 5.876993656158447}
{"time": "2026-10-01T04:53:28.040910+00:00", "event": "train", "step": 750, "epoch": 1, "lr": 1.9031476997578695e-05, "loss": 3.121006965637207, "choice_ce": 1.8787610530853271, "gold_lm": 2.77695369720459, "replay_lm": 2.974776268005371, "batch_accuracy": 0.375, "gradient_norm": 7.209094524383545}
{"time": "2026-10-01T04:53:35.856452+00:00", "event": "train", "step": 800, "epoch": 1, "lr": 1.896421845574388e-05, "loss": 2.711972713470459, "choice_ce": 0.9697756171226501, "gold_lm": 2.564518451690674, "replay_lm": 3.171910285949707, "batch_accuracy": 0.53125, "gradient_norm": 5.184918403625488}
{"time": "2026-10-01T04:53:43.676725+00:00", "event": "train", "step": 850, "epoch": 1, "lr": 1.8896959913909068e-05, "loss": 2.8685693740844727, "choice_ce": 1.3014087677001953, "gold_lm": 2.9907097816467285, "replay_lm": 2.9403748512268066, "batch_accuracy": 0.46875, "gradient_norm": 5.4008378982543945}
{"time": "2026-10-01T04:53:51.522783+00:00", "event": "train", "step": 900, "epoch": 1, "lr": 1.8829701372074255e-05, "loss": 2.757915496826172, "choice_ce": 1.188795804977417, "gold_lm": 2.749898672103882, "replay_lm": 2.9520859718322754, "batch_accuracy": 0.46875, "gradient_norm": 4.8021559715271}
{"time": "2026-10-01T04:53:59.195834+00:00", "event": "train", "step": 950, "epoch": 1, "lr": 1.876244283023944e-05, "loss": 2.8476009368896484, "choice_ce": 1.108342170715332, "gold_lm": 2.9240682125091553, "replay_lm": 3.1248257160186768, "batch_accuracy": 0.625, "gradient_norm": 5.688488006591797}
{"time": "2026-10-01T04:54:06.904523+00:00", "event": "train", "step": 1000, "epoch": 1, "lr": 1.869518428840463e-05, "loss": 2.8479204177856445, "choice_ce": 1.2847696542739868, "gold_lm": 2.7363781929016113, "replay_lm": 3.042881965637207, "batch_accuracy": 0.40625, "gradient_norm": 7.243167877197266}
{"time": "2026-10-01T04:54:14.684342+00:00", "event": "train", "step": 1050, "epoch": 1, "lr": 1.8627925746569815e-05, "loss": 2.6202564239501953, "choice_ce": 0.9971678256988525, "gold_lm": 2.9621734619140625, "replay_lm": 2.762258291244507, "batch_accuracy": 0.625, "gradient_norm": 5.6678361892700195}
{"time": "2026-10-01T04:54:22.492412+00:00", "event": "train", "step": 1100, "epoch": 1, "lr": 1.8560667204735002e-05, "loss": 2.6975555419921875, "choice_ce": 0.9049626588821411, "gold_lm": 2.82261323928833, "replay_lm": 3.0788419246673584, "batch_accuracy": 0.375, "gradient_norm": 5.619762897491455}
{"time": "2026-10-01T04:54:30.298019+00:00", "event": "train", "step": 1150, "epoch": 1, "lr": 1.849340866290019e-05, "loss": 3.1692142486572266, "choice_ce": 1.4302031993865967, "gold_lm": 2.985755443572998, "replay_lm": 3.4153478145599365, "batch_accuracy": 0.25, "gradient_norm": 6.040534973144531}
{"time": "2026-10-01T04:54:38.226776+00:00", "event": "train", "step": 1200, "epoch": 1, "lr": 1.8426150121065375e-05, "loss": 2.6321353912353516, "choice_ce": 0.9121203422546387, "gold_lm": 2.841886281967163, "replay_lm": 2.9312074184417725, "batch_accuracy": 0.5, "gradient_norm": 5.209702014923096}
{"time": "2026-10-01T04:54:46.073796+00:00", "event": "train", "step": 1250, "epoch": 1, "lr": 1.8358891579230565e-05, "loss": 2.8307671546936035, "choice_ce": 1.2771897315979004, "gold_lm": 2.8670454025268555, "replay_lm": 2.950821876525879, "batch_accuracy": 0.59375, "gradient_norm": 7.1631903648376465}
{"time": "2026-10-01T04:54:54.038078+00:00", "event": "train", "step": 1300, "epoch": 1, "lr": 1.8291633037395752e-05, "loss": 3.1602160930633545, "choice_ce": 1.8258905410766602, "gold_lm": 3.0951664447784424, "replay_lm": 2.946958541870117, "batch_accuracy": 0.3125, "gradient_norm": 6.989192962646484}
{"time": "2026-10-01T04:55:01.823463+00:00", "event": "train", "step": 1350, "epoch": 1, "lr": 1.8224374495560936e-05, "loss": 2.640176773071289, "choice_ce": 0.9960980415344238, "gold_lm": 2.9338393211364746, "replay_lm": 2.817336082458496, "batch_accuracy": 0.40625, "gradient_norm": 5.459725379943848}
{"time": "2026-10-01T04:55:09.512292+00:00", "event": "train", "step": 1400, "epoch": 1, "lr": 1.8157115953726126e-05, "loss": 2.9639816284179688, "choice_ce": 1.1563470363616943, "gold_lm": 2.797945022583008, "replay_lm": 3.37264347076416, "batch_accuracy": 0.375, "gradient_norm": 6.269491672515869}
{"time": "2026-10-01T04:55:17.305120+00:00", "event": "train", "step": 1450, "epoch": 1, "lr": 1.8089857411891312e-05, "loss": 3.1562466621398926, "choice_ce": 1.895246148109436, "gold_lm": 2.856842041015625, "replay_lm": 2.988826274871826, "batch_accuracy": 0.46875, "gradient_norm": 8.830887794494629}
{"time": "2026-10-01T04:55:25.291361+00:00", "event": "train", "step": 1500, "epoch": 1, "lr": 1.80225988700565e-05, "loss": 2.8934011459350586, "choice_ce": 1.2026491165161133, "gold_lm": 2.945842981338501, "replay_lm": 3.111231803894043, "batch_accuracy": 0.40625, "gradient_norm": 6.9586567878723145}
{"time": "2026-10-01T04:55:33.002504+00:00", "event": "train", "step": 1550, "epoch": 1, "lr": 1.7955340328221686e-05, "loss": 2.9270687103271484, "choice_ce": 1.274773359298706, "gold_lm": 2.9365923404693604, "replay_lm": 3.111067771911621, "batch_accuracy": 0.4375, "gradient_norm": 6.287132263183594}
{"time": "2026-10-01T04:55:40.644201+00:00", "event": "train", "step": 1600, "epoch": 1, "lr": 1.7888081786386873e-05, "loss": 2.6668527126312256, "choice_ce": 1.216629147529602, "gold_lm": 2.7720866203308105, "replay_lm": 2.7310328483581543, "batch_accuracy": 0.53125, "gradient_norm": 8.234447479248047}
{"time": "2026-10-01T04:55:48.311362+00:00", "event": "train", "step": 1650, "epoch": 1, "lr": 1.782082324455206e-05, "loss": 3.089920997619629, "choice_ce": 1.1635394096374512, "gold_lm": 2.9684815406799316, "replay_lm": 3.5320615768432617, "batch_accuracy": 0.4375, "gradient_norm": 5.625439167022705}
{"time": "2026-10-01T04:55:56.004344+00:00", "event": "train", "step": 1700, "epoch": 1, "lr": 1.7753564702717246e-05, "loss": 2.6630911827087402, "choice_ce": 0.8814869523048401, "gold_lm": 2.7391252517700195, "replay_lm": 3.0751328468322754, "batch_accuracy": 0.5, "gradient_norm": 5.738955974578857}
{"time": "2026-10-01T04:56:03.781594+00:00", "event": "train", "step": 1750, "epoch": 1, "lr": 1.7686306160882433e-05, "loss": 2.7088046073913574, "choice_ce": 1.0007147789001465, "gold_lm": 2.8254263401031494, "replay_lm": 3.004181385040283, "batch_accuracy": 0.46875, "gradient_norm": 5.1885223388671875}
{"time": "2026-10-01T04:56:11.513278+00:00", "event": "train", "step": 1800, "epoch": 1, "lr": 1.761904761904762e-05, "loss": 2.82550311088562, "choice_ce": 0.9579154253005981, "gold_lm": 2.831800699234009, "replay_lm": 3.2771904468536377, "batch_accuracy": 0.59375, "gradient_norm": 5.431943893432617}
{"time": "2026-10-01T04:56:19.548308+00:00", "event": "train", "step": 1850, "epoch": 1, "lr": 1.755178907721281e-05, "loss": 2.9162845611572266, "choice_ce": 1.2884656190872192, "gold_lm": 2.817322254180908, "replay_lm": 3.1354422569274902, "batch_accuracy": 0.4375, "gradient_norm": 7.634195804595947}
{"time": "2026-10-01T04:56:27.199769+00:00", "event": "train", "step": 1900, "epoch": 1, "lr": 1.7484530535377996e-05, "loss": 2.775153160095215, "choice_ce": 1.1245901584625244, "gold_lm": 2.902527093887329, "replay_lm": 2.974452495574951, "batch_accuracy": 0.40625, "gradient_norm": 7.014032363891602}
{"time": "2026-10-01T04:56:34.943585+00:00", "event": "train", "step": 1950, "epoch": 1, "lr": 1.741727199354318e-05, "loss": 2.8049769401550293, "choice_ce": 1.2774969339370728, "gold_lm": 2.856764793395996, "replay_lm": 2.9040744304656982, "batch_accuracy": 0.4375, "gradient_norm": 6.865161895751953}
{"time": "2026-10-01T04:56:42.702396+00:00", "event": "train", "step": 2000, "epoch": 1, "lr": 1.735001345170837e-05, "loss": 2.6957921981811523, "choice_ce": 1.1215031147003174, "gold_lm": 2.851215362548828, "replay_lm": 2.8444736003875732, "batch_accuracy": 0.53125, "gradient_norm": 7.325189113616943}
{"time": "2026-10-01T04:56:50.471713+00:00", "event": "train", "step": 2050, "epoch": 1, "lr": 1.7282754909873557e-05, "loss": 2.7079265117645264, "choice_ce": 1.3399873971939087, "gold_lm": 2.789473056793213, "replay_lm": 2.681128978729248, "batch_accuracy": 0.5625, "gradient_norm": 6.984323978424072}
{"time": "2026-10-01T04:56:58.186456+00:00", "event": "train", "step": 2100, "epoch": 1, "lr": 1.7215496368038743e-05, "loss": 2.8440723419189453, "choice_ce": 1.3899004459381104, "gold_lm": 2.686971426010132, "replay_lm": 2.954758644104004, "batch_accuracy": 0.5, "gradient_norm": 7.167124271392822}
{"time": "2026-10-01T04:57:05.893633+00:00", "event": "train", "step": 2150, "epoch": 1, "lr": 1.714823782620393e-05, "loss": 2.682796001434326, "choice_ce": 1.052945852279663, "gold_lm": 2.7531261444091797, "replay_lm": 2.9360830783843994, "batch_accuracy": 0.46875, "gradient_norm": 7.2676920890808105}
{"time": "2026-10-01T04:57:13.843163+00:00", "event": "train", "step": 2200, "epoch": 1, "lr": 1.7080979284369117e-05, "loss": 2.6128551959991455, "choice_ce": 0.9697237014770508, "gold_lm": 2.715442419052124, "replay_lm": 2.8982653617858887, "batch_accuracy": 0.53125, "gradient_norm": 5.753642559051514}
{"time": "2026-10-01T04:57:21.593178+00:00", "event": "train", "step": 2250, "epoch": 1, "lr": 1.7013720742534304e-05, "loss": 2.7383170127868652, "choice_ce": 1.192739486694336, "gold_lm": 2.9769561290740967, "replay_lm": 2.7954163551330566, "batch_accuracy": 0.625, "gradient_norm": 7.346794605255127}
{"time": "2026-10-01T04:57:29.497699+00:00", "event": "train", "step": 2300, "epoch": 1, "lr": 1.694646220069949e-05, "loss": 2.6425044536590576, "choice_ce": 0.9140360951423645, "gold_lm": 2.923015832901001, "replay_lm": 2.9094648361206055, "batch_accuracy": 0.59375, "gradient_norm": 6.092784404754639}
{"time": "2026-10-01T04:57:37.149053+00:00", "event": "train", "step": 2350, "epoch": 1, "lr": 1.6879203658864677e-05, "loss": 2.5120222568511963, "choice_ce": 0.8928129076957703, "gold_lm": 2.8527369499206543, "replay_lm": 2.7048630714416504, "batch_accuracy": 0.65625, "gradient_norm": 6.494204998016357}
{"time": "2026-10-01T04:57:44.872481+00:00", "event": "train", "step": 2400, "epoch": 1, "lr": 1.6811945117029864e-05, "loss": 2.8206944465637207, "choice_ce": 1.2272491455078125, "gold_lm": 2.9127867221832275, "replay_lm": 2.957746744155884, "batch_accuracy": 0.53125, "gradient_norm": 5.185447692871094}
{"time": "2026-10-01T04:57:52.655388+00:00", "event": "train", "step": 2450, "epoch": 1, "lr": 1.674468657519505e-05, "loss": 2.9121932983398438, "choice_ce": 1.0014179944992065, "gold_lm": 2.9065966606140137, "replay_lm": 3.3696701526641846, "batch_accuracy": 0.4375, "gradient_norm": 6.397274971008301}
Writing model shards:   0%|          | 0/1 [00:00<?, ?it/s]Writing model shards: 100%|██████████| 1/1 [00:00<00:00,  5.23it/s]Writing model shards: 100%|██████████| 1/1 [00:00<00:00,  5.22it/s]
{"time": "2026-10-01T04:57:58.011963+00:00", "event": "export", "epoch": 1, "step": 2483, "path": "/data/team_a/dave-workspace/Global Innovation Build Challenge V2/v2/runs/round2_lr2e-5_e6/epoch_1/export", "model_sha256": "3b60cb01343dfcca8dcd601c33fbd850298855f9eaf5107d0b4e1ec87b82d70f"}
{"time": "2026-10-01T04:58:00.618415+00:00", "event": "train", "step": 2500, "epoch": 2, "lr": 1.6677428033360237e-05, "loss": 2.838165760040283, "choice_ce": 0.8625693321228027, "gold_lm": 2.704537868499756, "replay_lm": 3.4614932537078857, "batch_accuracy": 0.6875, "gradient_norm": 5.409867286682129}
{"time": "2026-10-01T04:58:08.320171+00:00", "event": "train", "step": 2550, "epoch": 2, "lr": 1.6610169491525424e-05, "loss": 2.6364409923553467, "choice_ce": 0.9300292730331421, "gold_lm": 2.7918701171875, "replay_lm": 2.9469175338745117, "batch_accuracy": 0.53125, "gradient_norm": 5.842520713806152}
{"time": "2026-10-01T04:58:16.127654+00:00", "event": "train", "step": 2600, "epoch": 2, "lr": 1.654291094969061e-05, "loss": 2.5630269050598145, "choice_ce": 0.96363365650177, "gold_lm": 2.7771427631378174, "replay_lm": 2.773848533630371, "batch_accuracy": 0.5625, "gradient_norm": 6.748365879058838}
{"time": "2026-10-01T04:58:23.798775+00:00", "event": "train", "step": 2650, "epoch": 2, "lr": 1.6475652407855798e-05, "loss": 2.4820499420166016, "choice_ce": 0.7544821500778198, "gold_lm": 2.7234883308410645, "replay_lm": 2.8478734493255615, "batch_accuracy": 0.75, "gradient_norm": 4.683376789093018}
{"time": "2026-10-01T04:58:31.440521+00:00", "event": "train", "step": 2700, "epoch": 2, "lr": 1.6408393866020988e-05, "loss": 2.6686408519744873, "choice_ce": 0.8181843757629395, "gold_lm": 2.690200090408325, "replay_lm": 3.173997402191162, "batch_accuracy": 0.625, "gradient_norm": 5.526143550872803}
{"time": "2026-10-01T04:58:39.364150+00:00", "event": "train", "step": 2750, "epoch": 2, "lr": 1.634113532418617e-05, "loss": 2.56252384185791, "choice_ce": 0.8093083500862122, "gold_lm": 2.6891469955444336, "replay_lm": 2.971165657043457, "batch_accuracy": 0.5625, "gradient_norm": 5.076094150543213}
{"time": "2026-10-01T04:58:47.193716+00:00", "event": "train", "step": 2800, "epoch": 2, "lr": 1.6273876782351358e-05, "loss": 2.528594970703125, "choice_ce": 0.8041008114814758, "gold_lm": 2.712144613265991, "replay_lm": 2.897017002105713, "batch_accuracy": 0.6875, "gradient_norm": 4.768054485321045}
{"time": "2026-10-01T04:58:54.995395+00:00", "event": "train", "step": 2850, "epoch": 2, "lr": 1.6206618240516548e-05, "loss": 2.726386547088623, "choice_ce": 0.7727199196815491, "gold_lm": 2.773179769515991, "replay_lm": 3.2934634685516357, "batch_accuracy": 0.65625, "gradient_norm": 6.032175064086914}
{"time": "2026-10-01T04:59:02.798121+00:00", "event": "train", "step": 2900, "epoch": 2, "lr": 1.6139359698681735e-05, "loss": 2.4804067611694336, "choice_ce": 0.6708593368530273, "gold_lm": 2.6884899139404297, "replay_lm": 2.945708990097046, "batch_accuracy": 0.5625, "gradient_norm": 4.6722211837768555}
{"time": "2026-10-01T04:59:10.630572+00:00", "event": "train", "step": 2950, "epoch": 2, "lr": 1.607210115684692e-05, "loss": 2.5475106239318848, "choice_ce": 0.7349783182144165, "gold_lm": 2.6899309158325195, "replay_lm": 3.0150773525238037, "batch_accuracy": 0.6875, "gradient_norm": 7.1740875244140625}
{"time": "2026-10-01T04:59:18.484636+00:00", "event": "train", "step": 3000, "epoch": 2, "lr": 1.6004842615012108e-05, "loss": 2.6174685955047607, "choice_ce": 0.8370177745819092, "gold_lm": 2.7048208713531494, "replay_lm": 3.045508861541748, "batch_accuracy": 0.75, "gradient_norm": 5.85444450378418}
{"time": "2026-10-01T04:59:26.270917+00:00", "event": "train", "step": 3050, "epoch": 2, "lr": 1.5937584073177295e-05, "loss": 2.7644667625427246, "choice_ce": 1.0532550811767578, "gold_lm": 2.84769868850708, "replay_lm": 3.0518290996551514, "batch_accuracy": 0.53125, "gradient_norm": 8.60739803314209}
{"time": "2026-10-01T04:59:34.093751+00:00", "event": "train", "step": 3100, "epoch": 2, "lr": 1.587032553134248e-05, "loss": 2.571397304534912, "choice_ce": 0.8012883067131042, "gold_lm": 2.7952303886413574, "replay_lm": 2.9438912868499756, "batch_accuracy": 0.625, "gradient_norm": 5.41499662399292}
{"time": "2026-10-01T04:59:42.053978+00:00", "event": "train", "step": 3150, "epoch": 2, "lr": 1.5803066989507668e-05, "loss": 2.6257965564727783, "choice_ce": 0.7737395167350769, "gold_lm": 2.6894845962524414, "replay_lm": 3.1331112384796143, "batch_accuracy": 0.65625, "gradient_norm": 5.838924407958984}
{"time": "2026-10-01T04:59:49.887407+00:00", "event": "train", "step": 3200, "epoch": 2, "lr": 1.5735808447672855e-05, "loss": 2.827113151550293, "choice_ce": 1.1994919776916504, "gold_lm": 2.655749797821045, "replay_lm": 3.126859664916992, "batch_accuracy": 0.59375, "gradient_norm": 6.406384468078613}
{"time": "2026-10-01T04:59:57.659127+00:00", "event": "train", "step": 3250, "epoch": 2, "lr": 1.5668549905838042e-05, "loss": 2.421224594116211, "choice_ce": 0.7052873373031616, "gold_lm": 2.551654100418091, "replay_lm": 2.861334800720215, "batch_accuracy": 0.78125, "gradient_norm": 5.926440238952637}
{"time": "2026-10-01T05:00:05.438091+00:00", "event": "train", "step": 3300, "epoch": 2, "lr": 1.5601291364003232e-05, "loss": 2.533895969390869, "choice_ce": 0.7028873562812805, "gold_lm": 2.747286319732666, "replay_lm": 2.9912617206573486, "batch_accuracy": 0.6875, "gradient_norm": 5.317874431610107}
{"time": "2026-10-01T05:00:13.127598+00:00", "event": "train", "step": 3350, "epoch": 2, "lr": 1.5534032822168415e-05, "loss": 2.4901061058044434, "choice_ce": 0.8285915851593018, "gold_lm": 2.6464030742645264, "replay_lm": 2.8284192085266113, "batch_accuracy": 0.5625, "gradient_norm": 6.3458943367004395}
{"time": "2026-10-01T05:00:20.786846+00:00", "event": "train", "step": 3400, "epoch": 2, "lr": 1.5466774280333602e-05, "loss": 2.4323196411132812, "choice_ce": 0.815747082233429, "gold_lm": 2.6616570949554443, "replay_lm": 2.7180638313293457, "batch_accuracy": 0.75, "gradient_norm": 6.608003616333008}
{"time": "2026-10-01T05:00:28.629694+00:00", "event": "train", "step": 3450, "epoch": 2, "lr": 1.5399515738498792e-05, "loss": 2.61276912689209, "choice_ce": 0.7878545522689819, "gold_lm": 2.6656813621520996, "replay_lm": 3.1048431396484375, "batch_accuracy": 0.625, "gradient_norm": 5.892997741699219}
{"time": "2026-10-01T05:00:36.461868+00:00", "event": "train", "step": 3500, "epoch": 2, "lr": 1.533225719666398e-05, "loss": 2.772937774658203, "choice_ce": 1.0942769050598145, "gold_lm": 2.8069334030151367, "replay_lm": 3.0481317043304443, "batch_accuracy": 0.65625, "gradient_norm": 7.197311878204346}
{"time": "2026-10-01T05:00:44.477350+00:00", "event": "train", "step": 3550, "epoch": 2, "lr": 1.5264998654829166e-05, "loss": 2.4856133460998535, "choice_ce": 0.8096036314964294, "gold_lm": 2.7492730617523193, "replay_lm": 2.786986827850342, "batch_accuracy": 0.65625, "gradient_norm": 7.384376525878906}
{"time": "2026-10-01T05:00:52.215339+00:00", "event": "train", "step": 3600, "epoch": 2, "lr": 1.5197740112994352e-05, "loss": 2.517669200897217, "choice_ce": 0.9224070310592651, "gold_lm": 2.754552125930786, "replay_lm": 2.7356555461883545, "batch_accuracy": 0.5, "gradient_norm": 5.376988410949707}
{"time": "2026-10-01T05:00:59.863931+00:00", "event": "train", "step": 3650, "epoch": 2, "lr": 1.5130481571159539e-05, "loss": 2.6090307235717773, "choice_ce": 0.7633199691772461, "gold_lm": 2.870784282684326, "replay_lm": 3.0193490982055664, "batch_accuracy": 0.65625, "gradient_norm": 6.362984657287598}
{"time": "2026-10-01T05:01:07.637671+00:00", "event": "train", "step": 3700, "epoch": 2, "lr": 1.5063223029324726e-05, "loss": 2.396605968475342, "choice_ce": 0.5407323241233826, "gold_lm": 2.7291007041931152, "replay_lm": 2.8879289627075195, "batch_accuracy": 0.78125, "gradient_norm": 4.50722599029541}
{"time": "2026-10-01T05:01:15.314989+00:00", "event": "train", "step": 3750, "epoch": 2, "lr": 1.4995964487489914e-05, "loss": 2.534881591796875, "choice_ce": 0.6480229496955872, "gold_lm": 2.8573310375213623, "replay_lm": 2.993074417114258, "batch_accuracy": 0.46875, "gradient_norm": 5.0001702308654785}
{"time": "2026-10-01T05:01:23.067470+00:00", "event": "train", "step": 3800, "epoch": 2, "lr": 1.49287059456551e-05, "loss": 2.5665178298950195, "choice_ce": 0.7750881910324097, "gold_lm": 2.8785769939422607, "replay_lm": 2.91865873336792, "batch_accuracy": 0.5, "gradient_norm": 5.500020980834961}
{"time": "2026-10-01T05:01:30.810189+00:00", "event": "train", "step": 3850, "epoch": 2, "lr": 1.4861447403820286e-05, "loss": 2.8531980514526367, "choice_ce": 1.1684253215789795, "gold_lm": 2.6843225955963135, "replay_lm": 3.1958093643188477, "batch_accuracy": 0.65625, "gradient_norm": 8.631261825561523}
{"time": "2026-10-01T05:01:38.834946+00:00", "event": "train", "step": 3900, "epoch": 2, "lr": 1.4794188861985474e-05, "loss": 2.5720603466033936, "choice_ce": 0.7932800650596619, "gold_lm": 2.756175994873047, "replay_lm": 2.972752571105957, "batch_accuracy": 0.65625, "gradient_norm": 6.536163806915283}
{"time": "2026-10-01T05:01:46.644712+00:00", "event": "train", "step": 3950, "epoch": 2, "lr": 1.4726930320150661e-05, "loss": 2.5198588371276855, "choice_ce": 0.6492710709571838, "gold_lm": 2.848583459854126, "replay_lm": 2.9661548137664795, "batch_accuracy": 0.65625, "gradient_norm": 5.583962440490723}
{"time": "2026-10-01T05:01:54.471047+00:00", "event": "train", "step": 4000, "epoch": 2, "lr": 1.4659671778315848e-05, "loss": 2.8068020343780518, "choice_ce": 1.0475573539733887, "gold_lm": 2.8395237922668457, "replay_lm": 3.146284818649292, "batch_accuracy": 0.65625, "gradient_norm": 6.685623645782471}
{"time": "2026-10-01T05:02:02.415600+00:00", "event": "train", "step": 4050, "epoch": 2, "lr": 1.4592413236481036e-05, "loss": 2.452808380126953, "choice_ce": 0.640669584274292, "gold_lm": 2.6942367553710938, "replay_lm": 2.9178287982940674, "batch_accuracy": 0.75, "gradient_norm": 5.446683883666992}
{"time": "2026-10-01T05:02:10.241979+00:00", "event": "train", "step": 4100, "epoch": 2, "lr": 1.452515469464622e-05, "loss": 2.6456551551818848, "choice_ce": 1.1415042877197266, "gold_lm": 2.6079611778259277, "replay_lm": 2.8458251953125, "batch_accuracy": 0.53125, "gradient_norm": 5.200644493103027}
{"time": "2026-10-01T05:02:17.876519+00:00", "event": "train", "step": 4150, "epoch": 2, "lr": 1.4457896152811408e-05, "loss": 2.724853038787842, "choice_ce": 1.0606212615966797, "gold_lm": 2.8195250034332275, "replay_lm": 2.979322671890259, "batch_accuracy": 0.40625, "gradient_norm": 8.5109281539917}
{"time": "2026-10-01T05:02:25.940645+00:00", "event": "train", "step": 4200, "epoch": 2, "lr": 1.4390637610976597e-05, "loss": 2.6428284645080566, "choice_ce": 0.9193547368049622, "gold_lm": 2.7721705436706543, "replay_lm": 2.9802169799804688, "batch_accuracy": 0.65625, "gradient_norm": 6.57313871383667}
{"time": "2026-10-01T05:02:33.751139+00:00", "event": "train", "step": 4250, "epoch": 2, "lr": 1.432337906914178e-05, "loss": 2.6732349395751953, "choice_ce": 0.9046525955200195, "gold_lm": 2.641444444656372, "replay_lm": 3.1210951805114746, "batch_accuracy": 0.59375, "gradient_norm": 7.581993103027344}
{"time": "2026-10-01T05:02:41.545799+00:00", "event": "train", "step": 4300, "epoch": 2, "lr": 1.4256120527306968e-05, "loss": 2.709249496459961, "choice_ce": 0.9147906303405762, "gold_lm": 2.8948051929473877, "replay_lm": 3.0563056468963623, "batch_accuracy": 0.65625, "gradient_norm": 6.895207405090332}
{"time": "2026-10-01T05:02:49.224156+00:00", "event": "train", "step": 4350, "epoch": 2, "lr": 1.4188861985472158e-05, "loss": 2.6799116134643555, "choice_ce": 0.7801375389099121, "gold_lm": 2.7421858310699463, "replay_lm": 3.208592653274536, "batch_accuracy": 0.6875, "gradient_norm": 5.981297492980957}
{"time": "2026-10-01T05:02:56.923193+00:00", "event": "train", "step": 4400, "epoch": 2, "lr": 1.4121603443637342e-05, "loss": 2.5326476097106934, "choice_ce": 0.6945571899414062, "gold_lm": 2.85012149810791, "replay_lm": 2.9456775188446045, "batch_accuracy": 0.65625, "gradient_norm": 6.025243282318115}
{"time": "2026-10-01T05:03:04.696310+00:00", "event": "train", "step": 4450, "epoch": 2, "lr": 1.405434490180253e-05, "loss": 2.6324658393859863, "choice_ce": 0.795915961265564, "gold_lm": 2.7768900394439697, "replay_lm": 3.080570697784424, "batch_accuracy": 0.8125, "gradient_norm": 7.153201103210449}
{"time": "2026-10-01T05:03:12.453941+00:00", "event": "train", "step": 4500, "epoch": 2, "lr": 1.3987086359967719e-05, "loss": 2.698988437652588, "choice_ce": 0.9005100131034851, "gold_lm": 2.7703230381011963, "replay_lm": 3.1123054027557373, "batch_accuracy": 0.53125, "gradient_norm": 6.185977458953857}
{"time": "2026-10-01T05:03:20.156502+00:00", "event": "train", "step": 4550, "epoch": 2, "lr": 1.3919827818132902e-05, "loss": 2.5524065494537354, "choice_ce": 0.8264845609664917, "gold_lm": 2.7509613037109375, "replay_lm": 2.9028477668762207, "batch_accuracy": 0.59375, "gradient_norm": 6.578604221343994}
{"time": "2026-10-01T05:03:27.938284+00:00", "event": "train", "step": 4600, "epoch": 2, "lr": 1.385256927629809e-05, "loss": 2.5140292644500732, "choice_ce": 0.8563138842582703, "gold_lm": 2.700465202331543, "replay_lm": 2.82151198387146, "batch_accuracy": 0.65625, "gradient_norm": 6.344273090362549}
{"time": "2026-10-01T05:03:35.649086+00:00", "event": "train", "step": 4650, "epoch": 2, "lr": 1.3785310734463277e-05, "loss": 2.5072262287139893, "choice_ce": 0.794937252998352, "gold_lm": 2.9565505981445312, "replay_lm": 2.7412400245666504, "batch_accuracy": 0.59375, "gradient_norm": 8.4439058303833}
{"time": "2026-10-01T05:03:43.557624+00:00", "event": "train", "step": 4700, "epoch": 2, "lr": 1.3718052192628464e-05, "loss": 2.695707321166992, "choice_ce": 0.7123721241950989, "gold_lm": 2.691348075866699, "replay_lm": 3.3333683013916016, "batch_accuracy": 0.71875, "gradient_norm": 4.960122585296631}
{"time": "2026-10-01T05:03:51.316835+00:00", "event": "train", "step": 4750, "epoch": 2, "lr": 1.3650793650793652e-05, "loss": 2.6112895011901855, "choice_ce": 1.155592679977417, "gold_lm": 2.5448055267333984, "replay_lm": 2.794583320617676, "batch_accuracy": 0.59375, "gradient_norm": 7.4548163414001465}
{"time": "2026-10-01T05:03:59.044271+00:00", "event": "train", "step": 4800, "epoch": 2, "lr": 1.3583535108958839e-05, "loss": 2.478386878967285, "choice_ce": 0.6523982882499695, "gold_lm": 2.7583870887756348, "replay_lm": 2.9251821041107178, "batch_accuracy": 0.625, "gradient_norm": 4.275595664978027}
{"time": "2026-10-01T05:04:06.890293+00:00", "event": "train", "step": 4850, "epoch": 2, "lr": 1.3516276567124024e-05, "loss": 2.419708251953125, "choice_ce": 0.5727744698524475, "gold_lm": 2.7693734169006348, "replay_lm": 2.88195538520813, "batch_accuracy": 0.6875, "gradient_norm": 4.247538089752197}
{"time": "2026-10-01T05:04:14.541542+00:00", "event": "train", "step": 4900, "epoch": 2, "lr": 1.3449018025289213e-05, "loss": 2.6409521102905273, "choice_ce": 0.7343995571136475, "gold_lm": 2.8616230487823486, "replay_lm": 3.1166932582855225, "batch_accuracy": 0.53125, "gradient_norm": 6.608285427093506}
{"time": "2026-10-01T05:04:22.320860+00:00", "event": "train", "step": 4950, "epoch": 2, "lr": 1.33817594834544e-05, "loss": 2.5691375732421875, "choice_ce": 0.6453936100006104, "gold_lm": 2.788017511367798, "replay_lm": 3.098872423171997, "batch_accuracy": 0.875, "gradient_norm": 4.971869468688965}
Writing model shards:   0%|          | 0/1 [00:00<?, ?it/s]Writing model shards: 100%|██████████| 1/1 [00:00<00:00,  5.12it/s]Writing model shards: 100%|██████████| 1/1 [00:00<00:00,  5.11it/s]
{"time": "2026-10-01T05:04:25.161465+00:00", "event": "export", "epoch": 2, "step": 4966, "path": "/data/team_a/dave-workspace/Global Innovation Build Challenge V2/v2/runs/round2_lr2e-5_e6/epoch_2/export", "model_sha256": "c2d71bea44ebc18242a8b12b85cff94be92a450cf6fea77c129987bb18519dfa"}
{"time": "2026-10-01T05:04:30.384768+00:00", "event": "train", "step": 5000, "epoch": 3, "lr": 1.3314500941619586e-05, "loss": 2.416043996810913, "choice_ce": 0.8158046007156372, "gold_lm": 2.580400228500366, "replay_lm": 2.726083278656006, "batch_accuracy": 0.6875, "gradient_norm": 4.588138580322266}
{"time": "2026-10-01T05:04:38.176355+00:00", "event": "train", "step": 5050, "epoch": 3, "lr": 1.3247242399784774e-05, "loss": 2.4646072387695312, "choice_ce": 0.6250553131103516, "gold_lm": 2.633754014968872, "replay_lm": 2.9872820377349854, "batch_accuracy": 0.59375, "gradient_norm": 4.597250461578369}
{"time": "2026-10-01T05:04:46.177410+00:00", "event": "train", "step": 5100, "epoch": 3, "lr": 1.3179983857949961e-05, "loss": 2.4616010189056396, "choice_ce": 0.48478248715400696, "gold_lm": 2.63004207611084, "replay_lm": 3.123398542404175, "batch_accuracy": 0.8125, "gradient_norm": 3.5990240573883057}
{"time": "2026-10-01T05:04:53.941112+00:00", "event": "train", "step": 5150, "epoch": 3, "lr": 1.3112725316115146e-05, "loss": 2.366422414779663, "choice_ce": 0.566757082939148, "gold_lm": 2.4526796340942383, "replay_lm": 2.9397478103637695, "batch_accuracy": 0.78125, "gradient_norm": 5.965939998626709}
{"time": "2026-10-01T05:05:01.695003+00:00", "event": "train", "step": 5200, "epoch": 3, "lr": 1.3045466774280335e-05, "loss": 2.3829658031463623, "choice_ce": 0.45877957344055176, "gold_lm": 2.6688759326934814, "replay_lm": 2.9727139472961426, "batch_accuracy": 0.8125, "gradient_norm": 4.912030220031738}
{"time": "2026-10-01T05:05:09.340139+00:00", "event": "train", "step": 5250, "epoch": 3, "lr": 1.2978208232445521e-05, "loss": 2.509544849395752, "choice_ce": 0.5673545002937317, "gold_lm": 2.656236171722412, "replay_lm": 3.123616933822632, "batch_accuracy": 0.71875, "gradient_norm": 5.24790096282959}
{"time": "2026-10-01T05:05:17.019431+00:00", "event": "train", "step": 5300, "epoch": 3, "lr": 1.2910949690610708e-05, "loss": 2.2812299728393555, "choice_ce": 0.4023727476596832, "gold_lm": 2.8556671142578125, "replay_lm": 2.7322535514831543, "batch_accuracy": 0.875, "gradient_norm": 4.494220733642578}
{"time": "2026-10-01T05:05:25.345074+00:00", "event": "train", "step": 5350, "epoch": 3, "lr": 1.2843691148775897e-05, "loss": 2.4017903804779053, "choice_ce": 0.5331528186798096, "gold_lm": 2.68831467628479, "replay_lm": 2.9262704849243164, "batch_accuracy": 0.65625, "gradient_norm": 7.408450603485107}
{"time": "2026-10-01T05:05:33.105589+00:00", "event": "train", "step": 5400, "epoch": 3, "lr": 1.2776432606941083e-05, "loss": 2.374497652053833, "choice_ce": 0.43786829710006714, "gold_lm": 2.6838836669921875, "replay_lm": 2.9691851139068604, "batch_accuracy": 0.78125, "gradient_norm": 3.9426352977752686}
{"time": "2026-10-01T05:05:40.966569+00:00", "event": "train", "step": 5450, "epoch": 3, "lr": 1.2709174065106268e-05, "loss": 2.42417573928833, "choice_ce": 0.4490678906440735, "gold_lm": 2.6152234077453613, "replay_lm": 3.0916717052459717, "batch_accuracy": 0.84375, "gradient_norm": 3.8186423778533936}
{"time": "2026-10-01T05:05:48.658456+00:00", "event": "train", "step": 5500, "epoch": 3, "lr": 1.2641915523271457e-05, "loss": 2.659679651260376, "choice_ce": 0.6315287351608276, "gold_lm": 2.8606996536254883, "replay_lm": 3.2574806213378906, "batch_accuracy": 0.71875, "gradient_norm": 6.3996357917785645}
{"time": "2026-10-01T05:05:56.402114+00:00", "event": "train", "step": 5550, "epoch": 3, "lr": 1.2574656981436644e-05, "loss": 2.511329174041748, "choice_ce": 0.6303310394287109, "gold_lm": 2.6228580474853516, "replay_lm": 3.0808985233306885, "batch_accuracy": 0.75, "gradient_norm": 5.155029296875}
{"time": "2026-10-01T05:06:04.359185+00:00", "event": "train", "step": 5600, "epoch": 3, "lr": 1.250739843960183e-05, "loss": 2.3327322006225586, "choice_ce": 0.4517531096935272, "gold_lm": 2.904674768447876, "replay_lm": 2.76137375831604, "batch_accuracy": 0.875, "gradient_norm": 5.558822154998779}
{"time": "2026-10-01T05:06:12.098741+00:00", "event": "train", "step": 5650, "epoch": 3, "lr": 1.2440139897767019e-05, "loss": 2.379347324371338, "choice_ce": 0.5693795680999756, "gold_lm": 2.6933581829071045, "replay_lm": 2.8426358699798584, "batch_accuracy": 0.65625, "gradient_norm": 5.845749855041504}
{"time": "2026-10-01T05:06:19.853224+00:00", "event": "train", "step": 5700, "epoch": 3, "lr": 1.2372881355932205e-05, "loss": 2.4157960414886475, "choice_ce": 0.5055842399597168, "gold_lm": 2.567342519760132, "replay_lm": 3.0423364639282227, "batch_accuracy": 0.875, "gradient_norm": 6.474136829376221}
{"time": "2026-10-01T05:06:27.767118+00:00", "event": "train", "step": 5750, "epoch": 3, "lr": 1.230562281409739e-05, "loss": 2.233330249786377, "choice_ce": 0.45433980226516724, "gold_lm": 2.4618964195251465, "replay_lm": 2.781372547149658, "batch_accuracy": 0.8125, "gradient_norm": 3.0355050563812256}
{"time": "2026-10-01T05:06:35.463158+00:00", "event": "train", "step": 5800, "epoch": 3, "lr": 1.2238364272262579e-05, "loss": 2.2878212928771973, "choice_ce": 0.4719095230102539, "gold_lm": 2.6077420711517334, "replay_lm": 2.7998619079589844, "batch_accuracy": 0.84375, "gradient_norm": 6.071715831756592}
{"time": "2026-10-01T05:06:43.181070+00:00", "event": "train", "step": 5850, "epoch": 3, "lr": 1.2171105730427766e-05, "loss": 2.620056629180908, "choice_ce": 0.4867381751537323, "gold_lm": 2.61161470413208, "replay_lm": 3.4475674629211426, "batch_accuracy": 0.84375, "gradient_norm": 5.06736946105957}
{"time": "2026-10-01T05:06:50.932750+00:00", "event": "train", "step": 5900, "epoch": 3, "lr": 1.2103847188592952e-05, "loss": 2.632887125015259, "choice_ce": 0.45138484239578247, "gold_lm": 2.6605467796325684, "replay_lm": 3.4841160774230957, "batch_accuracy": 0.75, "gradient_norm": 4.210578441619873}
{"time": "2026-10-01T05:06:58.702133+00:00", "event": "train", "step": 5950, "epoch": 3, "lr": 1.203658864675814e-05, "loss": 2.3236441612243652, "choice_ce": 0.39967823028564453, "gold_lm": 2.5690808296203613, "replay_lm": 2.9630699157714844, "batch_accuracy": 0.84375, "gradient_norm": 3.772019147872925}
{"time": "2026-10-01T05:07:06.462056+00:00", "event": "train", "step": 6000, "epoch": 3, "lr": 1.1969330104923324e-05, "loss": 2.3384599685668945, "choice_ce": 0.5654088854789734, "gold_lm": 2.7742481231689453, "replay_lm": 2.7243871688842773, "batch_accuracy": 0.71875, "gradient_norm": 5.170896053314209}
{"time": "2026-10-01T05:07:14.127845+00:00", "event": "train", "step": 6050, "epoch": 3, "lr": 1.1902071563088513e-05, "loss": 2.5051960945129395, "choice_ce": 0.6751502752304077, "gold_lm": 2.724281072616577, "replay_lm": 2.9731016159057617, "batch_accuracy": 0.84375, "gradient_norm": 5.1065216064453125}
{"time": "2026-10-01T05:07:21.796596+00:00", "event": "train", "step": 6100, "epoch": 3, "lr": 1.1834813021253701e-05, "loss": 2.5473198890686035, "choice_ce": 0.7017301917076111, "gold_lm": 2.595221996307373, "replay_lm": 3.0952985286712646, "batch_accuracy": 0.78125, "gradient_norm": 6.934539794921875}
{"time": "2026-10-01T05:07:29.592879+00:00", "event": "train", "step": 6150, "epoch": 3, "lr": 1.1767554479418886e-05, "loss": 2.4234559535980225, "choice_ce": 0.5186893939971924, "gold_lm": 2.774329900741577, "replay_lm": 2.9410574436187744, "batch_accuracy": 0.78125, "gradient_norm": 7.761135578155518}
{"time": "2026-10-01T05:07:37.334928+00:00", "event": "train", "step": 6200, "epoch": 3, "lr": 1.1700295937584075e-05, "loss": 2.4604289531707764, "choice_ce": 0.4474804997444153, "gold_lm": 2.7720870971679688, "replay_lm": 3.087333917617798, "batch_accuracy": 0.78125, "gradient_norm": 7.011151313781738}
{"time": "2026-10-01T05:07:45.192130+00:00", "event": "train", "step": 6250, "epoch": 3, "lr": 1.1633037395749263e-05, "loss": 2.407334089279175, "choice_ce": 0.4828902781009674, "gold_lm": 2.6925888061523438, "replay_lm": 2.9854836463928223, "batch_accuracy": 0.8125, "gradient_norm": 4.54996919631958}
{"time": "2026-10-01T05:07:52.961698+00:00", "event": "train", "step": 6300, "epoch": 3, "lr": 1.1565778853914446e-05, "loss": 2.531277656555176, "choice_ce": 0.5739259123802185, "gold_lm": 2.6916685104370117, "replay_lm": 3.1427950859069824, "batch_accuracy": 0.75, "gradient_norm": 6.689791202545166}
{"time": "2026-10-01T05:08:00.551343+00:00", "event": "train", "step": 6350, "epoch": 3, "lr": 1.1498520312079635e-05, "loss": 2.6176934242248535, "choice_ce": 0.643936038017273, "gold_lm": 2.7139832973480225, "replay_lm": 3.2344589233398438, "batch_accuracy": 0.78125, "gradient_norm": 8.751016616821289}
{"time": "2026-10-01T05:08:08.462521+00:00", "event": "train", "step": 6400, "epoch": 3, "lr": 1.1431261770244823e-05, "loss": 2.358530044555664, "choice_ce": 0.5115474462509155, "gold_lm": 2.7121241092681885, "replay_lm": 2.8494508266448975, "batch_accuracy": 0.75, "gradient_norm": 6.1166229248046875}
{"time": "2026-10-01T05:08:16.240700+00:00", "event": "train", "step": 6450, "epoch": 3, "lr": 1.1364003228410008e-05, "loss": 2.3646557331085205, "choice_ce": 0.46331897377967834, "gold_lm": 2.5950944423675537, "replay_lm": 2.968445301055908, "batch_accuracy": 0.6875, "gradient_norm": 4.496387004852295}
{"time": "2026-10-01T05:08:24.134088+00:00", "event": "train", "step": 6500, "epoch": 3, "lr": 1.1296744686575197e-05, "loss": 2.500112533569336, "choice_ce": 0.8716683983802795, "gold_lm": 2.9825778007507324, "replay_lm": 2.63726806640625, "batch_accuracy": 0.65625, "gradient_norm": 9.800183296203613}
{"time": "2026-10-01T05:08:31.849221+00:00", "event": "train", "step": 6550, "epoch": 3, "lr": 1.1229486144740382e-05, "loss": 2.3837130069732666, "choice_ce": 0.4519850015640259, "gold_lm": 2.658273458480835, "replay_lm": 2.98630428314209, "batch_accuracy": 0.8125, "gradient_norm": 3.7228565216064453}
{"time": "2026-10-01T05:08:39.615214+00:00", "event": "train", "step": 6600, "epoch": 3, "lr": 1.1162227602905568e-05, "loss": 2.326141357421875, "choice_ce": 0.49201321601867676, "gold_lm": 2.644331216812134, "replay_lm": 2.838104009628296, "batch_accuracy": 0.6875, "gradient_norm": 8.134126663208008}
{"time": "2026-10-01T05:08:47.348474+00:00", "event": "train", "step": 6650, "epoch": 3, "lr": 1.1094969061070757e-05, "loss": 2.544992446899414, "choice_ce": 0.6233628988265991, "gold_lm": 2.6582295894622803, "replay_lm": 3.137507200241089, "batch_accuracy": 0.6875, "gradient_norm": 8.042722702026367}
{"time": "2026-10-01T05:08:55.239340+00:00", "event": "train", "step": 6700, "epoch": 3, "lr": 1.1027710519235944e-05, "loss": 2.5302655696868896, "choice_ce": 0.475310355424881, "gold_lm": 2.7473602294921875, "replay_lm": 3.211540699005127, "batch_accuracy": 0.8125, "gradient_norm": 5.654305458068848}
{"time": "2026-10-01T05:09:02.923547+00:00", "event": "train", "step": 6750, "epoch": 3, "lr": 1.096045197740113e-05, "loss": 2.3385238647460938, "choice_ce": 0.520455002784729, "gold_lm": 2.763314723968506, "replay_lm": 2.774935245513916, "batch_accuracy": 0.625, "gradient_norm": 4.829146385192871}
{"time": "2026-10-01T05:09:10.731648+00:00", "event": "train", "step": 6800, "epoch": 3, "lr": 1.0893193435566319e-05, "loss": 2.3928229808807373, "choice_ce": 0.40965425968170166, "gold_lm": 2.683225393295288, "replay_lm": 3.034379005432129, "batch_accuracy": 0.8125, "gradient_norm": 3.7980990409851074}
{"time": "2026-10-01T05:09:18.409184+00:00", "event": "train", "step": 6850, "epoch": 3, "lr": 1.0825934893731504e-05, "loss": 2.3792970180511475, "choice_ce": 0.43447864055633545, "gold_lm": 2.612123727798462, "replay_lm": 3.0180535316467285, "batch_accuracy": 0.75, "gradient_norm": 5.861883163452148}
{"time": "2026-10-01T05:09:26.267731+00:00", "event": "train", "step": 6900, "epoch": 3, "lr": 1.075867635189669e-05, "loss": 2.4402737617492676, "choice_ce": 0.5263702869415283, "gold_lm": 2.719416618347168, "replay_lm": 2.994469165802002, "batch_accuracy": 0.6875, "gradient_norm": 4.90412712097168}
{"time": "2026-10-01T05:09:33.988935+00:00", "event": "train", "step": 6950, "epoch": 3, "lr": 1.0691417810061879e-05, "loss": 2.3773880004882812, "choice_ce": 0.6136642694473267, "gold_lm": 2.586625337600708, "replay_lm": 2.8477988243103027, "batch_accuracy": 0.6875, "gradient_norm": 4.545272350311279}
{"time": "2026-10-01T05:09:41.718407+00:00", "event": "train", "step": 7000, "epoch": 3, "lr": 1.0624159268227066e-05, "loss": 2.459714412689209, "choice_ce": 0.5567415952682495, "gold_lm": 2.573119878768921, "replay_lm": 3.076127290725708, "batch_accuracy": 0.78125, "gradient_norm": 7.575092792510986}
{"time": "2026-10-01T05:09:49.544794+00:00", "event": "train", "step": 7050, "epoch": 3, "lr": 1.0556900726392252e-05, "loss": 2.449044704437256, "choice_ce": 0.5911855101585388, "gold_lm": 2.7310233116149902, "replay_lm": 2.941392421722412, "batch_accuracy": 0.6875, "gradient_norm": 8.091595649719238}
{"time": "2026-10-01T05:09:57.361780+00:00", "event": "train", "step": 7100, "epoch": 3, "lr": 1.0489642184557441e-05, "loss": 2.482692241668701, "choice_ce": 0.37370288372039795, "gold_lm": 2.774282455444336, "replay_lm": 3.204540252685547, "batch_accuracy": 0.90625, "gradient_norm": 4.455894470214844}
{"time": "2026-10-01T05:10:05.139253+00:00", "event": "train", "step": 7150, "epoch": 3, "lr": 1.0422383642722626e-05, "loss": 2.656715154647827, "choice_ce": 0.8970177173614502, "gold_lm": 2.6951746940612793, "replay_lm": 3.0688252449035645, "batch_accuracy": 0.65625, "gradient_norm": 9.942316055297852}
{"time": "2026-10-01T05:10:12.917970+00:00", "event": "train", "step": 7200, "epoch": 3, "lr": 1.0355125100887813e-05, "loss": 2.6480343341827393, "choice_ce": 0.5086861848831177, "gold_lm": 2.7424206733703613, "replay_lm": 3.4161720275878906, "batch_accuracy": 0.75, "gradient_norm": 5.278017044067383}
{"time": "2026-10-01T05:10:20.751492+00:00", "event": "train", "step": 7250, "epoch": 3, "lr": 1.0287866559053001e-05, "loss": 2.4228434562683105, "choice_ce": 0.5323412418365479, "gold_lm": 2.6386640071868896, "replay_lm": 2.994013547897339, "batch_accuracy": 0.78125, "gradient_norm": 7.552968978881836}
{"time": "2026-10-01T05:10:28.510225+00:00", "event": "train", "step": 7300, "epoch": 3, "lr": 1.0220608017218188e-05, "loss": 2.4459586143493652, "choice_ce": 0.6267197132110596, "gold_lm": 2.75919246673584, "replay_lm": 2.885601043701172, "batch_accuracy": 0.6875, "gradient_norm": 5.8816819190979}
{"time": "2026-10-01T05:10:36.280464+00:00", "event": "train", "step": 7350, "epoch": 3, "lr": 1.0153349475383375e-05, "loss": 2.4831717014312744, "choice_ce": 0.4334147572517395, "gold_lm": 2.765058755874634, "replay_lm": 3.1503992080688477, "batch_accuracy": 0.84375, "gradient_norm": 6.544495582580566}
{"time": "2026-10-01T05:10:44.072726+00:00", "event": "train", "step": 7400, "epoch": 3, "lr": 1.0086090933548563e-05, "loss": 2.3173716068267822, "choice_ce": 0.5329692363739014, "gold_lm": 2.678514242172241, "replay_lm": 2.762516975402832, "batch_accuracy": 0.8125, "gradient_norm": 5.19842529296875}
Writing model shards:   0%|          | 0/1 [00:00<?, ?it/s]Writing model shards: 100%|██████████| 1/1 [00:00<00:00,  5.31it/s]Writing model shards: 100%|██████████| 1/1 [00:00<00:00,  5.30it/s]
{"time": "2026-10-01T05:10:51.984551+00:00", "event": "export", "epoch": 3, "step": 7449, "path": "/data/team_a/dave-workspace/Global Innovation Build Challenge V2/v2/runs/round2_lr2e-5_e6/epoch_3/export", "model_sha256": "afdc723a75bd861e8257faba53ed45b60a3e4b5ba4dcc9033b42a114809f4021"}
{"time": "2026-10-01T05:10:52.105090+00:00", "event": "train", "step": 7450, "epoch": 4, "lr": 1.0018832391713748e-05, "loss": 2.223600387573242, "choice_ce": 0.32353925704956055, "gold_lm": 2.442962169647217, "replay_lm": 2.9021806716918945, "batch_accuracy": 0.875, "gradient_norm": 2.6912686824798584}
{"time": "2026-10-01T05:10:55.975145+00:00", "event": "train", "step": 7500, "epoch": 4, "lr": 9.951573849878935e-06, "loss": 2.3677637577056885, "choice_ce": 0.3937115967273712, "gold_lm": 2.605315923690796, "replay_lm": 3.0391578674316406, "batch_accuracy": 0.84375, "gradient_norm": 4.050598621368408}
{"time": "2026-10-01T05:10:59.860061+00:00", "event": "train", "step": 7550, "epoch": 4, "lr": 9.884315308044123e-06, "loss": 2.378237247467041, "choice_ce": 0.47514843940734863, "gold_lm": 2.5354950428009033, "replay_lm": 3.013578414916992, "batch_accuracy": 0.75, "gradient_norm": 4.597940921783447}
{"time": "2026-10-01T05:11:03.732342+00:00", "event": "train", "step": 7600, "epoch": 4, "lr": 9.81705676620931e-06, "loss": 2.4068453311920166, "choice_ce": 0.35729801654815674, "gold_lm": 2.799089193344116, "replay_lm": 3.0568480491638184, "batch_accuracy": 0.90625, "gradient_norm": 4.52962064743042}
{"time": "2026-10-01T05:11:07.640231+00:00", "event": "train", "step": 7650, "epoch": 4, "lr": 9.749798224374497e-06, "loss": 2.2680835723876953, "choice_ce": 0.31944891810417175, "gold_lm": 2.537569761276245, "replay_lm": 2.9479334354400635, "batch_accuracy": 0.8125, "gradient_norm": 3.557417392730713}
{"time": "2026-10-01T05:11:11.511787+00:00", "event": "train", "step": 7700, "epoch": 4, "lr": 9.682539682539682e-06, "loss": 2.2589919567108154, "choice_ce": 0.32807081937789917, "gold_lm": 2.599294424057007, "replay_lm": 2.890265941619873, "batch_accuracy": 0.8125, "gradient_norm": 3.7047042846679688}
{"time": "2026-10-01T05:11:15.384931+00:00", "event": "train", "step": 7750, "epoch": 4, "lr": 9.61528114070487e-06, "loss": 2.4316132068634033, "choice_ce": 0.44873419404029846, "gold_lm": 2.72230863571167, "replay_lm": 3.053337812423706, "batch_accuracy": 0.75, "gradient_norm": 3.6981842517852783}
{"time": "2026-10-01T05:11:19.271015+00:00", "event": "train", "step": 7800, "epoch": 4, "lr": 9.548022598870057e-06, "loss": 2.50917387008667, "choice_ce": 0.4595906734466553, "gold_lm": 2.6736598014831543, "replay_lm": 3.2219271659851074, "batch_accuracy": 0.78125, "gradient_norm": 8.03857421875}
{"time": "2026-10-01T05:11:23.107926+00:00", "event": "train", "step": 7850, "epoch": 4, "lr": 9.480764057035244e-06, "loss": 2.469907760620117, "choice_ce": 0.39495113492012024, "gold_lm": 2.6178219318389893, "replay_lm": 3.2359535694122314, "batch_accuracy": 0.9375, "gradient_norm": 4.3756303787231445}
{"time": "2026-10-01T05:11:27.088529+00:00", "event": "train", "step": 7900, "epoch": 4, "lr": 9.413505515200432e-06, "loss": 2.3406577110290527, "choice_ce": 0.3460541069507599, "gold_lm": 2.5422749519348145, "replay_lm": 3.06412410736084, "batch_accuracy": 0.84375, "gradient_norm": 3.1456539630889893}
{"time": "2026-10-01T05:11:30.984768+00:00", "event": "train", "step": 7950, "epoch": 4, "lr": 9.346246973365619e-06, "loss": 2.661299467086792, "choice_ce": 0.43659651279449463, "gold_lm": 2.5484471321105957, "replay_lm": 3.611778736114502, "batch_accuracy": 0.84375, "gradient_norm": 3.574923276901245}
{"time": "2026-10-01T05:11:34.851134+00:00", "event": "train", "step": 8000, "epoch": 4, "lr": 9.278988431530804e-06, "loss": 2.321945905685425, "choice_ce": 0.3280907869338989, "gold_lm": 2.522524833679199, "replay_lm": 3.0545387268066406, "batch_accuracy": 0.8125, "gradient_norm": 3.780266761779785}
{"time": "2026-10-01T05:11:38.859010+00:00", "event": "train", "step": 8050, "epoch": 4, "lr": 9.211729889695992e-06, "loss": 2.3179879188537598, "choice_ce": 0.43749791383743286, "gold_lm": 2.404160976409912, "replay_lm": 2.9963977336883545, "batch_accuracy": 0.84375, "gradient_norm": 3.4538121223449707}
{"time": "2026-10-01T05:11:42.762404+00:00", "event": "train", "step": 8100, "epoch": 4, "lr": 9.144471347861179e-06, "loss": 2.3293776512145996, "choice_ce": 0.36449867486953735, "gold_lm": 2.512695550918579, "replay_lm": 3.0379085540771484, "batch_accuracy": 0.9375, "gradient_norm": 3.27543044090271}
{"time": "2026-10-01T05:11:46.748370+00:00", "event": "train", "step": 8150, "epoch": 4, "lr": 9.077212806026366e-06, "loss": 2.3834738731384277, "choice_ce": 0.45505088567733765, "gold_lm": 2.4895951747894287, "replay_lm": 3.067099094390869, "batch_accuracy": 0.78125, "gradient_norm": 4.346507549285889}
{"time": "2026-10-01T05:11:50.641229+00:00", "event": "train", "step": 8200, "epoch": 4, "lr": 9.009954264191554e-06, "loss": 2.429074287414551, "choice_ce": 0.4206005036830902, "gold_lm": 2.6330742835998535, "replay_lm": 3.1210107803344727, "batch_accuracy": 0.78125, "gradient_norm": 4.4154438972473145}
{"time": "2026-10-01T05:11:54.590119+00:00", "event": "train", "step": 8250, "epoch": 4, "lr": 8.942695722356741e-06, "loss": 2.3594114780426025, "choice_ce": 0.28817927837371826, "gold_lm": 2.7081398963928223, "replay_lm": 3.0765738487243652, "batch_accuracy": 0.90625, "gradient_norm": 4.5218505859375}
{"time": "2026-10-01T05:11:58.477252+00:00", "event": "train", "step": 8300, "epoch": 4, "lr": 8.875437180521926e-06, "loss": 2.173863410949707, "choice_ce": 0.3630284368991852, "gold_lm": 2.5862178802490234, "replay_lm": 2.691589593887329, "batch_accuracy": 0.875, "gradient_norm": 5.329601764678955}
{"time": "2026-10-01T05:12:02.319413+00:00", "event": "train", "step": 8350, "epoch": 4, "lr": 8.808178638687114e-06, "loss": 2.412386417388916, "choice_ce": 0.3361024558544159, "gold_lm": 2.7290899753570557, "replay_lm": 3.1241254806518555, "batch_accuracy": 0.875, "gradient_norm": 3.957711696624756}
{"time": "2026-10-01T05:12:06.208398+00:00", "event": "train", "step": 8400, "epoch": 4, "lr": 8.740920096852301e-06, "loss": 2.1854748725891113, "choice_ce": 0.3603498935699463, "gold_lm": 2.4980053901672363, "replay_lm": 2.761597156524658, "batch_accuracy": 0.8125, "gradient_norm": 4.6975789070129395}
{"time": "2026-10-01T05:12:10.091943+00:00", "event": "train", "step": 8450, "epoch": 4, "lr": 8.673661555017488e-06, "loss": 2.2312850952148438, "choice_ce": 0.35258594155311584, "gold_lm": 2.594759225845337, "replay_lm": 2.8126049041748047, "batch_accuracy": 0.875, "gradient_norm": 6.587111949920654}
{"time": "2026-10-01T05:12:13.971609+00:00", "event": "train", "step": 8500, "epoch": 4, "lr": 8.606403013182676e-06, "loss": 2.289646863937378, "choice_ce": 0.35388052463531494, "gold_lm": 2.5013208389282227, "replay_lm": 2.974752902984619, "batch_accuracy": 0.84375, "gradient_norm": 7.114502429962158}
{"time": "2026-10-01T05:12:17.856445+00:00", "event": "train", "step": 8550, "epoch": 4, "lr": 8.539144471347861e-06, "loss": 2.374958038330078, "choice_ce": 0.5273127555847168, "gold_lm": 2.617791175842285, "replay_lm": 2.913707733154297, "batch_accuracy": 0.84375, "gradient_norm": 5.86896276473999}
{"time": "2026-10-01T05:12:21.808743+00:00", "event": "train", "step": 8600, "epoch": 4, "lr": 8.471885929513048e-06, "loss": 2.3488411903381348, "choice_ce": 0.44660037755966187, "gold_lm": 2.610834836959839, "replay_lm": 2.945664882659912, "batch_accuracy": 0.75, "gradient_norm": 4.534900665283203}
{"time": "2026-10-01T05:12:25.674181+00:00", "event": "train", "step": 8650, "epoch": 4, "lr": 8.404627387678235e-06, "loss": 2.3377225399017334, "choice_ce": 0.4860515892505646, "gold_lm": 2.571793556213379, "replay_lm": 2.903496742248535, "batch_accuracy": 0.71875, "gradient_norm": 5.236691474914551}
{"time": "2026-10-01T05:12:29.550063+00:00", "event": "train", "step": 8700, "epoch": 4, "lr": 8.337368845843423e-06, "loss": 2.4680376052856445, "choice_ce": 0.4408687353134155, "gold_lm": 2.8083884716033936, "replay_lm": 3.091012477874756, "batch_accuracy": 0.84375, "gradient_norm": 6.119802474975586}
{"time": "2026-10-01T05:12:33.442196+00:00", "event": "train", "step": 8750, "epoch": 4, "lr": 8.27011030400861e-06, "loss": 2.297191619873047, "choice_ce": 0.3838128447532654, "gold_lm": 2.587043523788452, "replay_lm": 2.917048454284668, "batch_accuracy": 0.71875, "gradient_norm": 3.896533966064453}
{"time": "2026-10-01T05:12:37.306371+00:00", "event": "train", "step": 8800, "epoch": 4, "lr": 8.202851762173795e-06, "loss": 2.3618712425231934, "choice_ce": 0.38392895460128784, "gold_lm": 2.737133502960205, "replay_lm": 2.9712464809417725, "batch_accuracy": 0.875, "gradient_norm": 4.759633541107178}
{"time": "2026-10-01T05:12:41.201479+00:00", "event": "train", "step": 8850, "epoch": 4, "lr": 8.135593220338983e-06, "loss": 2.212207317352295, "choice_ce": 0.42987826466560364, "gold_lm": 2.3996546268463135, "replay_lm": 2.7947092056274414, "batch_accuracy": 0.84375, "gradient_norm": 3.563476324081421}
{"time": "2026-10-01T05:12:45.034722+00:00", "event": "train", "step": 8900, "epoch": 4, "lr": 8.06833467850417e-06, "loss": 2.376037836074829, "choice_ce": 0.30240678787231445, "gold_lm": 2.833519220352173, "replay_lm": 3.032909393310547, "batch_accuracy": 0.875, "gradient_norm": 5.027467727661133}
{"time": "2026-10-01T05:12:48.865036+00:00", "event": "train", "step": 8950, "epoch": 4, "lr": 8.001076136669357e-06, "loss": 2.251008987426758, "choice_ce": 0.3630582392215729, "gold_lm": 2.5165367126464844, "replay_lm": 2.8806915283203125, "batch_accuracy": 0.8125, "gradient_norm": 5.2894792556762695}
{"time": "2026-10-01T05:12:52.737128+00:00", "event": "train", "step": 9000, "epoch": 4, "lr": 7.933817594834545e-06, "loss": 2.335958242416382, "choice_ce": 0.42311084270477295, "gold_lm": 2.607255458831787, "replay_lm": 2.9451780319213867, "batch_accuracy": 0.84375, "gradient_norm": 3.791985511779785}
{"time": "2026-10-01T05:12:56.612557+00:00", "event": "train", "step": 9050, "epoch": 4, "lr": 7.866559052999732e-06, "loss": 2.3834385871887207, "choice_ce": 0.31965118646621704, "gold_lm": 2.560307741165161, "replay_lm": 3.16707181930542, "batch_accuracy": 0.96875, "gradient_norm": 3.322338342666626}
{"time": "2026-10-01T05:13:00.542787+00:00", "event": "train", "step": 9100, "epoch": 4, "lr": 7.799300511164917e-06, "loss": 2.5122861862182617, "choice_ce": 0.5972959995269775, "gold_lm": 2.628192663192749, "replay_lm": 3.113180160522461, "batch_accuracy": 0.875, "gradient_norm": 5.429948806762695}
{"time": "2026-10-01T05:13:04.444245+00:00", "event": "train", "step": 9150, "epoch": 4, "lr": 7.732041969330106e-06, "loss": 2.3947010040283203, "choice_ce": 0.3002013564109802, "gold_lm": 2.552267551422119, "replay_lm": 3.213066816329956, "batch_accuracy": 0.96875, "gradient_norm": 3.985278367996216}
{"time": "2026-10-01T05:13:08.337266+00:00", "event": "train", "step": 9200, "epoch": 4, "lr": 7.664783427495292e-06, "loss": 2.4203941822052, "choice_ce": 0.3915371596813202, "gold_lm": 2.558199167251587, "replay_lm": 3.170151710510254, "batch_accuracy": 0.875, "gradient_norm": 4.8291544914245605}
{"time": "2026-10-01T05:13:12.193584+00:00", "event": "train", "step": 9250, "epoch": 4, "lr": 7.597524885660479e-06, "loss": 2.495896577835083, "choice_ce": 0.36060667037963867, "gold_lm": 2.5690529346466064, "replay_lm": 3.3466601371765137, "batch_accuracy": 0.84375, "gradient_norm": 3.7481133937835693}
{"time": "2026-10-01T05:13:16.100568+00:00", "event": "train", "step": 9300, "epoch": 4, "lr": 7.5302663438256675e-06, "loss": 2.4440343379974365, "choice_ce": 0.4644884467124939, "gold_lm": 2.6632938385009766, "replay_lm": 3.091933250427246, "batch_accuracy": 0.78125, "gradient_norm": 5.9828901290893555}
{"time": "2026-10-01T05:13:20.064136+00:00", "event": "train", "step": 9350, "epoch": 4, "lr": 7.463007801990853e-06, "loss": 2.275259494781494, "choice_ce": 0.43288350105285645, "gold_lm": 2.7957992553710938, "replay_lm": 2.719736099243164, "batch_accuracy": 0.78125, "gradient_norm": 6.383193016052246}
{"time": "2026-10-01T05:13:23.922690+00:00", "event": "train", "step": 9400, "epoch": 4, "lr": 7.39574926015604e-06, "loss": 2.398104667663574, "choice_ce": 0.4938245415687561, "gold_lm": 2.7221286296844482, "replay_lm": 2.9413201808929443, "batch_accuracy": 0.71875, "gradient_norm": 6.403403282165527}
{"time": "2026-10-01T05:13:27.620728+00:00", "event": "train", "step": 9450, "epoch": 4, "lr": 7.3284907183212286e-06, "loss": 2.349412441253662, "choice_ce": 0.2892252802848816, "gold_lm": 2.5289628505706787, "replay_lm": 3.145118236541748, "batch_accuracy": 0.875, "gradient_norm": 4.170087814331055}
{"time": "2026-10-01T05:13:31.307081+00:00", "event": "train", "step": 9500, "epoch": 4, "lr": 7.2612321764864145e-06, "loss": 2.4313011169433594, "choice_ce": 0.7010098099708557, "gold_lm": 2.639833688735962, "replay_lm": 2.841675281524658, "batch_accuracy": 0.625, "gradient_norm": 5.831231594085693}
{"time": "2026-10-01T05:13:35.214172+00:00", "event": "train", "step": 9550, "epoch": 4, "lr": 7.193973634651601e-06, "loss": 2.2903480529785156, "choice_ce": 0.30260735750198364, "gold_lm": 2.5888776779174805, "replay_lm": 2.983649730682373, "batch_accuracy": 0.875, "gradient_norm": 5.096073150634766}
{"time": "2026-10-01T05:13:39.125491+00:00", "event": "train", "step": 9600, "epoch": 4, "lr": 7.12671509281679e-06, "loss": 2.4140357971191406, "choice_ce": 0.39496514201164246, "gold_lm": 2.6247146129608154, "replay_lm": 3.1207492351531982, "batch_accuracy": 0.8125, "gradient_norm": 4.146721363067627}
{"time": "2026-10-01T05:13:43.040152+00:00", "event": "train", "step": 9650, "epoch": 4, "lr": 7.0594565509819755e-06, "loss": 2.487366199493408, "choice_ce": 0.48351678252220154, "gold_lm": 2.4709630012512207, "replay_lm": 3.2557339668273926, "batch_accuracy": 0.78125, "gradient_norm": 11.232733726501465}
{"time": "2026-10-01T05:13:46.899768+00:00", "event": "train", "step": 9700, "epoch": 4, "lr": 6.992198009147162e-06, "loss": 2.4142746925354004, "choice_ce": 0.3829970359802246, "gold_lm": 2.4952406883239746, "replay_lm": 3.197932004928589, "batch_accuracy": 0.8125, "gradient_norm": 3.930591344833374}
{"time": "2026-10-01T05:13:50.758371+00:00", "event": "train", "step": 9750, "epoch": 4, "lr": 6.924939467312348e-06, "loss": 2.4241716861724854, "choice_ce": 0.4175007939338684, "gold_lm": 2.672914505004883, "replay_lm": 3.0943853855133057, "batch_accuracy": 0.8125, "gradient_norm": 4.702788829803467}
{"time": "2026-10-01T05:13:54.622064+00:00", "event": "train", "step": 9800, "epoch": 4, "lr": 6.857680925477537e-06, "loss": 2.2837891578674316, "choice_ce": 0.4206623435020447, "gold_lm": 2.4815356731414795, "replay_lm": 2.9061479568481445, "batch_accuracy": 0.875, "gradient_norm": 8.379439353942871}
{"time": "2026-10-01T05:13:58.512077+00:00", "event": "train", "step": 9850, "epoch": 4, "lr": 6.790422383642723e-06, "loss": 2.334537982940674, "choice_ce": 0.5118544697761536, "gold_lm": 2.6130995750427246, "replay_lm": 2.8506717681884766, "batch_accuracy": 0.75, "gradient_norm": 6.133891582489014}
{"time": "2026-10-01T05:14:02.334517+00:00", "event": "train", "step": 9900, "epoch": 4, "lr": 6.723163841807909e-06, "loss": 2.332376003265381, "choice_ce": 0.3082176446914673, "gold_lm": 2.5185651779174805, "replay_lm": 3.0972518920898438, "batch_accuracy": 0.9375, "gradient_norm": 3.0487942695617676}
Writing model shards:   0%|          | 0/1 [00:00<?, ?it/s]Writing model shards: 100%|██████████| 1/1 [00:00<00:00,  5.35it/s]Writing model shards: 100%|██████████| 1/1 [00:00<00:00,  5.35it/s]
{"time": "2026-10-01T05:14:05.145692+00:00", "event": "export", "epoch": 4, "step": 9932, "path": "/data/team_a/dave-workspace/Global Innovation Build Challenge V2/v2/runs/round2_lr2e-5_e6/epoch_4/export", "model_sha256": "83b34b3b7de98b38ad75f9a0b720b32a8dc4e5243db86885f11c8d55cd7a35b7"}
{"time": "2026-10-01T05:14:06.539049+00:00", "event": "train", "step": 9950, "epoch": 5, "lr": 6.655905299973098e-06, "loss": 2.169736385345459, "choice_ce": 0.21792200207710266, "gold_lm": 2.342838764190674, "replay_lm": 2.950131416320801, "batch_accuracy": 0.96875, "gradient_norm": 2.6314728260040283}
{"time": "2026-10-01T05:14:10.451108+00:00", "event": "train", "step": 10000, "epoch": 5, "lr": 6.588646758138284e-06, "loss": 2.2134652137756348, "choice_ce": 0.25066426396369934, "gold_lm": 2.6097733974456787, "replay_lm": 2.8713793754577637, "batch_accuracy": 0.96875, "gradient_norm": 2.9010331630706787}
{"time": "2026-10-01T05:14:14.373167+00:00", "event": "train", "step": 10050, "epoch": 5, "lr": 6.52138821630347e-06, "loss": 2.4616899490356445, "choice_ce": 0.700910210609436, "gold_lm": 2.560029983520508, "replay_lm": 2.9424548149108887, "batch_accuracy": 0.875, "gradient_norm": 4.893448352813721}
{"time": "2026-10-01T05:14:18.230376+00:00", "event": "train", "step": 10100, "epoch": 5, "lr": 6.454129674468659e-06, "loss": 2.4684433937072754, "choice_ce": 0.23795416951179504, "gold_lm": 2.519727945327759, "replay_lm": 3.439068555831909, "batch_accuracy": 0.9375, "gradient_norm": 3.874427318572998}
{"time": "2026-10-01T05:14:22.142154+00:00", "event": "train", "step": 10150, "epoch": 5, "lr": 6.3868711326338454e-06, "loss": 2.3637969493865967, "choice_ce": 0.27514904737472534, "gold_lm": 2.5095467567443848, "replay_lm": 3.197671413421631, "batch_accuracy": 0.875, "gradient_norm": 6.636744976043701}
{"time": "2026-10-01T05:14:26.013586+00:00", "event": "train", "step": 10200, "epoch": 5, "lr": 6.319612590799031e-06, "loss": 2.3256044387817383, "choice_ce": 0.24126389622688293, "gold_lm": 2.586289644241333, "replay_lm": 3.116800308227539, "batch_accuracy": 0.96875, "gradient_norm": 2.838458299636841}
{"time": "2026-10-01T05:14:29.829505+00:00", "event": "train", "step": 10250, "epoch": 5, "lr": 6.25235404896422e-06, "loss": 2.436765670776367, "choice_ce": 0.35385027527809143, "gold_lm": 2.55080246925354, "replay_lm": 3.2442798614501953, "batch_accuracy": 0.9375, "gradient_norm": 3.7365148067474365}
{"time": "2026-10-01T05:14:33.667452+00:00", "event": "train", "step": 10300, "epoch": 5, "lr": 6.1850955071294065e-06, "loss": 2.342893123626709, "choice_ce": 0.2779616713523865, "gold_lm": 2.403646469116211, "replay_lm": 3.2060012817382812, "batch_accuracy": 0.9375, "gradient_norm": 4.596418380737305}
{"time": "2026-10-01T05:14:37.593710+00:00", "event": "train", "step": 10350, "epoch": 5, "lr": 6.117836965294592e-06, "loss": 2.2672836780548096, "choice_ce": 0.3041110038757324, "gold_lm": 2.560718059539795, "replay_lm": 2.9500973224639893, "batch_accuracy": 0.84375, "gradient_norm": 3.9671273231506348}
{"time": "2026-10-01T05:14:41.430653+00:00", "event": "train", "step": 10400, "epoch": 5, "lr": 6.050578423459781e-06, "loss": 2.4774746894836426, "choice_ce": 0.6414778232574463, "gold_lm": 2.4873268604278564, "replay_lm": 3.069808006286621, "batch_accuracy": 0.875, "gradient_norm": 5.155572414398193}
{"time": "2026-10-01T05:14:45.294163+00:00", "event": "train", "step": 10450, "epoch": 5, "lr": 5.983319881624967e-06, "loss": 2.393648862838745, "choice_ce": 0.2947574853897095, "gold_lm": 2.617103099822998, "replay_lm": 3.183988571166992, "batch_accuracy": 0.9375, "gradient_norm": 3.7133562564849854}
{"time": "2026-10-01T05:14:49.190240+00:00", "event": "train", "step": 10500, "epoch": 5, "lr": 5.9160613397901535e-06, "loss": 2.338502883911133, "choice_ce": 0.2445608675479889, "gold_lm": 2.453829050064087, "replay_lm": 3.2055301666259766, "batch_accuracy": 0.90625, "gradient_norm": 3.534745693206787}
{"time": "2026-10-01T05:14:53.045642+00:00", "event": "train", "step": 10550, "epoch": 5, "lr": 5.848802797955342e-06, "loss": 2.48588228225708, "choice_ce": 0.3441803753376007, "gold_lm": 2.516468048095703, "replay_lm": 3.369349956512451, "batch_accuracy": 0.84375, "gradient_norm": 3.6204781532287598}
{"time": "2026-10-01T05:14:56.902029+00:00", "event": "train", "step": 10600, "epoch": 5, "lr": 5.781544256120528e-06, "loss": 2.307425022125244, "choice_ce": 0.38430696725845337, "gold_lm": 2.4446372985839844, "replay_lm": 3.0082242488861084, "batch_accuracy": 0.84375, "gradient_norm": 5.544538497924805}
{"time": "2026-10-01T05:15:00.775145+00:00", "event": "train", "step": 10650, "epoch": 5, "lr": 5.7142857142857145e-06, "loss": 2.4113612174987793, "choice_ce": 0.4346448481082916, "gold_lm": 2.5645060539245605, "replay_lm": 3.1058247089385986, "batch_accuracy": 0.78125, "gradient_norm": 4.943560600280762}
{"time": "2026-10-01T05:15:04.668979+00:00", "event": "train", "step": 10700, "epoch": 5, "lr": 5.6470271724509e-06, "loss": 2.0167651176452637, "choice_ce": 0.30904144048690796, "gold_lm": 2.5851385593414307, "replay_lm": 2.431919574737549, "batch_accuracy": 0.90625, "gradient_norm": 3.901081085205078}
{"time": "2026-10-01T05:15:08.460642+00:00", "event": "train", "step": 10750, "epoch": 5, "lr": 5.579768630616089e-06, "loss": 2.369259834289551, "choice_ce": 0.3846243619918823, "gold_lm": 2.6213881969451904, "replay_lm": 3.043201208114624, "batch_accuracy": 0.875, "gradient_norm": 3.8798346519470215}
{"time": "2026-10-01T05:15:12.326774+00:00", "event": "train", "step": 10800, "epoch": 5, "lr": 5.5125100887812756e-06, "loss": 2.205963134765625, "choice_ce": 0.21742606163024902, "gold_lm": 2.5077292919158936, "replay_lm": 2.9406356811523438, "batch_accuracy": 0.9375, "gradient_norm": 3.2773752212524414}
{"time": "2026-10-01T05:15:16.243768+00:00", "event": "train", "step": 10850, "epoch": 5, "lr": 5.4452515469464615e-06, "loss": 2.2645483016967773, "choice_ce": 0.24083709716796875, "gold_lm": 2.598113536834717, "replay_lm": 2.9892029762268066, "batch_accuracy": 0.875, "gradient_norm": 4.840523719787598}
{"time": "2026-10-01T05:15:20.156140+00:00", "event": "train", "step": 10900, "epoch": 5, "lr": 5.37799300511165e-06, "loss": 2.26659893989563, "choice_ce": 0.3002804219722748, "gold_lm": 2.620875358581543, "replay_lm": 2.9224798679351807, "batch_accuracy": 0.875, "gradient_norm": 4.2438788414001465}
{"time": "2026-10-01T05:15:24.000947+00:00", "event": "train", "step": 10950, "epoch": 5, "lr": 5.310734463276837e-06, "loss": 2.295895576477051, "choice_ce": 0.3098188042640686, "gold_lm": 2.5300731658935547, "replay_lm": 3.0169355869293213, "batch_accuracy": 0.9375, "gradient_norm": 3.5840892791748047}
{"time": "2026-10-01T05:15:27.861403+00:00", "event": "train", "step": 11000, "epoch": 5, "lr": 5.2434759214420225e-06, "loss": 2.2758326530456543, "choice_ce": 0.3048611879348755, "gold_lm": 2.5126006603240967, "replay_lm": 2.9905035495758057, "batch_accuracy": 0.875, "gradient_norm": 8.479402542114258}
{"time": "2026-10-01T05:15:31.726055+00:00", "event": "train", "step": 11050, "epoch": 5, "lr": 5.176217379607211e-06, "loss": 2.31541109085083, "choice_ce": 0.27843230962753296, "gold_lm": 2.5956976413726807, "replay_lm": 3.0545408725738525, "batch_accuracy": 0.8125, "gradient_norm": 3.597203493118286}
{"time": "2026-10-01T05:15:35.583223+00:00", "event": "train", "step": 11100, "epoch": 5, "lr": 5.108958837772398e-06, "loss": 2.127814769744873, "choice_ce": 0.2729675769805908, "gold_lm": 2.511219024658203, "replay_lm": 2.7270522117614746, "batch_accuracy": 0.90625, "gradient_norm": 3.0007081031799316}
{"time": "2026-10-01T05:15:39.432271+00:00", "event": "train", "step": 11150, "epoch": 5, "lr": 5.041700295937584e-06, "loss": 2.2334306240081787, "choice_ce": 0.28553271293640137, "gold_lm": 2.5625717639923096, "replay_lm": 2.9000425338745117, "batch_accuracy": 0.875, "gradient_norm": 3.2512118816375732}
{"time": "2026-10-01T05:15:43.300395+00:00", "event": "train", "step": 11200, "epoch": 5, "lr": 4.974441754102772e-06, "loss": 2.368614673614502, "choice_ce": 0.2661682963371277, "gold_lm": 2.648800849914551, "replay_lm": 3.146660804748535, "batch_accuracy": 0.96875, "gradient_norm": 2.9754087924957275}
{"time": "2026-10-01T05:15:47.213324+00:00", "event": "train", "step": 11250, "epoch": 5, "lr": 4.907183212267959e-06, "loss": 2.1637322902679443, "choice_ce": 0.2299892008304596, "gold_lm": 2.60498046875, "replay_lm": 2.794985055923462, "batch_accuracy": 0.90625, "gradient_norm": 4.342613220214844}
{"time": "2026-10-01T05:15:51.110249+00:00", "event": "train", "step": 11300, "epoch": 5, "lr": 4.839924670433145e-06, "loss": 2.240741729736328, "choice_ce": 0.2645106911659241, "gold_lm": 2.354741334915161, "replay_lm": 3.039602041244507, "batch_accuracy": 0.9375, "gradient_norm": 5.2399797439575195}
{"time": "2026-10-01T05:15:55.014188+00:00", "event": "train", "step": 11350, "epoch": 5, "lr": 4.772666128598333e-06, "loss": 2.3619961738586426, "choice_ce": 0.30643415451049805, "gold_lm": 2.4250223636627197, "replay_lm": 3.205047130584717, "batch_accuracy": 0.96875, "gradient_norm": 3.737513542175293}
{"time": "2026-10-01T05:15:58.878452+00:00", "event": "train", "step": 11400, "epoch": 5, "lr": 4.70540758676352e-06, "loss": 2.2954795360565186, "choice_ce": 0.2511519491672516, "gold_lm": 2.447935104370117, "replay_lm": 3.1158394813537598, "batch_accuracy": 0.84375, "gradient_norm": 2.6534817218780518}
{"time": "2026-10-01T05:16:02.753915+00:00", "event": "train", "step": 11450, "epoch": 5, "lr": 4.638149044928706e-06, "loss": 2.2942094802856445, "choice_ce": 0.228175088763237, "gold_lm": 2.3716304302215576, "replay_lm": 3.1744284629821777, "batch_accuracy": 0.90625, "gradient_norm": 3.277541399002075}
{"time": "2026-10-01T05:16:06.627638+00:00", "event": "train", "step": 11500, "epoch": 5, "lr": 4.570890503093894e-06, "loss": 2.493276357650757, "choice_ce": 0.3609454035758972, "gold_lm": 2.6155190467834473, "replay_lm": 3.317847728729248, "batch_accuracy": 0.90625, "gradient_norm": 6.016519546508789}
{"time": "2026-10-01T05:16:10.501907+00:00", "event": "train", "step": 11550, "epoch": 5, "lr": 4.503631961259081e-06, "loss": 2.4450981616973877, "choice_ce": 0.410337895154953, "gold_lm": 2.505239725112915, "replay_lm": 3.227238655090332, "batch_accuracy": 0.75, "gradient_norm": 3.691258668899536}
{"time": "2026-10-01T05:16:14.460392+00:00", "event": "train", "step": 11600, "epoch": 5, "lr": 4.436373419424267e-06, "loss": 2.2380969524383545, "choice_ce": 0.28056231141090393, "gold_lm": 2.4546360969543457, "replay_lm": 2.968313694000244, "batch_accuracy": 0.875, "gradient_norm": 3.4140913486480713}
{"time": "2026-10-01T05:16:18.312040+00:00", "event": "train", "step": 11650, "epoch": 5, "lr": 4.3691148775894535e-06, "loss": 2.2870352268218994, "choice_ce": 0.26597750186920166, "gold_lm": 2.5251288414001465, "replay_lm": 3.0455284118652344, "batch_accuracy": 0.9375, "gradient_norm": 4.7386040687561035}
{"time": "2026-10-01T05:16:22.208031+00:00", "event": "train", "step": 11700, "epoch": 5, "lr": 4.301856335754642e-06, "loss": 2.140166759490967, "choice_ce": 0.2592695951461792, "gold_lm": 2.597205638885498, "replay_lm": 2.722460985183716, "batch_accuracy": 0.90625, "gradient_norm": 4.409693241119385}
{"time": "2026-10-01T05:16:26.078456+00:00", "event": "train", "step": 11750, "epoch": 5, "lr": 4.234597793919828e-06, "loss": 2.2845237255096436, "choice_ce": 0.27034682035446167, "gold_lm": 2.4018025398254395, "replay_lm": 3.097799301147461, "batch_accuracy": 0.90625, "gradient_norm": 4.195931911468506}
{"time": "2026-10-01T05:16:29.940281+00:00", "event": "train", "step": 11800, "epoch": 5, "lr": 4.1673392520850146e-06, "loss": 2.337130069732666, "choice_ce": 0.2754857540130615, "gold_lm": 2.573038339614868, "replay_lm": 3.112255096435547, "batch_accuracy": 0.90625, "gradient_norm": 2.859063148498535}
{"time": "2026-10-01T05:16:33.845104+00:00", "event": "train", "step": 11850, "epoch": 5, "lr": 4.100080710250203e-06, "loss": 2.3771755695343018, "choice_ce": 0.3208576440811157, "gold_lm": 2.574138641357422, "replay_lm": 3.1464242935180664, "batch_accuracy": 0.9375, "gradient_norm": 8.2788667678833}
{"time": "2026-10-01T05:16:37.716685+00:00", "event": "train", "step": 11900, "epoch": 5, "lr": 4.032822168415389e-06, "loss": 2.3090763092041016, "choice_ce": 0.28049856424331665, "gold_lm": 2.444849967956543, "replay_lm": 3.1152291297912598, "batch_accuracy": 0.90625, "gradient_norm": 8.029855728149414}
{"time": "2026-10-01T05:16:41.588950+00:00", "event": "train", "step": 11950, "epoch": 5, "lr": 3.965563626580576e-06, "loss": 2.2180676460266113, "choice_ce": 0.3920501470565796, "gold_lm": 2.533700466156006, "replay_lm": 2.7772350311279297, "batch_accuracy": 0.875, "gradient_norm": 4.4045634269714355}
{"time": "2026-10-01T05:16:45.465520+00:00", "event": "train", "step": 12000, "epoch": 5, "lr": 3.898305084745764e-06, "loss": 2.3936119079589844, "choice_ce": 0.3119274079799652, "gold_lm": 2.4831809997558594, "replay_lm": 3.233705759048462, "batch_accuracy": 0.90625, "gradient_norm": 3.5336050987243652}
{"time": "2026-10-01T05:16:49.277593+00:00", "event": "train", "step": 12050, "epoch": 5, "lr": 3.83104654291095e-06, "loss": 2.359365940093994, "choice_ce": 0.2792275547981262, "gold_lm": 2.4854347705841064, "replay_lm": 3.196786880493164, "batch_accuracy": 0.9375, "gradient_norm": 12.8073091506958}
{"time": "2026-10-01T05:16:53.130098+00:00", "event": "train", "step": 12100, "epoch": 5, "lr": 3.7637880010761363e-06, "loss": 2.3600354194641113, "choice_ce": 0.28163278102874756, "gold_lm": 2.502797842025757, "replay_lm": 3.1870388984680176, "batch_accuracy": 0.90625, "gradient_norm": 4.313817977905273}
{"time": "2026-10-01T05:16:57.002252+00:00", "event": "train", "step": 12150, "epoch": 5, "lr": 3.6965294592413247e-06, "loss": 2.2481608390808105, "choice_ce": 0.28802546858787537, "gold_lm": 2.5941414833068848, "replay_lm": 2.9112253189086914, "batch_accuracy": 0.90625, "gradient_norm": 3.0619263648986816}
{"time": "2026-10-01T05:17:00.970847+00:00", "event": "train", "step": 12200, "epoch": 5, "lr": 3.629270917406511e-06, "loss": 2.2862043380737305, "choice_ce": 0.2633155286312103, "gold_lm": 2.473726511001587, "replay_lm": 3.0722298622131348, "batch_accuracy": 0.90625, "gradient_norm": 5.107778549194336}
{"time": "2026-10-01T05:17:04.882446+00:00", "event": "train", "step": 12250, "epoch": 5, "lr": 3.5620123755716973e-06, "loss": 2.5489182472229004, "choice_ce": 0.4636048376560211, "gold_lm": 2.6282906532287598, "replay_lm": 3.3200862407684326, "batch_accuracy": 0.8125, "gradient_norm": 5.248905658721924}
{"time": "2026-10-01T05:17:08.773554+00:00", "event": "train", "step": 12300, "epoch": 5, "lr": 3.4947538337368857e-06, "loss": 2.188077688217163, "choice_ce": 0.33888620138168335, "gold_lm": 2.570349931716919, "replay_lm": 2.752094268798828, "batch_accuracy": 0.875, "gradient_norm": 3.2378058433532715}
{"time": "2026-10-01T05:17:12.642678+00:00", "event": "train", "step": 12350, "epoch": 5, "lr": 3.427495291902072e-06, "loss": 2.2521839141845703, "choice_ce": 0.2926458716392517, "gold_lm": 2.509521007537842, "replay_lm": 2.9569616317749023, "batch_accuracy": 0.875, "gradient_norm": 3.2933287620544434}
{"time": "2026-10-01T05:17:16.496256+00:00", "event": "train", "step": 12400, "epoch": 5, "lr": 3.3602367500672584e-06, "loss": 2.30906343460083, "choice_ce": 0.24216747283935547, "gold_lm": 2.475330352783203, "replay_lm": 3.138294219970703, "batch_accuracy": 0.84375, "gradient_norm": 4.1672749519348145}
Writing model shards:   0%|          | 0/1 [00:00<?, ?it/s]Writing model shards: 100%|██████████| 1/1 [00:00<00:00,  5.45it/s]Writing model shards: 100%|██████████| 1/1 [00:00<00:00,  5.45it/s]
{"time": "2026-10-01T05:17:17.985441+00:00", "event": "export", "epoch": 5, "step": 12415, "path": "/data/team_a/dave-workspace/Global Innovation Build Challenge V2/v2/runs/round2_lr2e-5_e6/epoch_5/export", "model_sha256": "654501e485a13ba6e57b9128d730a2b4d9628d4767b2cf81cf782c5c305becbc"}
{"time": "2026-10-01T05:17:20.728992+00:00", "event": "train", "step": 12450, "epoch": 6, "lr": 3.292978208232447e-06, "loss": 2.251915454864502, "choice_ce": 0.2202022820711136, "gold_lm": 2.55745792388916, "replay_lm": 3.004899501800537, "batch_accuracy": 0.9375, "gradient_norm": 3.579558849334717}
{"time": "2026-10-01T05:17:24.653399+00:00", "event": "train", "step": 12500, "epoch": 6, "lr": 3.225719666397633e-06, "loss": 2.2620973587036133, "choice_ce": 0.25939929485321045, "gold_lm": 2.483069896697998, "replay_lm": 3.0232605934143066, "batch_accuracy": 0.90625, "gradient_norm": 2.4852612018585205}
{"time": "2026-10-01T05:17:28.527243+00:00", "event": "train", "step": 12550, "epoch": 6, "lr": 3.1584611245628194e-06, "loss": 2.0651283264160156, "choice_ce": 0.17176440358161926, "gold_lm": 2.4166996479034424, "replay_lm": 2.7501425743103027, "batch_accuracy": 0.96875, "gradient_norm": 3.631648540496826}
{"time": "2026-10-01T05:17:32.401868+00:00", "event": "train", "step": 12600, "epoch": 6, "lr": 3.0912025827280057e-06, "loss": 2.133765697479248, "choice_ce": 0.20551633834838867, "gold_lm": 2.3505611419677734, "replay_lm": 2.8867342472076416, "batch_accuracy": 0.96875, "gradient_norm": 2.890631914138794}
{"time": "2026-10-01T05:17:36.245509+00:00", "event": "train", "step": 12650, "epoch": 6, "lr": 3.023944040893194e-06, "loss": 2.239065647125244, "choice_ce": 0.3412238657474518, "gold_lm": 2.4661362171173096, "replay_lm": 2.903839111328125, "batch_accuracy": 0.8125, "gradient_norm": 3.744042158126831}
{"time": "2026-10-01T05:17:40.130875+00:00", "event": "train", "step": 12700, "epoch": 6, "lr": 2.9566854990583805e-06, "loss": 2.253382444381714, "choice_ce": 0.19354912638664246, "gold_lm": 2.4848766326904297, "replay_lm": 3.070777416229248, "batch_accuracy": 0.9375, "gradient_norm": 4.124011039733887}
{"time": "2026-10-01T05:17:44.059039+00:00", "event": "train", "step": 12750, "epoch": 6, "lr": 2.889426957223567e-06, "loss": 2.098280429840088, "choice_ce": 0.19697248935699463, "gold_lm": 2.581223726272583, "replay_lm": 2.7089765071868896, "batch_accuracy": 0.96875, "gradient_norm": 3.382734775543213}
{"time": "2026-10-01T05:17:47.935080+00:00", "event": "train", "step": 12800, "epoch": 6, "lr": 2.8221684153887552e-06, "loss": 2.2049813270568848, "choice_ce": 0.24104759097099304, "gold_lm": 2.4264776706695557, "replay_lm": 2.9556760787963867, "batch_accuracy": 0.90625, "gradient_norm": 3.1657214164733887}
{"time": "2026-10-01T05:17:51.785207+00:00", "event": "train", "step": 12850, "epoch": 6, "lr": 2.7549098735539416e-06, "loss": 2.244619369506836, "choice_ce": 0.22267203032970428, "gold_lm": 2.519141912460327, "replay_lm": 3.006995677947998, "batch_accuracy": 0.875, "gradient_norm": 3.948533058166504}
{"time": "2026-10-01T05:17:55.664930+00:00", "event": "train", "step": 12900, "epoch": 6, "lr": 2.687651331719128e-06, "loss": 2.1762425899505615, "choice_ce": 0.21763281524181366, "gold_lm": 2.29093599319458, "replay_lm": 2.989384412765503, "batch_accuracy": 0.9375, "gradient_norm": 3.6191654205322266}
{"time": "2026-10-01T05:17:59.500502+00:00", "event": "train", "step": 12950, "epoch": 6, "lr": 2.6203927898843163e-06, "loss": 2.2810959815979004, "choice_ce": 0.25516170263290405, "gold_lm": 2.5652456283569336, "replay_lm": 3.024407386779785, "batch_accuracy": 0.9375, "gradient_norm": 13.25988483428955}
{"time": "2026-10-01T05:18:03.351053+00:00", "event": "train", "step": 13000, "epoch": 6, "lr": 2.5531342480495026e-06, "loss": 2.28765869140625, "choice_ce": 0.20200969278812408, "gold_lm": 2.450953960418701, "replay_lm": 3.1478304862976074, "batch_accuracy": 0.9375, "gradient_norm": 3.158177375793457}
{"time": "2026-10-01T05:18:07.186617+00:00", "event": "train", "step": 13050, "epoch": 6, "lr": 2.485875706214689e-06, "loss": 2.063936233520508, "choice_ce": 0.1430034041404724, "gold_lm": 2.4486844539642334, "replay_lm": 2.7605271339416504, "batch_accuracy": 1.0, "gradient_norm": 3.2783701419830322}
{"time": "2026-10-01T05:18:11.063477+00:00", "event": "train", "step": 13100, "epoch": 6, "lr": 2.4186171643798774e-06, "loss": 2.2134108543395996, "choice_ce": 0.26160940527915955, "gold_lm": 2.3909571170806885, "replay_lm": 2.969733715057373, "batch_accuracy": 0.9375, "gradient_norm": 3.7232518196105957}
{"time": "2026-10-01T05:18:14.960169+00:00", "event": "train", "step": 13150, "epoch": 6, "lr": 2.3513586225450637e-06, "loss": 2.1446685791015625, "choice_ce": 0.3394930958747864, "gold_lm": 2.445727586746216, "replay_lm": 2.726980447769165, "batch_accuracy": 0.90625, "gradient_norm": 4.7220282554626465}
{"time": "2026-10-01T05:18:18.870942+00:00", "event": "train", "step": 13200, "epoch": 6, "lr": 2.28410008071025e-06, "loss": 2.3092617988586426, "choice_ce": 0.22762906551361084, "gold_lm": 2.316955089569092, "replay_lm": 3.232416868209839, "batch_accuracy": 0.875, "gradient_norm": 2.816366672515869}
{"time": "2026-10-01T05:18:22.728066+00:00", "event": "train", "step": 13250, "epoch": 6, "lr": 2.2168415388754384e-06, "loss": 2.1476144790649414, "choice_ce": 0.28008440136909485, "gold_lm": 2.4731197357177734, "replay_lm": 2.7785849571228027, "batch_accuracy": 0.90625, "gradient_norm": 3.554055690765381}
{"time": "2026-10-01T05:18:26.631633+00:00", "event": "train", "step": 13300, "epoch": 6, "lr": 2.1495829970406247e-06, "loss": 2.2713146209716797, "choice_ce": 0.21377773582935333, "gold_lm": 2.516328811645508, "replay_lm": 3.0706872940063477, "batch_accuracy": 0.9375, "gradient_norm": 2.696763753890991}
{"time": "2026-10-01T05:18:30.570651+00:00", "event": "train", "step": 13350, "epoch": 6, "lr": 2.0823244552058106e-06, "loss": 2.247265338897705, "choice_ce": 0.24108539521694183, "gold_lm": 2.433336019515991, "replay_lm": 3.0367774963378906, "batch_accuracy": 0.9375, "gradient_norm": 3.594151735305786}
{"time": "2026-10-01T05:18:34.473387+00:00", "event": "train", "step": 13400, "epoch": 6, "lr": 2.0150659133709995e-06, "loss": 2.4063963890075684, "choice_ce": 0.2932192087173462, "gold_lm": 2.413743257522583, "replay_lm": 3.31270170211792, "batch_accuracy": 0.90625, "gradient_norm": 4.04947566986084}
{"time": "2026-10-01T05:18:38.351262+00:00", "event": "train", "step": 13450, "epoch": 6, "lr": 1.947807371536186e-06, "loss": 2.32738995552063, "choice_ce": 0.19950315356254578, "gold_lm": 2.26696515083313, "replay_lm": 3.321794033050537, "batch_accuracy": 0.96875, "gradient_norm": 2.757600784301758}
{"time": "2026-10-01T05:18:42.268142+00:00", "event": "train", "step": 13500, "epoch": 6, "lr": 1.880548829701372e-06, "loss": 2.344160318374634, "choice_ce": 0.2356739044189453, "gold_lm": 2.433371067047119, "replay_lm": 3.2359611988067627, "batch_accuracy": 0.9375, "gradient_norm": 3.5897488594055176}
{"time": "2026-10-01T05:18:46.166362+00:00", "event": "train", "step": 13550, "epoch": 6, "lr": 1.8132902878665582e-06, "loss": 2.2389869689941406, "choice_ce": 0.27468279004096985, "gold_lm": 2.4300386905670166, "replay_lm": 2.988271951675415, "batch_accuracy": 0.875, "gradient_norm": 2.815715789794922}
{"time": "2026-10-01T05:18:50.040594+00:00", "event": "train", "step": 13600, "epoch": 6, "lr": 1.7460317460317466e-06, "loss": 2.2386677265167236, "choice_ce": 0.31477367877960205, "gold_lm": 2.412529706954956, "replay_lm": 2.956296920776367, "batch_accuracy": 0.90625, "gradient_norm": 3.960399866104126}
{"time": "2026-10-01T05:18:53.938761+00:00", "event": "train", "step": 13650, "epoch": 6, "lr": 1.678773204196933e-06, "loss": 2.322693347930908, "choice_ce": 0.22573640942573547, "gold_lm": 2.46103572845459, "replay_lm": 3.1891326904296875, "batch_accuracy": 0.9375, "gradient_norm": 3.150407552719116}
{"time": "2026-10-01T05:18:57.815362+00:00", "event": "train", "step": 13700, "epoch": 6, "lr": 1.6115146623621193e-06, "loss": 2.34761118888855, "choice_ce": 0.26566311717033386, "gold_lm": 2.4500014781951904, "replay_lm": 3.2045586109161377, "batch_accuracy": 0.9375, "gradient_norm": 4.398443698883057}
{"time": "2026-10-01T05:19:01.664044+00:00", "event": "train", "step": 13750, "epoch": 6, "lr": 1.5442561205273077e-06, "loss": 2.2309818267822266, "choice_ce": 0.26117372512817383, "gold_lm": 2.4874892234802246, "replay_lm": 2.957045078277588, "batch_accuracy": 0.96875, "gradient_norm": 4.471963405609131}
{"time": "2026-10-01T05:19:05.618610+00:00", "event": "train", "step": 13800, "epoch": 6, "lr": 1.476997578692494e-06, "loss": 2.2429654598236084, "choice_ce": 0.259534627199173, "gold_lm": 2.448739767074585, "replay_lm": 3.0020265579223633, "batch_accuracy": 0.875, "gradient_norm": 3.111478805541992}
{"time": "2026-10-01T05:19:09.482613+00:00", "event": "train", "step": 13850, "epoch": 6, "lr": 1.4097390368576801e-06, "loss": 2.105795383453369, "choice_ce": 0.2527308464050293, "gold_lm": 2.4049136638641357, "replay_lm": 2.7564029693603516, "batch_accuracy": 0.84375, "gradient_norm": 3.1357903480529785}
{"time": "2026-10-01T05:19:13.362895+00:00", "event": "train", "step": 13900, "epoch": 6, "lr": 1.3424804950228688e-06, "loss": 2.306697368621826, "choice_ce": 0.2729284465312958, "gold_lm": 2.610260009765625, "replay_lm": 3.0353360176086426, "batch_accuracy": 0.90625, "gradient_norm": 4.695073127746582}
{"time": "2026-10-01T05:19:17.279246+00:00", "event": "train", "step": 13950, "epoch": 6, "lr": 1.275221953188055e-06, "loss": 2.2406463623046875, "choice_ce": 0.34350547194480896, "gold_lm": 2.4938812255859375, "replay_lm": 2.8908467292785645, "batch_accuracy": 0.9375, "gradient_norm": 3.8945720195770264}
{"time": "2026-10-01T05:19:21.176266+00:00", "event": "train", "step": 14000, "epoch": 6, "lr": 1.2079634113532412e-06, "loss": 2.3406758308410645, "choice_ce": 0.2915024757385254, "gold_lm": 2.577815055847168, "replay_lm": 3.1009418964385986, "batch_accuracy": 0.90625, "gradient_norm": 5.006673812866211}
{"time": "2026-10-01T05:19:25.050996+00:00", "event": "train", "step": 14050, "epoch": 6, "lr": 1.1407048695184298e-06, "loss": 2.2326500415802, "choice_ce": 0.1995244324207306, "gold_lm": 2.5266644954681396, "replay_lm": 3.002443313598633, "batch_accuracy": 0.9375, "gradient_norm": 3.8687915802001953}
{"time": "2026-10-01T05:19:28.894992+00:00", "event": "train", "step": 14100, "epoch": 6, "lr": 1.073446327683616e-06, "loss": 2.2793350219726562, "choice_ce": 0.27943155169487, "gold_lm": 2.4522035121917725, "replay_lm": 3.0531365871429443, "batch_accuracy": 0.9375, "gradient_norm": 4.13768196105957}
{"time": "2026-10-01T05:19:32.786554+00:00", "event": "train", "step": 14150, "epoch": 6, "lr": 1.0061877858488022e-06, "loss": 1.8321566581726074, "choice_ce": 0.283711314201355, "gold_lm": 2.5719223022460938, "replay_lm": 2.0946407318115234, "batch_accuracy": 0.9375, "gradient_norm": 3.0814268589019775}
{"time": "2026-10-01T05:19:36.639243+00:00", "event": "train", "step": 14200, "epoch": 6, "lr": 9.389292440139908e-07, "loss": 2.2759106159210205, "choice_ce": 0.3394452929496765, "gold_lm": 2.3576836585998535, "replay_lm": 3.033534049987793, "batch_accuracy": 0.90625, "gradient_norm": 7.017510414123535}
{"time": "2026-10-01T05:19:40.606239+00:00", "event": "train", "step": 14250, "epoch": 6, "lr": 8.716707021791771e-07, "loss": 2.505190372467041, "choice_ce": 0.3644358217716217, "gold_lm": 2.510911226272583, "replay_lm": 3.390489101409912, "batch_accuracy": 0.875, "gradient_norm": 3.855475664138794}
{"time": "2026-10-01T05:19:44.519744+00:00", "event": "train", "step": 14300, "epoch": 6, "lr": 8.044121603443633e-07, "loss": 2.320067882537842, "choice_ce": 0.29876255989074707, "gold_lm": 2.4123446941375732, "replay_lm": 3.1352009773254395, "batch_accuracy": 0.90625, "gradient_norm": 5.043243885040283}
{"time": "2026-10-01T05:19:48.433271+00:00", "event": "train", "step": 14350, "epoch": 6, "lr": 7.371536185095518e-07, "loss": 2.3356175422668457, "choice_ce": 0.16672073304653168, "gold_lm": 2.569434881210327, "replay_lm": 3.219797134399414, "batch_accuracy": 0.9375, "gradient_norm": 5.711787700653076}
{"time": "2026-10-01T05:19:52.335430+00:00", "event": "train", "step": 14400, "epoch": 6, "lr": 6.69895076674738e-07, "loss": 2.2550501823425293, "choice_ce": 0.25904253125190735, "gold_lm": 2.5422792434692383, "replay_lm": 2.9799182415008545, "batch_accuracy": 0.9375, "gradient_norm": 3.1780569553375244}
{"time": "2026-10-01T05:19:56.244683+00:00", "event": "train", "step": 14450, "epoch": 6, "lr": 6.026365348399244e-07, "loss": 2.2463772296905518, "choice_ce": 0.241886168718338, "gold_lm": 2.368664503097534, "replay_lm": 3.0665359497070312, "batch_accuracy": 0.90625, "gradient_norm": 3.296684980392456}
{"time": "2026-10-01T05:20:00.084488+00:00", "event": "train", "step": 14500, "epoch": 6, "lr": 5.353779930051107e-07, "loss": 2.097914457321167, "choice_ce": 0.2253297120332718, "gold_lm": 2.2519476413726807, "replay_lm": 2.8445253372192383, "batch_accuracy": 0.90625, "gradient_norm": 2.463603973388672}
{"time": "2026-10-01T05:20:03.983872+00:00", "event": "train", "step": 14550, "epoch": 6, "lr": 4.681194511702991e-07, "loss": 2.340958595275879, "choice_ce": 0.18500345945358276, "gold_lm": 2.5239980220794678, "replay_lm": 3.234914779663086, "batch_accuracy": 0.96875, "gradient_norm": 3.232067823410034}
{"time": "2026-10-01T05:20:07.879176+00:00", "event": "train", "step": 14600, "epoch": 6, "lr": 4.0086090933548536e-07, "loss": 2.2323694229125977, "choice_ce": 0.2994297444820404, "gold_lm": 2.5087907314300537, "replay_lm": 2.9109139442443848, "batch_accuracy": 0.875, "gradient_norm": 3.048725128173828}
{"time": "2026-10-01T05:20:11.779972+00:00", "event": "train", "step": 14650, "epoch": 6, "lr": 3.336023675006717e-07, "loss": 2.3078489303588867, "choice_ce": 0.24273976683616638, "gold_lm": 2.6333391666412354, "replay_lm": 3.056288480758667, "batch_accuracy": 1.0, "gradient_norm": 3.499675750732422}
{"time": "2026-10-01T05:20:15.606737+00:00", "event": "train", "step": 14700, "epoch": 6, "lr": 2.6634382566586016e-07, "loss": 2.2391133308410645, "choice_ce": 0.2489645779132843, "gold_lm": 2.475024700164795, "replay_lm": 2.9917497634887695, "batch_accuracy": 0.9375, "gradient_norm": 3.3968539237976074}
{"time": "2026-10-01T05:20:19.543162+00:00", "event": "train", "step": 14750, "epoch": 6, "lr": 1.9908528383104642e-07, "loss": 2.162026882171631, "choice_ce": 0.21533983945846558, "gold_lm": 2.397251605987549, "replay_lm": 2.910088062286377, "batch_accuracy": 0.9375, "gradient_norm": 2.730048656463623}
{"time": "2026-10-01T05:20:23.390521+00:00", "event": "train", "step": 14800, "epoch": 6, "lr": 1.3182674199623269e-07, "loss": 2.3293654918670654, "choice_ce": 0.26523756980895996, "gold_lm": 2.5305540561676025, "replay_lm": 3.12821626663208, "batch_accuracy": 0.9375, "gradient_norm": 4.034594535827637}
{"time": "2026-10-01T05:20:27.212800+00:00", "event": "train", "step": 14850, "epoch": 6, "lr": 6.456820016142118e-08, "loss": 2.3196048736572266, "choice_ce": 0.2690703272819519, "gold_lm": 2.3412153720855713, "replay_lm": 3.1995320320129395, "batch_accuracy": 0.90625, "gradient_norm": 2.9811081886291504}
Writing model shards:   0%|          | 0/1 [00:00<?, ?it/s]Writing model shards: 100%|██████████| 1/1 [00:00<00:00,  5.51it/s]Writing model shards: 100%|██████████| 1/1 [00:00<00:00,  5.50it/s]
{"time": "2026-10-01T05:20:31.273441+00:00", "event": "export", "epoch": 6, "step": 14898, "path": "/data/team_a/dave-workspace/Global Innovation Build Challenge V2/v2/runs/round2_lr2e-5_e6/epoch_6/export", "model_sha256": "c3aee521ff44200b2d5475bf9066e9ebcbc58f4908b742754a335b32cc75f2bd"}
{"time": "2026-10-01T05:20:31.273895+00:00", "event": "finished", "steps": 14898, "counters": {"questions": 476550, "candidate_sequences": 1368774, "task_input_tokens": 82366146, "replay_targets": 122044416}, "replay_source_tokens": {"dclm": 42571776, "edu": 36417536, "targeted": 18212864, "wiki": 12359680, "stackexchange": 6252544, "books": 6230016}, "seconds": 1740.7871942482889}
