/home/bufsgpu/yes/envs/sw/lib/python3.10/site-packages/requests/__init__.py:113: RequestsDependencyWarning: urllib3 (2.6.3) or chardet (6.0.0.post1)/charset_normalizer (3.4.4) doesn't match a supported version!
  warnings.warn(
Task 'arc_easy' from /data/team_a/dave-workspace/Global Innovation Build Challenge V2/reports/cleanup/2026-10-01/protocol_preflight/task_overrides/arc_easy.yaml overrides existing task from /data/team_a/dave-workspace/Global Innovation Build Challenge V2/vendor/lm-evaluation-harness/lm_eval/tasks/arc/arc_easy.yaml
Task 'ai2_arc' from None overrides existing task from None
Task 'hellaswag' from /data/team_a/dave-workspace/Global Innovation Build Challenge V2/reports/cleanup/2026-10-01/protocol_preflight/task_overrides/hellaswag.yaml overrides existing task from /data/team_a/dave-workspace/Global Innovation Build Challenge V2/vendor/lm-evaluation-harness/lm_eval/tasks/hellaswag/hellaswag.yaml
Task 'multiple_choice' from None overrides existing task from None
Task 'piqa' from /data/team_a/dave-workspace/Global Innovation Build Challenge V2/reports/cleanup/2026-10-01/protocol_preflight/task_overrides/piqa.yaml overrides existing task from /data/team_a/dave-workspace/Global Innovation Build Challenge V2/vendor/lm-evaluation-harness/lm_eval/tasks/piqa/piqa.yaml
Task 'winogrande' from /data/team_a/dave-workspace/Global Innovation Build Challenge V2/reports/cleanup/2026-10-01/protocol_preflight/task_overrides/winogrande.yaml overrides existing task from /data/team_a/dave-workspace/Global Innovation Build Challenge V2/vendor/lm-evaluation-harness/lm_eval/tasks/winogrande/default.yaml
Warning: You are sending unauthenticated requests to the HF Hub. Please set a HF_TOKEN to enable higher rate limits and faster downloads.
{
  "status": "prepared_without_model_or_scores",
  "protocol": "gibc-track01-eval-v1",
  "protocol_sha256": "fa029d2a7368af109e77158da4f65ab1ec0f4550b8ca3edfd35a9a2010ff351c",
  "harness_commit": "6d642546f4688648fced259eb3302efd36ece5af",
  "task_overrides": {
    "hellaswag": {
      "path": "/data/team_a/dave-workspace/Global Innovation Build Challenge V2/reports/cleanup/2026-10-01/protocol_preflight/task_overrides/hellaswag.yaml",
      "sha256": "a5417f71afeeccdee438a43a073973e60da6101d2931a83c75111ba6d154026f"
    },
    "arc_easy": {
      "path": "/data/team_a/dave-workspace/Global Innovation Build Challenge V2/reports/cleanup/2026-10-01/protocol_preflight/task_overrides/arc_easy.yaml",
      "sha256": "4f4182fce484c0587cc453b9112696d1b28cda5a397b5de7d97d3c2da2564f93"
    },
    "piqa": {
      "path": "/data/team_a/dave-workspace/Global Innovation Build Challenge V2/reports/cleanup/2026-10-01/protocol_preflight/task_overrides/piqa.yaml",
      "sha256": "deae1d51459b36c8988b0adfd1e9332e13800ec2c60e5f0323e0c4f5305a50c7"
    },
    "winogrande": {
      "path": "/data/team_a/dave-workspace/Global Innovation Build Challenge V2/reports/cleanup/2026-10-01/protocol_preflight/task_overrides/winogrande.yaml",
      "sha256": "12eef3109023ab19e6604498c66a69f36aee9bfd2953addc1a9fbe1677d6ec98"
    }
  },
  "task_validation": {
    "hellaswag": {
      "split": "validation",
      "examples": 10042,
      "metrics": [
        "acc",
        "acc_norm"
      ]
    },
    "arc_easy": {
      "split": "test",
      "examples": 2376,
      "metrics": [
        "acc",
        "acc_norm"
      ]
    },
    "piqa": {
      "split": "validation",
      "examples": 1838,
      "metrics": [
        "acc",
        "acc_norm"
      ]
    },
    "winogrande": {
      "split": "validation",
      "examples": 1267,
      "metrics": [
        "acc"
      ]
    },
    "wikitext103": {
      "split": "validation",
      "raw_rows": 3760,
      "revision": "b08601e04326c79dfdd32d625aee71d232d685c3"
    }
  },
  "runtime_versions": {
    "torch": "2.10.0",
    "transformers": "5.5.4",
    "datasets": "4.8.4",
    "tokenizers": "0.22.2",
    "lm_eval": "0.4.12",
    "safetensors": "0.8.0",
    "numpy": "2.2.6",
    "pyarrow": "23.0.0"
  },
  "runner_sha256": "09683cb0703e1569e581fe4665b0acdfe1bd1e5e6844e0e702dc1d923722c41b",
  "model_loaded": false,
  "scores_calculated": false
}
Validation prepared: /data/team_a/dave-workspace/Global Innovation Build Challenge V2/reports/cleanup/2026-10-01/protocol_preflight_history/runs/20260930T231539.911830Z-c6701de7abe3/run.json
