Loading weights:   0%|          | 0/110 [00:00<?, ?it/s]Loading weights: 100%|██████████| 110/110 [00:00<00:00, 10019.84it/s]
{"time": "2026-10-01T01:23:13.468631+00:00", "event": "started", "total_updates": 7449, "updates_per_epoch": 2483, "train_items": 79425}
/data/team_a/dave-workspace/Global Innovation Build Challenge V2/src/scglm_v2/task_tune.py:283: UserWarning: Converting a tensor with requires_grad=True to a scalar may lead to unexpected behavior.
Consider using tensor.detach() first. (Triggered internally at /pytorch/torch/csrc/autograd/generated/python_variable_methods.cpp:836.)
  event(log, "train", step=step, epoch=epoch, lr=lr, loss=float(loss),
{"time": "2026-10-01T01:23:14.236058+00:00", "event": "train", "step": 1, "epoch": 1, "lr": 6.666666666666667e-07, "loss": 3.12475848197937, "choice_ce": 1.6880710124969482, "gold_lm": 3.180330991744995, "replay_lm": 2.971280574798584, "batch_accuracy": 0.46875, "gradient_norm": 6.491783618927002}
{"time": "2026-10-01T01:23:25.782765+00:00", "event": "train", "step": 50, "epoch": 1, "lr": 9.952919020715632e-06, "loss": 3.042219638824463, "choice_ce": 1.4711556434631348, "gold_lm": 3.210998773574829, "replay_lm": 3.007784366607666, "batch_accuracy": 0.46875, "gradient_norm": 4.90609073638916}
{"time": "2026-10-01T01:23:37.761698+00:00", "event": "train", "step": 100, "epoch": 1, "lr": 9.885660478880819e-06, "loss": 2.778379201889038, "choice_ce": 1.3102728128433228, "gold_lm": 2.8915703296661377, "replay_lm": 2.8007004261016846, "batch_accuracy": 0.625, "gradient_norm": 4.73479700088501}
{"time": "2026-10-01T01:23:49.438426+00:00", "event": "train", "step": 150, "epoch": 1, "lr": 9.818401937046005e-06, "loss": 3.395226240158081, "choice_ce": 2.3807168006896973, "gold_lm": 3.0257694721221924, "replay_lm": 2.896851062774658, "batch_accuracy": 0.40625, "gradient_norm": 6.319348335266113}
{"time": "2026-10-01T01:24:01.050219+00:00", "event": "train", "step": 200, "epoch": 1, "lr": 9.751143395211192e-06, "loss": 2.805438756942749, "choice_ce": 1.1214550733566284, "gold_lm": 3.1253767013549805, "replay_lm": 2.92673397064209, "batch_accuracy": 0.46875, "gradient_norm": 4.195492744445801}
{"time": "2026-10-01T01:24:13.041351+00:00", "event": "train", "step": 250, "epoch": 1, "lr": 9.683884853376379e-06, "loss": 2.668323278427124, "choice_ce": 0.9714101552963257, "gold_lm": 3.003542184829712, "replay_lm": 2.8634653091430664, "batch_accuracy": 0.53125, "gradient_norm": 4.43096923828125}
{"time": "2026-10-01T01:24:24.820391+00:00", "event": "train", "step": 300, "epoch": 1, "lr": 9.616626311541567e-06, "loss": 3.1242356300354004, "choice_ce": 1.8652477264404297, "gold_lm": 2.877764940261841, "replay_lm": 2.9443414211273193, "batch_accuracy": 0.375, "gradient_norm": 5.278074264526367}
{"time": "2026-10-01T01:24:36.514460+00:00", "event": "train", "step": 350, "epoch": 1, "lr": 9.549367769706754e-06, "loss": 2.881273031234741, "choice_ce": 1.510067105293274, "gold_lm": 2.798936605453491, "replay_lm": 2.853010654449463, "batch_accuracy": 0.59375, "gradient_norm": 5.459597587585449}
{"time": "2026-10-01T01:24:48.249888+00:00", "event": "train", "step": 400, "epoch": 1, "lr": 9.48210922787194e-06, "loss": 3.1284773349761963, "choice_ce": 1.7710316181182861, "gold_lm": 2.8661081790924072, "replay_lm": 3.0528688430786133, "batch_accuracy": 0.4375, "gradient_norm": 5.532179832458496}
{"time": "2026-10-01T01:25:00.099192+00:00", "event": "train", "step": 450, "epoch": 1, "lr": 9.414850686037127e-06, "loss": 3.1549668312072754, "choice_ce": 1.7560571432113647, "gold_lm": 2.872300624847412, "replay_lm": 3.1177263259887695, "batch_accuracy": 0.4375, "gradient_norm": 5.9214253425598145}
{"time": "2026-10-01T01:25:11.643465+00:00", "event": "train", "step": 500, "epoch": 1, "lr": 9.347592144202314e-06, "loss": 2.809325695037842, "choice_ce": 1.2808928489685059, "gold_lm": 2.859802722930908, "replay_lm": 2.9078569412231445, "batch_accuracy": 0.53125, "gradient_norm": 5.319029808044434}
{"time": "2026-10-01T01:25:23.355540+00:00", "event": "train", "step": 550, "epoch": 1, "lr": 9.280333602367501e-06, "loss": 2.9613189697265625, "choice_ce": 1.6836590766906738, "gold_lm": 2.8868701457977295, "replay_lm": 2.795543670654297, "batch_accuracy": 0.3125, "gradient_norm": 5.586026191711426}
{"time": "2026-10-01T01:25:35.041601+00:00", "event": "train", "step": 600, "epoch": 1, "lr": 9.213075060532688e-06, "loss": 2.7030749320983887, "choice_ce": 1.0941894054412842, "gold_lm": 2.8070120811462402, "replay_lm": 2.908454656600952, "batch_accuracy": 0.46875, "gradient_norm": 4.768996715545654}
{"time": "2026-10-01T01:25:46.646134+00:00", "event": "train", "step": 650, "epoch": 1, "lr": 9.145816518697876e-06, "loss": 2.898773193359375, "choice_ce": 1.1789031028747559, "gold_lm": 2.9961583614349365, "replay_lm": 3.1205639839172363, "batch_accuracy": 0.5, "gradient_norm": 4.641172409057617}
{"time": "2026-10-01T01:25:58.370535+00:00", "event": "train", "step": 700, "epoch": 1, "lr": 9.078557976863063e-06, "loss": 2.6529276371002197, "choice_ce": 1.1567248106002808, "gold_lm": 2.685123920440674, "replay_lm": 2.8065686225891113, "batch_accuracy": 0.4375, "gradient_norm": 4.926573276519775}
{"time": "2026-10-01T01:26:10.153984+00:00", "event": "train", "step": 750, "epoch": 1, "lr": 9.01129943502825e-06, "loss": 3.194965362548828, "choice_ce": 2.029205083847046, "gold_lm": 2.79419207572937, "replay_lm": 2.963629722595215, "batch_accuracy": 0.40625, "gradient_norm": 6.4235100746154785}
{"time": "2026-10-01T01:26:21.929087+00:00", "event": "train", "step": 800, "epoch": 1, "lr": 8.944040893193436e-06, "loss": 2.766170024871826, "choice_ce": 1.0639464855194092, "gold_lm": 2.6176962852478027, "replay_lm": 3.159545421600342, "batch_accuracy": 0.5, "gradient_norm": 4.653326988220215}
{"time": "2026-10-01T01:26:33.690643+00:00", "event": "train", "step": 850, "epoch": 1, "lr": 8.876782351358623e-06, "loss": 2.907724380493164, "choice_ce": 1.4100592136383057, "gold_lm": 2.9607954025268555, "replay_lm": 2.924992084503174, "batch_accuracy": 0.5, "gradient_norm": 4.8888702392578125}
{"time": "2026-10-01T01:26:41.444556+00:00", "event": "error", "error": "OutOfMemoryError('CUDA out of memory. Tried to allocate 2.45 GiB. GPU 0 has a total capacity of 93.00 GiB of which 1.39 GiB is free. Process 3639509 has 28.93 GiB memory in use. Process 3639510 has 40.22 GiB memory in use. Including non-PyTorch memory, this process has 22.45 GiB memory in use. Of the allocated memory 18.67 GiB is allocated by PyTorch, and 3.06 GiB is reserved by PyTorch but unallocated. If reserved but unallocated memory is large try setting PYTORCH_ALLOC_CONF=expandable_segments:True to avoid fragmentation.  See documentation for Memory Management  (https://pytorch.org/docs/stable/notes/cuda.html#environment-variables)')"}
Traceback (most recent call last):
  File "/home/bufsgpu/yes/envs/sw/lib/python3.10/runpy.py", line 196, in _run_module_as_main
    return _run_code(code, main_globals, None,
  File "/home/bufsgpu/yes/envs/sw/lib/python3.10/runpy.py", line 86, in _run_code
    exec(code, run_globals)
  File "/data/team_a/dave-workspace/Global Innovation Build Challenge V2/src/scglm_v2/task_tune.py", line 335, in <module>
    main()
  File "/data/team_a/dave-workspace/Global Innovation Build Challenge V2/src/scglm_v2/task_tune.py", line 331, in main
    train(cfg, args.arm, args.device, args.max_updates)
  File "/data/team_a/dave-workspace/Global Innovation Build Challenge V2/src/scglm_v2/task_tune.py", line 274, in train
    loss.backward()
  File "/home/bufsgpu/yes/envs/sw/lib/python3.10/site-packages/torch/_tensor.py", line 630, in backward
    torch.autograd.backward(
  File "/home/bufsgpu/yes/envs/sw/lib/python3.10/site-packages/torch/autograd/__init__.py", line 364, in backward
    _engine_run_backward(
  File "/home/bufsgpu/yes/envs/sw/lib/python3.10/site-packages/torch/autograd/graph.py", line 865, in _engine_run_backward
    return Variable._execution_engine.run_backward(  # Calls into the C++ engine to run the backward pass
torch.OutOfMemoryError: CUDA out of memory. Tried to allocate 2.45 GiB. GPU 0 has a total capacity of 93.00 GiB of which 1.39 GiB is free. Process 3639509 has 28.93 GiB memory in use. Process 3639510 has 40.22 GiB memory in use. Including non-PyTorch memory, this process has 22.45 GiB memory in use. Of the allocated memory 18.67 GiB is allocated by PyTorch, and 3.06 GiB is reserved by PyTorch but unallocated. If reserved but unallocated memory is large try setting PYTORCH_ALLOC_CONF=expandable_segments:True to avoid fragmentation.  See documentation for Memory Management  (https://pytorch.org/docs/stable/notes/cuda.html#environment-variables)
Loading weights:   0%|          | 0/110 [00:00<?, ?it/s]Loading weights: 100%|██████████| 110/110 [00:00<00:00, 9944.89it/s]
{"time": "2026-10-01T01:44:11.028442+00:00", "event": "started", "total_updates": 7449, "updates_per_epoch": 2483, "train_items": 79425}
/data/team_a/dave-workspace/Global Innovation Build Challenge V2/src/scglm_v2/task_tune.py:283: UserWarning: Converting a tensor with requires_grad=True to a scalar may lead to unexpected behavior.
Consider using tensor.detach() first. (Triggered internally at /pytorch/torch/csrc/autograd/generated/python_variable_methods.cpp:836.)
  event(log, "train", step=step, epoch=epoch, lr=lr, loss=float(loss),
{"time": "2026-10-01T01:44:11.653935+00:00", "event": "train", "step": 1, "epoch": 1, "lr": 6.666666666666667e-07, "loss": 3.12475848197937, "choice_ce": 1.6880710124969482, "gold_lm": 3.180330991744995, "replay_lm": 2.971280574798584, "batch_accuracy": 0.46875, "gradient_norm": 6.491800308227539}
{"time": "2026-10-01T01:44:15.527348+00:00", "event": "train", "step": 50, "epoch": 1, "lr": 9.952919020715632e-06, "loss": 3.042107105255127, "choice_ce": 1.4708386659622192, "gold_lm": 3.21095871925354, "replay_lm": 3.0078961849212646, "batch_accuracy": 0.46875, "gradient_norm": 4.909814834594727}
{"time": "2026-10-01T01:44:19.579954+00:00", "event": "train", "step": 100, "epoch": 1, "lr": 9.885660478880819e-06, "loss": 2.7790589332580566, "choice_ce": 1.3117327690124512, "gold_lm": 2.89148211479187, "replay_lm": 2.8006436824798584, "batch_accuracy": 0.625, "gradient_norm": 4.741292476654053}
{"time": "2026-10-01T01:44:23.420818+00:00", "event": "train", "step": 150, "epoch": 1, "lr": 9.818401937046005e-06, "loss": 3.394710063934326, "choice_ce": 2.3798041343688965, "gold_lm": 3.0253186225891113, "replay_lm": 2.896956443786621, "batch_accuracy": 0.40625, "gradient_norm": 6.328702449798584}
{"time": "2026-10-01T01:44:27.289381+00:00", "event": "train", "step": 200, "epoch": 1, "lr": 9.751143395211192e-06, "loss": 2.805544376373291, "choice_ce": 1.1218812465667725, "gold_lm": 3.1255359649658203, "replay_lm": 2.9264397621154785, "batch_accuracy": 0.46875, "gradient_norm": 4.198515892028809}
{"time": "2026-10-01T01:44:31.214830+00:00", "event": "train", "step": 250, "epoch": 1, "lr": 9.683884853376379e-06, "loss": 2.669362783432007, "choice_ce": 0.9728716015815735, "gold_lm": 3.004350423812866, "replay_lm": 2.8636786937713623, "batch_accuracy": 0.53125, "gradient_norm": 4.458566188812256}
{"time": "2026-10-01T01:44:35.085934+00:00", "event": "train", "step": 300, "epoch": 1, "lr": 9.616626311541567e-06, "loss": 3.1239943504333496, "choice_ce": 1.8648600578308105, "gold_lm": 2.8774828910827637, "replay_lm": 2.944387435913086, "batch_accuracy": 0.34375, "gradient_norm": 5.297728538513184}
{"time": "2026-10-01T01:44:38.931280+00:00", "event": "train", "step": 350, "epoch": 1, "lr": 9.549367769706754e-06, "loss": 2.8818774223327637, "choice_ce": 1.5112473964691162, "gold_lm": 2.7987449169158936, "replay_lm": 2.853135108947754, "batch_accuracy": 0.59375, "gradient_norm": 5.457390308380127}
{"time": "2026-10-01T01:44:42.789354+00:00", "event": "train", "step": 400, "epoch": 1, "lr": 9.48210922787194e-06, "loss": 3.128309726715088, "choice_ce": 1.7702728509902954, "gold_lm": 2.8659746646881104, "replay_lm": 3.053359031677246, "batch_accuracy": 0.46875, "gradient_norm": 5.5365777015686035}
{"time": "2026-10-01T01:44:46.680378+00:00", "event": "train", "step": 450, "epoch": 1, "lr": 9.414850686037127e-06, "loss": 3.154491424560547, "choice_ce": 1.7554354667663574, "gold_lm": 2.872103691101074, "replay_lm": 3.1174957752227783, "batch_accuracy": 0.4375, "gradient_norm": 5.920479774475098}
{"time": "2026-10-01T01:44:50.500187+00:00", "event": "train", "step": 500, "epoch": 1, "lr": 9.347592144202314e-06, "loss": 2.8101084232330322, "choice_ce": 1.2820048332214355, "gold_lm": 2.8595380783081055, "replay_lm": 2.908442974090576, "batch_accuracy": 0.53125, "gradient_norm": 5.306842803955078}
{"time": "2026-10-01T01:44:54.357289+00:00", "event": "train", "step": 550, "epoch": 1, "lr": 9.280333602367501e-06, "loss": 2.9622373580932617, "choice_ce": 1.6850900650024414, "gold_lm": 2.887141704559326, "replay_lm": 2.795814037322998, "batch_accuracy": 0.28125, "gradient_norm": 5.578774929046631}
{"time": "2026-10-01T01:44:58.220931+00:00", "event": "train", "step": 600, "epoch": 1, "lr": 9.213075060532688e-06, "loss": 2.703549861907959, "choice_ce": 1.094956398010254, "gold_lm": 2.8071720600128174, "replay_lm": 2.908557653427124, "batch_accuracy": 0.46875, "gradient_norm": 4.772714614868164}
{"time": "2026-10-01T01:45:02.048991+00:00", "event": "train", "step": 650, "epoch": 1, "lr": 9.145816518697876e-06, "loss": 2.8987374305725098, "choice_ce": 1.178544521331787, "gold_lm": 2.9965264797210693, "replay_lm": 3.120666980743408, "batch_accuracy": 0.5, "gradient_norm": 4.64438533782959}
{"time": "2026-10-01T01:45:05.903280+00:00", "event": "train", "step": 700, "epoch": 1, "lr": 9.078557976863063e-06, "loss": 2.6524510383605957, "choice_ce": 1.155996561050415, "gold_lm": 2.6849429607391357, "replay_lm": 2.806434392929077, "batch_accuracy": 0.4375, "gradient_norm": 4.915310382843018}
{"time": "2026-10-01T01:45:09.753349+00:00", "event": "train", "step": 750, "epoch": 1, "lr": 9.01129943502825e-06, "loss": 3.1954896450042725, "choice_ce": 2.029494285583496, "gold_lm": 2.7953312397003174, "replay_lm": 2.9638195037841797, "batch_accuracy": 0.375, "gradient_norm": 6.431080341339111}
{"time": "2026-10-01T01:45:13.606833+00:00", "event": "train", "step": 800, "epoch": 1, "lr": 8.944040893193436e-06, "loss": 2.76599383354187, "choice_ce": 1.063375473022461, "gold_lm": 2.6180636882781982, "replay_lm": 3.1595802307128906, "batch_accuracy": 0.5, "gradient_norm": 4.654918670654297}
{"time": "2026-10-01T01:45:17.471508+00:00", "event": "train", "step": 850, "epoch": 1, "lr": 8.876782351358623e-06, "loss": 2.9078266620635986, "choice_ce": 1.4091752767562866, "gold_lm": 2.9632411003112793, "replay_lm": 2.9248576164245605, "batch_accuracy": 0.46875, "gradient_norm": 4.888095378875732}
{"time": "2026-10-01T01:45:21.333304+00:00", "event": "train", "step": 900, "epoch": 1, "lr": 8.80952380952381e-06, "loss": 2.7905097007751465, "choice_ce": 1.2577018737792969, "gold_lm": 2.765902280807495, "replay_lm": 2.940366268157959, "batch_accuracy": 0.5, "gradient_norm": 5.030806064605713}
{"time": "2026-10-01T01:45:25.136747+00:00", "event": "train", "step": 950, "epoch": 1, "lr": 8.742265267688998e-06, "loss": 2.8604512214660645, "choice_ce": 1.1707061529159546, "gold_lm": 2.8894364833831787, "replay_lm": 3.105477809906006, "batch_accuracy": 0.5625, "gradient_norm": 5.0787200927734375}
{"time": "2026-10-01T01:45:28.956900+00:00", "event": "train", "step": 1000, "epoch": 1, "lr": 8.675006725854185e-06, "loss": 2.922060012817383, "choice_ce": 1.4437421560287476, "gold_lm": 2.7545559406280518, "replay_lm": 3.023099899291992, "batch_accuracy": 0.46875, "gradient_norm": 7.5667405128479}
{"time": "2026-10-01T01:45:32.806038+00:00", "event": "train", "step": 1050, "epoch": 1, "lr": 8.607748184019372e-06, "loss": 2.6185483932495117, "choice_ce": 1.0267844200134277, "gold_lm": 2.9263768196105957, "replay_lm": 2.747123956680298, "batch_accuracy": 0.65625, "gradient_norm": 5.349750518798828}
{"time": "2026-10-01T01:45:36.639053+00:00", "event": "train", "step": 1100, "epoch": 1, "lr": 8.540489642184558e-06, "loss": 2.6982643604278564, "choice_ce": 0.9297287464141846, "gold_lm": 2.8009417057037354, "replay_lm": 3.066329002380371, "batch_accuracy": 0.40625, "gradient_norm": 5.863889694213867}
{"time": "2026-10-01T01:45:40.487312+00:00", "event": "train", "step": 1150, "epoch": 1, "lr": 8.473231100349745e-06, "loss": 3.173898458480835, "choice_ce": 1.4716185331344604, "gold_lm": 2.969381093978882, "replay_lm": 3.3914878368377686, "batch_accuracy": 0.21875, "gradient_norm": 6.050683975219727}
{"time": "2026-10-01T01:45:44.384123+00:00", "event": "train", "step": 1200, "epoch": 1, "lr": 8.405972558514932e-06, "loss": 2.650928258895874, "choice_ce": 0.9710468053817749, "gold_lm": 2.833362102508545, "replay_lm": 2.9141287803649902, "batch_accuracy": 0.46875, "gradient_norm": 5.727692127227783}
{"time": "2026-10-01T01:45:48.246644+00:00", "event": "train", "step": 1250, "epoch": 1, "lr": 8.338714016680119e-06, "loss": 2.8497440814971924, "choice_ce": 1.305273413658142, "gold_lm": 2.9283766746520996, "replay_lm": 2.9300265312194824, "batch_accuracy": 0.59375, "gradient_norm": 6.284421443939209}
{"time": "2026-10-01T01:45:52.167458+00:00", "event": "train", "step": 1300, "epoch": 1, "lr": 8.271455474845305e-06, "loss": 3.2671120166778564, "choice_ce": 2.066589832305908, "gold_lm": 3.054558038711548, "replay_lm": 2.9403553009033203, "batch_accuracy": 0.28125, "gradient_norm": 8.199268341064453}
{"time": "2026-10-01T01:45:56.030047+00:00", "event": "train", "step": 1350, "epoch": 1, "lr": 8.204196933010494e-06, "loss": 2.7314138412475586, "choice_ce": 1.1775858402252197, "gold_lm": 2.9658069610595703, "replay_lm": 2.802338123321533, "batch_accuracy": 0.34375, "gradient_norm": 6.866113662719727}
{"time": "2026-10-01T01:45:59.844789+00:00", "event": "train", "step": 1400, "epoch": 1, "lr": 8.136938391175679e-06, "loss": 3.0052833557128906, "choice_ce": 1.2608578205108643, "gold_lm": 2.7845096588134766, "replay_lm": 3.3574540615081787, "batch_accuracy": 0.40625, "gradient_norm": 6.27716588973999}
{"time": "2026-10-01T01:46:03.701429+00:00", "event": "train", "step": 1450, "epoch": 1, "lr": 8.069679849340867e-06, "loss": 3.1746506690979004, "choice_ce": 1.9624820947647095, "gold_lm": 2.833512783050537, "replay_lm": 2.970062494277954, "batch_accuracy": 0.4375, "gradient_norm": 9.349388122558594}
{"time": "2026-10-01T01:46:07.614865+00:00", "event": "train", "step": 1500, "epoch": 1, "lr": 8.002421307506054e-06, "loss": 2.906137466430664, "choice_ce": 1.2740147113800049, "gold_lm": 2.883880138397217, "replay_lm": 3.0963199138641357, "batch_accuracy": 0.40625, "gradient_norm": 8.742696762084961}
{"time": "2026-10-01T01:46:11.413374+00:00", "event": "train", "step": 1550, "epoch": 1, "lr": 7.93516276567124e-06, "loss": 2.930335760116577, "choice_ce": 1.2696244716644287, "gold_lm": 2.9968082904815674, "replay_lm": 3.0926427841186523, "batch_accuracy": 0.375, "gradient_norm": 7.914407730102539}
{"time": "2026-10-01T01:46:15.209361+00:00", "event": "train", "step": 1600, "epoch": 1, "lr": 7.867904223836428e-06, "loss": 2.766908645629883, "choice_ce": 1.4082672595977783, "gold_lm": 2.8421897888183594, "replay_lm": 2.7044553756713867, "batch_accuracy": 0.53125, "gradient_norm": 7.324735164642334}
{"time": "2026-10-01T01:46:18.999154+00:00", "event": "train", "step": 1650, "epoch": 1, "lr": 7.800645682001616e-06, "loss": 3.1257760524749756, "choice_ce": 1.239241361618042, "gold_lm": 2.9930636882781982, "replay_lm": 3.5157790184020996, "batch_accuracy": 0.5, "gradient_norm": 6.83219575881958}
{"time": "2026-10-01T01:46:22.824562+00:00", "event": "train", "step": 1700, "epoch": 1, "lr": 7.733387140166801e-06, "loss": 2.6129255294799805, "choice_ce": 0.7806869745254517, "gold_lm": 2.771869659423828, "replay_lm": 3.0592293739318848, "batch_accuracy": 0.53125, "gradient_norm": 5.041228294372559}
{"time": "2026-10-01T01:46:26.679096+00:00", "event": "train", "step": 1750, "epoch": 1, "lr": 7.66612859833199e-06, "loss": 2.7058238983154297, "choice_ce": 0.9889749884605408, "gold_lm": 2.8629581928253174, "replay_lm": 2.991194009780884, "batch_accuracy": 0.53125, "gradient_norm": 5.707589149475098}
{"time": "2026-10-01T01:46:30.521345+00:00", "event": "train", "step": 1800, "epoch": 1, "lr": 7.598870056497176e-06, "loss": 2.8544020652770996, "choice_ce": 1.033911108970642, "gold_lm": 2.832033634185791, "replay_lm": 3.258876085281372, "batch_accuracy": 0.59375, "gradient_norm": 6.15305757522583}
{"time": "2026-10-01T01:46:34.468485+00:00", "event": "train", "step": 1850, "epoch": 1, "lr": 7.531611514662363e-06, "loss": 2.970003843307495, "choice_ce": 1.4017995595932007, "gold_lm": 2.8445446491241455, "replay_lm": 3.115935802459717, "batch_accuracy": 0.3125, "gradient_norm": 7.835117816925049}
{"time": "2026-10-01T01:46:38.262231+00:00", "event": "train", "step": 1900, "epoch": 1, "lr": 7.46435297282755e-06, "loss": 2.7299602031707764, "choice_ce": 1.0568320751190186, "gold_lm": 2.886465311050415, "replay_lm": 2.959855556488037, "batch_accuracy": 0.5, "gradient_norm": 7.010656833648682}
{"time": "2026-10-01T01:46:42.119985+00:00", "event": "train", "step": 1950, "epoch": 1, "lr": 7.397094430992737e-06, "loss": 2.8086295127868652, "choice_ce": 1.3123546838760376, "gold_lm": 2.834017038345337, "replay_lm": 2.8878955841064453, "batch_accuracy": 0.4375, "gradient_norm": 6.336936950683594}
{"time": "2026-10-01T01:46:45.953426+00:00", "event": "train", "step": 2000, "epoch": 1, "lr": 7.329835889157924e-06, "loss": 2.726914405822754, "choice_ce": 1.2334541082382202, "gold_lm": 2.7853786945343018, "replay_lm": 2.8276851177215576, "batch_accuracy": 0.5625, "gradient_norm": 7.5238237380981445}
{"time": "2026-10-01T01:46:49.782694+00:00", "event": "train", "step": 2050, "epoch": 1, "lr": 7.26257734732311e-06, "loss": 2.709071397781372, "choice_ce": 1.3670713901519775, "gold_lm": 2.773252010345459, "replay_lm": 2.664445400238037, "batch_accuracy": 0.53125, "gradient_norm": 8.95195198059082}
{"time": "2026-10-01T01:46:53.606143+00:00", "event": "train", "step": 2100, "epoch": 1, "lr": 7.195318805488298e-06, "loss": 2.893047332763672, "choice_ce": 1.4941527843475342, "gold_lm": 2.7134015560150146, "replay_lm": 2.935241222381592, "batch_accuracy": 0.4375, "gradient_norm": 8.131030082702637}
{"time": "2026-10-01T01:46:57.429336+00:00", "event": "train", "step": 2150, "epoch": 1, "lr": 7.128060263653484e-06, "loss": 2.722105026245117, "choice_ce": 1.1394178867340088, "gold_lm": 2.763763904571533, "replay_lm": 2.922910213470459, "batch_accuracy": 0.375, "gradient_norm": 7.4065446853637695}
{"time": "2026-10-01T01:47:01.361254+00:00", "event": "train", "step": 2200, "epoch": 1, "lr": 7.060801721818671e-06, "loss": 2.626300096511841, "choice_ce": 1.0333281755447388, "gold_lm": 2.681506872177124, "replay_lm": 2.878518581390381, "batch_accuracy": 0.46875, "gradient_norm": 6.366394996643066}
{"time": "2026-10-01T01:47:05.203522+00:00", "event": "train", "step": 2250, "epoch": 1, "lr": 6.993543179983859e-06, "loss": 2.7372546195983887, "choice_ce": 1.2332262992858887, "gold_lm": 2.940948486328125, "replay_lm": 2.770808458328247, "batch_accuracy": 0.5625, "gradient_norm": 8.108959197998047}
{"time": "2026-10-01T01:47:09.097122+00:00", "event": "train", "step": 2300, "epoch": 1, "lr": 6.926284638149045e-06, "loss": 2.628599166870117, "choice_ce": 0.8935561776161194, "gold_lm": 2.943429470062256, "replay_lm": 2.891927480697632, "batch_accuracy": 0.53125, "gradient_norm": 7.299352645874023}
{"time": "2026-10-01T01:47:12.884470+00:00", "event": "train", "step": 2350, "epoch": 1, "lr": 6.859026096314232e-06, "loss": 2.5032284259796143, "choice_ce": 0.8970205783843994, "gold_lm": 2.8495659828186035, "replay_lm": 2.6846532821655273, "batch_accuracy": 0.6875, "gradient_norm": 5.6190056800842285}
{"time": "2026-10-01T01:47:16.715572+00:00", "event": "train", "step": 2400, "epoch": 1, "lr": 6.7917675544794196e-06, "loss": 2.8524365425109863, "choice_ce": 1.3041458129882812, "gold_lm": 2.9159486293792725, "replay_lm": 2.9427525997161865, "batch_accuracy": 0.625, "gradient_norm": 6.047063827514648}
{"time": "2026-10-01T01:47:20.550952+00:00", "event": "train", "step": 2450, "epoch": 1, "lr": 6.724509012644606e-06, "loss": 2.9498283863067627, "choice_ce": 1.105033040046692, "gold_lm": 2.8917548656463623, "replay_lm": 3.3487462997436523, "batch_accuracy": 0.40625, "gradient_norm": 7.682764053344727}
Writing model shards:   0%|          | 0/1 [00:00<?, ?it/s]Writing model shards: 100%|██████████| 1/1 [00:00<00:00,  5.44it/s]Writing model shards: 100%|██████████| 1/1 [00:00<00:00,  5.44it/s]
{"time": "2026-10-01T01:47:23.418514+00:00", "event": "export", "epoch": 1, "step": 2483, "path": "/data/team_a/dave-workspace/Global Innovation Build Challenge V2/v2/runs/task_tune_lr1e-5_r0.5_rerun/epoch_1/export", "model_sha256": "bffc3ad13e758323df7513e28c0bc1225719c2f9de7102374df806a1fc0ae7db"}
{"time": "2026-10-01T01:47:24.705330+00:00", "event": "train", "step": 2500, "epoch": 2, "lr": 6.657250470809793e-06, "loss": 2.8869967460632324, "choice_ce": 0.9464304447174072, "gold_lm": 2.767416477203369, "replay_lm": 3.443854808807373, "batch_accuracy": 0.65625, "gradient_norm": 7.020259857177734}
{"time": "2026-10-01T01:47:28.518402+00:00", "event": "train", "step": 2550, "epoch": 2, "lr": 6.589991928974981e-06, "loss": 2.7421557903289795, "choice_ce": 1.1210941076278687, "gold_lm": 2.8753769397735596, "replay_lm": 2.9255290031433105, "batch_accuracy": 0.5, "gradient_norm": 6.799103260040283}
{"time": "2026-10-01T01:47:32.365851+00:00", "event": "train", "step": 2600, "epoch": 2, "lr": 6.522733387140167e-06, "loss": 2.667062759399414, "choice_ce": 1.1580864191055298, "gold_lm": 2.843831777572632, "replay_lm": 2.7541232109069824, "batch_accuracy": 0.4375, "gradient_norm": 7.8352131843566895}
{"time": "2026-10-01T01:47:36.168947+00:00", "event": "train", "step": 2650, "epoch": 2, "lr": 6.455474845305354e-06, "loss": 2.568347930908203, "choice_ce": 0.9110711812973022, "gold_lm": 2.7796905040740967, "replay_lm": 2.8357796669006348, "batch_accuracy": 0.5625, "gradient_norm": 6.263039588928223}
{"time": "2026-10-01T01:47:39.955813+00:00", "event": "train", "step": 2700, "epoch": 2, "lr": 6.388216303470542e-06, "loss": 2.729217529296875, "choice_ce": 0.9451895356178284, "gold_lm": 2.7306301593780518, "replay_lm": 3.14793062210083, "batch_accuracy": 0.59375, "gradient_norm": 6.526741981506348}
{"time": "2026-10-01T01:47:43.846345+00:00", "event": "train", "step": 2750, "epoch": 2, "lr": 6.320957761635728e-06, "loss": 2.643613338470459, "choice_ce": 0.9513882398605347, "gold_lm": 2.7733874320983887, "replay_lm": 2.9491448402404785, "batch_accuracy": 0.53125, "gradient_norm": 6.806955337524414}
{"time": "2026-10-01T01:47:47.685314+00:00", "event": "train", "step": 2800, "epoch": 2, "lr": 6.253699219800915e-06, "loss": 2.6281561851501465, "choice_ce": 0.9867063760757446, "gold_lm": 2.7811245918273926, "replay_lm": 2.8790438175201416, "batch_accuracy": 0.59375, "gradient_norm": 5.8242506980896}
{"time": "2026-10-01T01:47:51.545043+00:00", "event": "train", "step": 2850, "epoch": 2, "lr": 6.186440677966103e-06, "loss": 2.7967681884765625, "choice_ce": 0.9219951033592224, "gold_lm": 2.813035488128662, "replay_lm": 3.265023708343506, "batch_accuracy": 0.59375, "gradient_norm": 6.763769626617432}
{"time": "2026-10-01T01:47:55.391679+00:00", "event": "train", "step": 2900, "epoch": 2, "lr": 6.1191821361312895e-06, "loss": 2.5765068531036377, "choice_ce": 0.8634933233261108, "gold_lm": 2.729306221008301, "replay_lm": 2.9248671531677246, "batch_accuracy": 0.5, "gradient_norm": 6.170609474182129}
{"time": "2026-10-01T01:47:59.251065+00:00", "event": "train", "step": 2950, "epoch": 2, "lr": 6.051923594296476e-06, "loss": 2.692772388458252, "choice_ce": 1.056110143661499, "gold_lm": 2.6714766025543213, "replay_lm": 2.9936962127685547, "batch_accuracy": 0.53125, "gradient_norm": 8.083796501159668}
{"time": "2026-10-01T01:48:03.121870+00:00", "event": "train", "step": 3000, "epoch": 2, "lr": 5.984665052461662e-06, "loss": 2.7649855613708496, "choice_ce": 1.1292610168457031, "gold_lm": 2.757446050643921, "replay_lm": 3.021986961364746, "batch_accuracy": 0.53125, "gradient_norm": 7.979682922363281}
{"time": "2026-10-01T01:48:06.986490+00:00", "event": "train", "step": 3050, "epoch": 2, "lr": 5.9174065106268505e-06, "loss": 2.8689637184143066, "choice_ce": 1.2789216041564941, "gold_lm": 2.8648812770843506, "replay_lm": 3.0265653133392334, "batch_accuracy": 0.53125, "gradient_norm": 8.528646469116211}
{"time": "2026-10-01T01:48:10.834980+00:00", "event": "train", "step": 3100, "epoch": 2, "lr": 5.850147968792037e-06, "loss": 2.6078238487243652, "choice_ce": 0.8961641192436218, "gold_lm": 2.80072283744812, "replay_lm": 2.9191222190856934, "batch_accuracy": 0.5625, "gradient_norm": 5.604188442230225}
{"time": "2026-10-01T01:48:14.741003+00:00", "event": "train", "step": 3150, "epoch": 2, "lr": 5.782889426957223e-06, "loss": 2.6885242462158203, "choice_ce": 0.9042345285415649, "gold_lm": 2.721221923828125, "replay_lm": 3.1122031211853027, "batch_accuracy": 0.59375, "gradient_norm": 6.553601264953613}
{"time": "2026-10-01T01:48:18.599347+00:00", "event": "train", "step": 3200, "epoch": 2, "lr": 5.715630885122412e-06, "loss": 2.8485772609710693, "choice_ce": 1.2711392641067505, "gold_lm": 2.640657424926758, "replay_lm": 3.105686664581299, "batch_accuracy": 0.625, "gradient_norm": 6.6327619552612305}
{"time": "2026-10-01T01:48:22.405752+00:00", "event": "train", "step": 3250, "epoch": 2, "lr": 5.648372343287598e-06, "loss": 2.498185396194458, "choice_ce": 0.8701233267784119, "gold_lm": 2.5997323989868164, "replay_lm": 2.826381206512451, "batch_accuracy": 0.75, "gradient_norm": 6.553025245666504}
{"time": "2026-10-01T01:48:26.229455+00:00", "event": "train", "step": 3300, "epoch": 2, "lr": 5.581113801452784e-06, "loss": 2.6136281490325928, "choice_ce": 0.8730912208557129, "gold_lm": 2.7669193744659424, "replay_lm": 2.970705509185791, "batch_accuracy": 0.6875, "gradient_norm": 6.502493858337402}
{"time": "2026-10-01T01:48:30.044903+00:00", "event": "train", "step": 3350, "epoch": 2, "lr": 5.513855259617972e-06, "loss": 2.605708122253418, "choice_ce": 1.0331268310546875, "gold_lm": 2.752901554107666, "replay_lm": 2.8018388748168945, "batch_accuracy": 0.46875, "gradient_norm": 8.058375358581543}
{"time": "2026-10-01T01:48:33.867757+00:00", "event": "train", "step": 3400, "epoch": 2, "lr": 5.446596717783159e-06, "loss": 2.5701212882995605, "choice_ce": 1.0815260410308838, "gold_lm": 2.7326500415802, "replay_lm": 2.6923911571502686, "batch_accuracy": 0.65625, "gradient_norm": 8.489259719848633}
{"time": "2026-10-01T01:48:37.751931+00:00", "event": "train", "step": 3450, "epoch": 2, "lr": 5.379338175948345e-06, "loss": 2.66963791847229, "choice_ce": 0.8929812908172607, "gold_lm": 2.7219841480255127, "replay_lm": 3.0853023529052734, "batch_accuracy": 0.5625, "gradient_norm": 6.344348430633545}
{"time": "2026-10-01T01:48:41.633686+00:00", "event": "train", "step": 3500, "epoch": 2, "lr": 5.312079634113533e-06, "loss": 2.8949027061462402, "choice_ce": 1.3186416625976562, "gold_lm": 2.8848469257354736, "replay_lm": 3.028740406036377, "batch_accuracy": 0.5, "gradient_norm": 8.642934799194336}
{"time": "2026-10-01T01:48:45.582305+00:00", "event": "train", "step": 3550, "epoch": 2, "lr": 5.2448210922787204e-06, "loss": 2.5816638469696045, "choice_ce": 1.022195816040039, "gold_lm": 2.7532529830932617, "replay_lm": 2.764505386352539, "batch_accuracy": 0.5625, "gradient_norm": 8.129603385925293}
{"time": "2026-10-01T01:48:49.422712+00:00", "event": "train", "step": 3600, "epoch": 2, "lr": 5.177562550443906e-06, "loss": 2.5765864849090576, "choice_ce": 1.0372192859649658, "gold_lm": 2.8069143295288086, "replay_lm": 2.712496519088745, "batch_accuracy": 0.53125, "gradient_norm": 5.776428699493408}
{"time": "2026-10-01T01:48:53.219786+00:00", "event": "train", "step": 3650, "epoch": 2, "lr": 5.110304008609094e-06, "loss": 2.6834263801574707, "choice_ce": 0.915881872177124, "gold_lm": 2.8918232917785645, "replay_lm": 3.005059242248535, "batch_accuracy": 0.5625, "gradient_norm": 8.527631759643555}
{"time": "2026-10-01T01:48:57.073997+00:00", "event": "train", "step": 3700, "epoch": 2, "lr": 5.0430454667742815e-06, "loss": 2.4883623123168945, "choice_ce": 0.7098681926727295, "gold_lm": 2.8112411499023438, "replay_lm": 2.861236095428467, "batch_accuracy": 0.59375, "gradient_norm": 7.17950439453125}
{"time": "2026-10-01T01:49:00.894785+00:00", "event": "train", "step": 3750, "epoch": 2, "lr": 4.975786924939467e-06, "loss": 2.5439021587371826, "choice_ce": 0.6682659387588501, "gold_lm": 2.909074544906616, "replay_lm": 2.965001106262207, "batch_accuracy": 0.4375, "gradient_norm": 6.064188480377197}
{"time": "2026-10-01T01:49:04.753410+00:00", "event": "train", "step": 3800, "epoch": 2, "lr": 4.908528383104655e-06, "loss": 2.664238929748535, "choice_ce": 0.9923648834228516, "gold_lm": 2.88578462600708, "replay_lm": 2.8932204246520996, "batch_accuracy": 0.5625, "gradient_norm": 6.730899810791016}
{"time": "2026-10-01T01:49:08.579437+00:00", "event": "train", "step": 3850, "epoch": 2, "lr": 4.841269841269841e-06, "loss": 2.9692788124084473, "choice_ce": 1.4112696647644043, "gold_lm": 2.7266714572906494, "replay_lm": 3.163952350616455, "batch_accuracy": 0.5625, "gradient_norm": 8.617737770080566}
{"time": "2026-10-01T01:49:12.534614+00:00", "event": "train", "step": 3900, "epoch": 2, "lr": 4.7740112994350285e-06, "loss": 2.5997283458709717, "choice_ce": 0.8542445302009583, "gold_lm": 2.7962284088134766, "replay_lm": 2.9470980167388916, "batch_accuracy": 0.625, "gradient_norm": 6.036206245422363}
{"time": "2026-10-01T01:49:16.368994+00:00", "event": "train", "step": 3950, "epoch": 2, "lr": 4.706752757600216e-06, "loss": 2.6489081382751465, "choice_ce": 0.9336574077606201, "gold_lm": 2.8435137271881104, "replay_lm": 2.942401885986328, "batch_accuracy": 0.53125, "gradient_norm": 6.738035202026367}
{"time": "2026-10-01T01:49:20.238098+00:00", "event": "train", "step": 4000, "epoch": 2, "lr": 4.639494215765402e-06, "loss": 2.920578956604004, "choice_ce": 1.279603123664856, "gold_lm": 2.8773136138916016, "replay_lm": 3.1228981018066406, "batch_accuracy": 0.625, "gradient_norm": 8.115484237670898}
{"time": "2026-10-01T01:49:24.168456+00:00", "event": "train", "step": 4050, "epoch": 2, "lr": 4.5722356739305895e-06, "loss": 2.5349738597869873, "choice_ce": 0.8255392909049988, "gold_lm": 2.7121994495391846, "replay_lm": 2.8883087635040283, "batch_accuracy": 0.59375, "gradient_norm": 9.260523796081543}
{"time": "2026-10-01T01:49:28.017668+00:00", "event": "train", "step": 4100, "epoch": 2, "lr": 4.504977132095777e-06, "loss": 2.7604756355285645, "choice_ce": 1.3427948951721191, "gold_lm": 2.6989798545837402, "replay_lm": 2.8286666870117188, "batch_accuracy": 0.5, "gradient_norm": 6.362863540649414}
{"time": "2026-10-01T01:49:31.818627+00:00", "event": "train", "step": 4150, "epoch": 2, "lr": 4.437718590260963e-06, "loss": 2.7856063842773438, "choice_ce": 1.2179335355758667, "gold_lm": 2.8075947761535645, "replay_lm": 2.9494822025299072, "batch_accuracy": 0.375, "gradient_norm": 9.025959968566895}
{"time": "2026-10-01T01:49:35.774648+00:00", "event": "train", "step": 4200, "epoch": 2, "lr": 4.370460048426151e-06, "loss": 2.7125086784362793, "choice_ce": 1.0527969598770142, "gold_lm": 2.845128297805786, "replay_lm": 2.9496560096740723, "batch_accuracy": 0.40625, "gradient_norm": 6.63623571395874}
{"time": "2026-10-01T01:49:39.653264+00:00", "event": "train", "step": 4250, "epoch": 2, "lr": 4.303201506591338e-06, "loss": 2.7477357387542725, "choice_ce": 1.062299370765686, "gold_lm": 2.6856117248535156, "replay_lm": 3.0903663635253906, "batch_accuracy": 0.46875, "gradient_norm": 9.305816650390625}
{"time": "2026-10-01T01:49:43.493966+00:00", "event": "train", "step": 4300, "epoch": 2, "lr": 4.235942964756524e-06, "loss": 2.7775473594665527, "choice_ce": 1.109405279159546, "gold_lm": 2.829437732696533, "replay_lm": 3.030970573425293, "batch_accuracy": 0.4375, "gradient_norm": 8.021307945251465}
{"time": "2026-10-01T01:49:47.289054+00:00", "event": "train", "step": 4350, "epoch": 2, "lr": 4.168684422921712e-06, "loss": 2.7165019512176514, "choice_ce": 0.8746015429496765, "gold_lm": 2.767730236053467, "replay_lm": 3.174537181854248, "batch_accuracy": 0.59375, "gradient_norm": 5.363580703735352}
{"time": "2026-10-01T01:49:51.109460+00:00", "event": "train", "step": 4400, "epoch": 2, "lr": 4.1014258810868975e-06, "loss": 2.6539249420166016, "choice_ce": 0.9780709743499756, "gold_lm": 2.8233795166015625, "replay_lm": 2.918088912963867, "batch_accuracy": 0.5625, "gradient_norm": 6.900549411773682}
{"time": "2026-10-01T01:49:54.953945+00:00", "event": "train", "step": 4450, "epoch": 2, "lr": 4.034167339252085e-06, "loss": 2.7955422401428223, "choice_ce": 1.1117212772369385, "gold_lm": 2.84778094291687, "replay_lm": 3.0554728507995605, "batch_accuracy": 0.65625, "gradient_norm": 11.191600799560547}
{"time": "2026-10-01T01:49:58.784628+00:00", "event": "train", "step": 4500, "epoch": 2, "lr": 3.966908797417273e-06, "loss": 2.711977481842041, "choice_ce": 0.9573549032211304, "gold_lm": 2.7775802612304688, "replay_lm": 3.077810049057007, "batch_accuracy": 0.53125, "gradient_norm": 6.642401218414307}
{"time": "2026-10-01T01:50:02.608784+00:00", "event": "train", "step": 4550, "epoch": 2, "lr": 3.899650255582459e-06, "loss": 2.6554605960845947, "choice_ce": 1.0231914520263672, "gold_lm": 2.8198277950286865, "replay_lm": 2.8778157234191895, "batch_accuracy": 0.5625, "gradient_norm": 6.869513034820557}
{"time": "2026-10-01T01:50:06.452474+00:00", "event": "train", "step": 4600, "epoch": 2, "lr": 3.832391713747646e-06, "loss": 2.5973989963531494, "choice_ce": 1.0393037796020508, "gold_lm": 2.7232370376586914, "replay_lm": 2.7938756942749023, "batch_accuracy": 0.6875, "gradient_norm": 6.49806547164917}
{"time": "2026-10-01T01:50:10.257930+00:00", "event": "train", "step": 4650, "epoch": 2, "lr": 3.7651331719128338e-06, "loss": 2.5669260025024414, "choice_ce": 0.928654670715332, "gold_lm": 2.9776692390441895, "replay_lm": 2.716362953186035, "batch_accuracy": 0.625, "gradient_norm": 7.53523063659668}
{"time": "2026-10-01T01:50:14.141728+00:00", "event": "train", "step": 4700, "epoch": 2, "lr": 3.69787463007802e-06, "loss": 2.784993886947632, "choice_ce": 0.8902907967567444, "gold_lm": 2.743781328201294, "replay_lm": 3.3078062534332275, "batch_accuracy": 0.65625, "gradient_norm": 5.803537368774414}
{"time": "2026-10-01T01:50:17.986205+00:00", "event": "train", "step": 4750, "epoch": 2, "lr": 3.6306160882432072e-06, "loss": 2.6687960624694824, "choice_ce": 1.3005340099334717, "gold_lm": 2.5568127632141113, "replay_lm": 2.7586517333984375, "batch_accuracy": 0.5, "gradient_norm": 6.983896255493164}
{"time": "2026-10-01T01:50:21.811630+00:00", "event": "train", "step": 4800, "epoch": 2, "lr": 3.563357546408395e-06, "loss": 2.565549850463867, "choice_ce": 0.8199316263198853, "gold_lm": 2.8301873207092285, "replay_lm": 2.8960742950439453, "batch_accuracy": 0.53125, "gradient_norm": 7.289695739746094}
{"time": "2026-10-01T01:50:25.692286+00:00", "event": "train", "step": 4850, "epoch": 2, "lr": 3.496099004573581e-06, "loss": 2.560804843902588, "choice_ce": 0.8684430122375488, "gold_lm": 2.7930409908294678, "replay_lm": 2.8566458225250244, "batch_accuracy": 0.65625, "gradient_norm": 6.75604772567749}
{"time": "2026-10-01T01:50:29.471760+00:00", "event": "train", "step": 4900, "epoch": 2, "lr": 3.4288404627387683e-06, "loss": 2.7601757049560547, "choice_ce": 0.9564220905303955, "gold_lm": 2.9698500633239746, "replay_lm": 3.0790045261383057, "batch_accuracy": 0.59375, "gradient_norm": 9.073260307312012}
{"time": "2026-10-01T01:50:33.320307+00:00", "event": "train", "step": 4950, "epoch": 2, "lr": 3.3615819209039546e-06, "loss": 2.6498193740844727, "choice_ce": 0.8134428858757019, "gold_lm": 2.8208982944488525, "replay_lm": 3.075746774673462, "batch_accuracy": 0.78125, "gradient_norm": 6.446129322052002}
Writing model shards:   0%|          | 0/1 [00:00<?, ?it/s]Writing model shards: 100%|██████████| 1/1 [00:00<00:00,  5.46it/s]Writing model shards: 100%|██████████| 1/1 [00:00<00:00,  5.46it/s]
{"time": "2026-10-01T01:50:34.908825+00:00", "event": "export", "epoch": 2, "step": 4966, "path": "/data/team_a/dave-workspace/Global Innovation Build Challenge V2/v2/runs/task_tune_lr1e-5_r0.5_rerun/epoch_2/export", "model_sha256": "0595ca7b67023271974b90fd72edf904c3d29508800625d4be6b02b015e8d6ca"}
{"time": "2026-10-01T01:50:37.498519+00:00", "event": "train", "step": 5000, "epoch": 3, "lr": 3.294323379069142e-06, "loss": 2.6235158443450928, "choice_ce": 1.2048358917236328, "gold_lm": 2.7034389972686768, "replay_lm": 2.690476417541504, "batch_accuracy": 0.625, "gradient_norm": 7.645059585571289}
{"time": "2026-10-01T01:50:41.344591+00:00", "event": "train", "step": 5050, "epoch": 3, "lr": 3.2270648372343294e-06, "loss": 2.6242079734802246, "choice_ce": 0.9058400392532349, "gold_lm": 2.7815582752227783, "replay_lm": 2.951796531677246, "batch_accuracy": 0.40625, "gradient_norm": 7.466986179351807}
{"time": "2026-10-01T01:50:45.261412+00:00", "event": "train", "step": 5100, "epoch": 3, "lr": 3.1598062953995157e-06, "loss": 2.5916099548339844, "choice_ce": 0.6986963152885437, "gold_lm": 2.7880239486694336, "replay_lm": 3.0905113220214844, "batch_accuracy": 0.75, "gradient_norm": 6.777648448944092}
{"time": "2026-10-01T01:50:49.084046+00:00", "event": "train", "step": 5150, "epoch": 3, "lr": 3.0925477535647033e-06, "loss": 2.599771499633789, "choice_ce": 0.9633632898330688, "gold_lm": 2.6208183765411377, "replay_lm": 2.9257702827453613, "batch_accuracy": 0.59375, "gradient_norm": 8.337081909179688}
{"time": "2026-10-01T01:50:52.924162+00:00", "event": "train", "step": 5200, "epoch": 3, "lr": 3.0252892117298904e-06, "loss": 2.59955096244812, "choice_ce": 0.859279990196228, "gold_lm": 2.807072639465332, "replay_lm": 2.9362854957580566, "batch_accuracy": 0.6875, "gradient_norm": 7.7251973152160645}
{"time": "2026-10-01T01:50:56.718858+00:00", "event": "train", "step": 5250, "epoch": 3, "lr": 2.9580306698950767e-06, "loss": 2.6870245933532715, "choice_ce": 0.8739087581634521, "gold_lm": 2.775570869445801, "replay_lm": 3.1123549938201904, "batch_accuracy": 0.4375, "gradient_norm": 7.139294624328613}
{"time": "2026-10-01T01:51:00.513320+00:00", "event": "train", "step": 5300, "epoch": 3, "lr": 2.890772128060264e-06, "loss": 2.553706407546997, "choice_ce": 0.9071626663208008, "gold_lm": 2.9988505840301514, "replay_lm": 2.700824737548828, "batch_accuracy": 0.65625, "gradient_norm": 8.423068046569824}
{"time": "2026-10-01T01:51:04.582340+00:00", "event": "train", "step": 5350, "epoch": 3, "lr": 2.82351358622545e-06, "loss": 2.5974416732788086, "choice_ce": 0.8958662748336792, "gold_lm": 2.8078882694244385, "replay_lm": 2.8950729370117188, "batch_accuracy": 0.65625, "gradient_norm": 7.331836700439453}
{"time": "2026-10-01T01:51:08.400961+00:00", "event": "train", "step": 5400, "epoch": 3, "lr": 2.7562550443906378e-06, "loss": 2.4998250007629395, "choice_ce": 0.6670390367507935, "gold_lm": 2.7829012870788574, "replay_lm": 2.941159963607788, "batch_accuracy": 0.59375, "gradient_norm": 7.3948845863342285}
{"time": "2026-10-01T01:51:12.297413+00:00", "event": "train", "step": 5450, "epoch": 3, "lr": 2.688996502555825e-06, "loss": 2.6096572875976562, "choice_ce": 0.7544206380844116, "gold_lm": 2.7993667125701904, "replay_lm": 3.0652105808258057, "batch_accuracy": 0.625, "gradient_norm": 7.92496919631958}
{"time": "2026-10-01T01:51:16.115861+00:00", "event": "train", "step": 5500, "epoch": 3, "lr": 2.6217379607210113e-06, "loss": 2.839592218399048, "choice_ce": 0.9831637144088745, "gold_lm": 2.934385299682617, "replay_lm": 3.228827953338623, "batch_accuracy": 0.6875, "gradient_norm": 7.093768119812012}
{"time": "2026-10-01T01:51:19.943059+00:00", "event": "train", "step": 5550, "epoch": 3, "lr": 2.554479418886199e-06, "loss": 2.664544105529785, "choice_ce": 0.916545569896698, "gold_lm": 2.724224328994751, "replay_lm": 3.0504305362701416, "batch_accuracy": 0.65625, "gradient_norm": 7.504342555999756}
{"time": "2026-10-01T01:51:23.865548+00:00", "event": "train", "step": 5600, "epoch": 3, "lr": 2.487220877051386e-06, "loss": 2.499420642852783, "choice_ce": 0.7717818021774292, "gold_lm": 2.995981454849243, "replay_lm": 2.7290685176849365, "batch_accuracy": 0.71875, "gradient_norm": 6.771591663360596}
{"time": "2026-10-01T01:51:27.680320+00:00", "event": "train", "step": 5650, "epoch": 3, "lr": 2.4199623352165723e-06, "loss": 2.629761219024658, "choice_ce": 1.0505622625350952, "gold_lm": 2.7981488704681396, "replay_lm": 2.8098859786987305, "batch_accuracy": 0.53125, "gradient_norm": 8.6367826461792}
{"time": "2026-10-01T01:51:31.535428+00:00", "event": "train", "step": 5700, "epoch": 3, "lr": 2.35270379338176e-06, "loss": 2.60913348197937, "choice_ce": 0.8496357202529907, "gold_lm": 2.7148361206054688, "replay_lm": 3.0112133026123047, "batch_accuracy": 0.78125, "gradient_norm": 9.650566101074219}
{"time": "2026-10-01T01:51:35.426410+00:00", "event": "train", "step": 5750, "epoch": 3, "lr": 2.285445251546947e-06, "loss": 2.335695266723633, "choice_ce": 0.6458351612091064, "gold_lm": 2.5489954948425293, "replay_lm": 2.7510578632354736, "batch_accuracy": 0.625, "gradient_norm": 5.752199649810791}
{"time": "2026-10-01T01:51:39.242659+00:00", "event": "train", "step": 5800, "epoch": 3, "lr": 2.2181867097121334e-06, "loss": 2.4926259517669678, "choice_ce": 0.8641105890274048, "gold_lm": 2.709200859069824, "replay_lm": 2.766541004180908, "batch_accuracy": 0.75, "gradient_norm": 9.73648738861084}
{"time": "2026-10-01T01:51:43.074805+00:00", "event": "train", "step": 5850, "epoch": 3, "lr": 2.150928167877321e-06, "loss": 2.789862632751465, "choice_ce": 0.8109750747680664, "gold_lm": 2.681537628173828, "replay_lm": 3.427981376647949, "batch_accuracy": 0.75, "gradient_norm": 6.520506858825684}
{"time": "2026-10-01T01:51:46.911306+00:00", "event": "train", "step": 5900, "epoch": 3, "lr": 2.0836696260425073e-06, "loss": 2.838167667388916, "choice_ce": 0.829413652420044, "gold_lm": 2.7915124893188477, "replay_lm": 3.4511654376983643, "batch_accuracy": 0.5625, "gradient_norm": 6.7205891609191895}
{"time": "2026-10-01T01:51:50.751402+00:00", "event": "train", "step": 5950, "epoch": 3, "lr": 2.0164110842076944e-06, "loss": 2.4888076782226562, "choice_ce": 0.7001668810844421, "gold_lm": 2.682663917541504, "replay_lm": 2.9361166954040527, "batch_accuracy": 0.65625, "gradient_norm": 6.428974151611328}
{"time": "2026-10-01T01:51:54.587928+00:00", "event": "train", "step": 6000, "epoch": 3, "lr": 1.949152542372882e-06, "loss": 2.511479616165161, "choice_ce": 0.8786860108375549, "gold_lm": 2.9109292030334473, "replay_lm": 2.6888086795806885, "batch_accuracy": 0.625, "gradient_norm": 7.070919036865234}
{"time": "2026-10-01T01:51:58.398365+00:00", "event": "train", "step": 6050, "epoch": 3, "lr": 1.8818940005380681e-06, "loss": 2.6561248302459717, "choice_ce": 0.9715390205383301, "gold_lm": 2.808539390563965, "replay_lm": 2.936440944671631, "batch_accuracy": 0.59375, "gradient_norm": 6.538613319396973}
{"time": "2026-10-01T01:52:02.214309+00:00", "event": "train", "step": 6100, "epoch": 3, "lr": 1.8146354587032555e-06, "loss": 2.6817708015441895, "choice_ce": 0.96378493309021, "gold_lm": 2.676290988922119, "replay_lm": 3.0616111755371094, "batch_accuracy": 0.6875, "gradient_norm": 6.786644458770752}
{"time": "2026-10-01T01:52:06.077384+00:00", "event": "train", "step": 6150, "epoch": 3, "lr": 1.7473769168684429e-06, "loss": 2.622453451156616, "choice_ce": 0.8780245184898376, "gold_lm": 2.884908676147461, "replay_lm": 2.9244279861450195, "batch_accuracy": 0.59375, "gradient_norm": 7.492466449737549}
{"time": "2026-10-01T01:52:09.928326+00:00", "event": "train", "step": 6200, "epoch": 3, "lr": 1.6801183750336292e-06, "loss": 2.606795310974121, "choice_ce": 0.7088180780410767, "gold_lm": 2.88799786567688, "replay_lm": 3.0607738494873047, "batch_accuracy": 0.75, "gradient_norm": 6.854899883270264}
{"time": "2026-10-01T01:52:13.811988+00:00", "event": "train", "step": 6250, "epoch": 3, "lr": 1.6128598331988166e-06, "loss": 2.4923877716064453, "choice_ce": 0.6487526893615723, "gold_lm": 2.7531802654266357, "replay_lm": 2.959432363510132, "batch_accuracy": 0.6875, "gradient_norm": 4.875420570373535}
{"time": "2026-10-01T01:52:17.650498+00:00", "event": "train", "step": 6300, "epoch": 3, "lr": 1.5456012913640029e-06, "loss": 2.7232275009155273, "choice_ce": 0.9240217208862305, "gold_lm": 2.8126773834228516, "replay_lm": 3.1160945892333984, "batch_accuracy": 0.53125, "gradient_norm": 7.6478447914123535}
{"time": "2026-10-01T01:52:21.436155+00:00", "event": "train", "step": 6350, "epoch": 3, "lr": 1.4783427495291902e-06, "loss": 2.8337490558624268, "choice_ce": 1.0485401153564453, "gold_lm": 2.8257694244384766, "replay_lm": 3.20607328414917, "batch_accuracy": 0.65625, "gradient_norm": 8.589054107666016}
{"time": "2026-10-01T01:52:25.336933+00:00", "event": "train", "step": 6400, "epoch": 3, "lr": 1.4110842076943776e-06, "loss": 2.4405593872070312, "choice_ce": 0.6685546040534973, "gold_lm": 2.78648042678833, "replay_lm": 2.819324254989624, "batch_accuracy": 0.71875, "gradient_norm": 5.4604363441467285}
{"time": "2026-10-01T01:52:29.181076+00:00", "event": "train", "step": 6450, "epoch": 3, "lr": 1.343825665859564e-06, "loss": 2.484145164489746, "choice_ce": 0.6688330173492432, "gold_lm": 2.705700159072876, "replay_lm": 2.9466071128845215, "batch_accuracy": 0.65625, "gradient_norm": 6.389191150665283}
{"time": "2026-10-01T01:52:33.083725+00:00", "event": "train", "step": 6500, "epoch": 3, "lr": 1.2765671240247513e-06, "loss": 2.72800612449646, "choice_ce": 1.319101333618164, "gold_lm": 3.044208526611328, "replay_lm": 2.614806652069092, "batch_accuracy": 0.46875, "gradient_norm": 9.999906539916992}
{"time": "2026-10-01T01:52:36.900267+00:00", "event": "train", "step": 6550, "epoch": 3, "lr": 1.2093085821899387e-06, "loss": 2.5322422981262207, "choice_ce": 0.7293229103088379, "gold_lm": 2.7703826427459717, "replay_lm": 2.949970245361328, "batch_accuracy": 0.75, "gradient_norm": 5.38810396194458}
{"time": "2026-10-01T01:52:40.744763+00:00", "event": "train", "step": 6600, "epoch": 3, "lr": 1.142050040355125e-06, "loss": 2.4599661827087402, "choice_ce": 0.7445814609527588, "gold_lm": 2.7334165573120117, "replay_lm": 2.808642625808716, "batch_accuracy": 0.65625, "gradient_norm": 7.47559928894043}
{"time": "2026-10-01T01:52:44.588235+00:00", "event": "train", "step": 6650, "epoch": 3, "lr": 1.0747914985203124e-06, "loss": 2.6605098247528076, "choice_ce": 0.8429170846939087, "gold_lm": 2.7618155479431152, "replay_lm": 3.0971946716308594, "batch_accuracy": 0.71875, "gradient_norm": 7.553499221801758}
{"time": "2026-10-01T01:52:48.491582+00:00", "event": "train", "step": 6700, "epoch": 3, "lr": 1.0075329566854997e-06, "loss": 2.7506661415100098, "choice_ce": 0.877479612827301, "gold_lm": 2.8855645656585693, "replay_lm": 3.181070327758789, "batch_accuracy": 0.65625, "gradient_norm": 7.343883991241455}
{"time": "2026-10-01T01:52:52.309634+00:00", "event": "train", "step": 6750, "epoch": 3, "lr": 9.40274414850686e-07, "loss": 2.395256996154785, "choice_ce": 0.6375497579574585, "gold_lm": 2.819995403289795, "replay_lm": 2.742966651916504, "batch_accuracy": 0.5625, "gradient_norm": 5.6597723960876465}
{"time": "2026-10-01T01:52:56.157604+00:00", "event": "train", "step": 6800, "epoch": 3, "lr": 8.730158730158733e-07, "loss": 2.501467704772949, "choice_ce": 0.6064882278442383, "gold_lm": 2.787989377975464, "replay_lm": 3.0024521350860596, "batch_accuracy": 0.6875, "gradient_norm": 4.879194736480713}
{"time": "2026-10-01T01:52:59.975085+00:00", "event": "train", "step": 6850, "epoch": 3, "lr": 8.057573311810596e-07, "loss": 2.45505428314209, "choice_ce": 0.6013860106468201, "gold_lm": 2.6656482219696045, "replay_lm": 2.975898265838623, "batch_accuracy": 0.6875, "gradient_norm": 5.8914103507995605}
{"time": "2026-10-01T01:53:03.853019+00:00", "event": "train", "step": 6900, "epoch": 3, "lr": 7.38498789346247e-07, "loss": 2.6149463653564453, "choice_ce": 0.8566854596138, "gold_lm": 2.8102126121520996, "replay_lm": 2.9681010246276855, "batch_accuracy": 0.65625, "gradient_norm": 6.536638259887695}
{"time": "2026-10-01T01:53:07.677038+00:00", "event": "train", "step": 6950, "epoch": 3, "lr": 6.712402475114344e-07, "loss": 2.5898780822753906, "choice_ce": 1.0445866584777832, "gold_lm": 2.6428463459014893, "replay_lm": 2.813746452331543, "batch_accuracy": 0.59375, "gradient_norm": 6.846107006072998}
{"time": "2026-10-01T01:53:11.514985+00:00", "event": "train", "step": 7000, "epoch": 3, "lr": 6.039817056766206e-07, "loss": 2.590681791305542, "choice_ce": 0.7790433168411255, "gold_lm": 2.70784854888916, "replay_lm": 3.048396110534668, "batch_accuracy": 0.65625, "gradient_norm": 6.592818260192871}
{"time": "2026-10-01T01:53:15.373237+00:00", "event": "train", "step": 7050, "epoch": 3, "lr": 5.36723163841808e-07, "loss": 2.6091394424438477, "choice_ce": 0.9091629981994629, "gold_lm": 2.7954463958740234, "replay_lm": 2.9113929271698, "batch_accuracy": 0.5625, "gradient_norm": 7.793642044067383}
{"time": "2026-10-01T01:53:19.245281+00:00", "event": "train", "step": 7100, "epoch": 3, "lr": 4.694646220069954e-07, "loss": 2.6716060638427734, "choice_ce": 0.7207832336425781, "gold_lm": 2.9153928756713867, "replay_lm": 3.1647324562072754, "batch_accuracy": 0.59375, "gradient_norm": 8.880905151367188}
{"time": "2026-10-01T01:53:23.112454+00:00", "event": "train", "step": 7150, "epoch": 3, "lr": 4.0220608017218165e-07, "loss": 2.926572322845459, "choice_ce": 1.398818016052246, "gold_lm": 2.8166942596435547, "replay_lm": 3.0459794998168945, "batch_accuracy": 0.5625, "gradient_norm": 10.230134963989258}
{"time": "2026-10-01T01:53:26.943910+00:00", "event": "train", "step": 7200, "epoch": 3, "lr": 3.34947538337369e-07, "loss": 2.8121519088745117, "choice_ce": 0.8188623189926147, "gold_lm": 2.836132526397705, "replay_lm": 3.3873753547668457, "batch_accuracy": 0.625, "gradient_norm": 6.753642559051514}
{"time": "2026-10-01T01:53:30.808590+00:00", "event": "train", "step": 7250, "epoch": 3, "lr": 2.6768899650255534e-07, "loss": 2.490037441253662, "choice_ce": 0.6716141700744629, "gold_lm": 2.7087817192077637, "replay_lm": 2.9540700912475586, "batch_accuracy": 0.6875, "gradient_norm": 5.965634346008301}
{"time": "2026-10-01T01:53:34.646651+00:00", "event": "train", "step": 7300, "epoch": 3, "lr": 2.0043045466774268e-07, "loss": 2.5755319595336914, "choice_ce": 0.8877488374710083, "gold_lm": 2.8380203247070312, "replay_lm": 2.8443048000335693, "batch_accuracy": 0.53125, "gradient_norm": 5.1522746086120605}
{"time": "2026-10-01T01:53:38.488070+00:00", "event": "train", "step": 7350, "epoch": 3, "lr": 1.3317191283293008e-07, "loss": 2.6290931701660156, "choice_ce": 0.7234292030334473, "gold_lm": 2.8333163261413574, "replay_lm": 3.118098735809326, "batch_accuracy": 0.59375, "gradient_norm": 9.223745346069336}
{"time": "2026-10-01T01:53:42.331978+00:00", "event": "train", "step": 7400, "epoch": 3, "lr": 6.591337099811634e-08, "loss": 2.4849328994750977, "choice_ce": 0.8855690956115723, "gold_lm": 2.744609832763672, "replay_lm": 2.711992025375366, "batch_accuracy": 0.5625, "gradient_norm": 6.991707801818848}
Writing model shards:   0%|          | 0/1 [00:00<?, ?it/s]Writing model shards: 100%|██████████| 1/1 [00:00<00:00,  5.32it/s]Writing model shards: 100%|██████████| 1/1 [00:00<00:00,  5.32it/s]
{"time": "2026-10-01T01:53:46.424075+00:00", "event": "export", "epoch": 3, "step": 7449, "path": "/data/team_a/dave-workspace/Global Innovation Build Challenge V2/v2/runs/task_tune_lr1e-5_r0.5_rerun/epoch_3/export", "model_sha256": "cdc02e5b096c6b84118c74d3202d8dae7cde19c9cc478b49223c34febbb888eb"}
{"time": "2026-10-01T01:53:46.424547+00:00", "event": "finished", "steps": 7449, "counters": {"questions": 238275, "candidate_sequences": 684387, "task_input_tokens": 41183073, "replay_targets": 61022208}, "replay_source_tokens": {"dclm": 21307392, "edu": 18168832, "targeted": 9189376, "wiki": 6160384, "stackexchange": 3088384, "books": 3107840}, "seconds": 575.3960092347115}
