Loading weights:   0%|          | 0/110 [00:00<?, ?it/s]Loading weights: 100%|██████████| 110/110 [00:00<00:00, 8353.98it/s]
{"time": "2026-10-01T01:23:13.452466+00:00", "event": "started", "total_updates": 7449, "updates_per_epoch": 2483, "train_items": 79425}
/data/team_a/dave-workspace/Global Innovation Build Challenge V2/src/scglm_v2/task_tune.py:283: UserWarning: Converting a tensor with requires_grad=True to a scalar may lead to unexpected behavior.
Consider using tensor.detach() first. (Triggered internally at /pytorch/torch/csrc/autograd/generated/python_variable_methods.cpp:836.)
  event(log, "train", step=step, epoch=epoch, lr=lr, loss=float(loss),
{"time": "2026-10-01T01:23:14.216829+00:00", "event": "train", "step": 1, "epoch": 1, "lr": 1.3333333333333334e-06, "loss": 3.12475848197937, "choice_ce": 1.6880710124969482, "gold_lm": 3.180330991744995, "replay_lm": 2.971280574798584, "batch_accuracy": 0.46875, "gradient_norm": 6.491796970367432}
{"time": "2026-10-01T01:23:25.665128+00:00", "event": "train", "step": 50, "epoch": 1, "lr": 1.9905838041431264e-05, "loss": 3.018606185913086, "choice_ce": 1.462944507598877, "gold_lm": 3.1254093647003174, "replay_lm": 3.011563539505005, "batch_accuracy": 0.46875, "gradient_norm": 4.997838973999023}
{"time": "2026-10-01T01:23:37.614169+00:00", "event": "train", "step": 100, "epoch": 1, "lr": 1.9771320957761637e-05, "loss": 2.77158784866333, "choice_ce": 1.3136882781982422, "gold_lm": 2.8461475372314453, "replay_lm": 2.8064138889312744, "batch_accuracy": 0.625, "gradient_norm": 4.776188373565674}
{"time": "2026-10-01T01:23:49.284870+00:00", "event": "train", "step": 150, "epoch": 1, "lr": 1.963680387409201e-05, "loss": 3.355489730834961, "choice_ce": 2.316617012023926, "gold_lm": 2.979623317718506, "replay_lm": 2.904550552368164, "batch_accuracy": 0.40625, "gradient_norm": 6.4290771484375}
{"time": "2026-10-01T01:24:00.893476+00:00", "event": "train", "step": 200, "epoch": 1, "lr": 1.9502286790422384e-05, "loss": 2.7769570350646973, "choice_ce": 1.102811574935913, "gold_lm": 3.0340659618377686, "replay_lm": 2.9340693950653076, "batch_accuracy": 0.53125, "gradient_norm": 4.181501388549805}
{"time": "2026-10-01T01:24:12.884644+00:00", "event": "train", "step": 250, "epoch": 1, "lr": 1.9367769706752758e-05, "loss": 2.6639440059661865, "choice_ce": 0.974125862121582, "gold_lm": 2.9700124263763428, "replay_lm": 2.86875581741333, "batch_accuracy": 0.46875, "gradient_norm": 4.6165571212768555}
{"time": "2026-10-01T01:24:24.666410+00:00", "event": "train", "step": 300, "epoch": 1, "lr": 1.9233252623083135e-05, "loss": 3.073479652404785, "choice_ce": 1.7594399452209473, "gold_lm": 2.85599684715271, "replay_lm": 2.9595205783843994, "batch_accuracy": 0.375, "gradient_norm": 5.4536566734313965}
{"time": "2026-10-01T01:24:36.356877+00:00", "event": "train", "step": 350, "epoch": 1, "lr": 1.9098735539413508e-05, "loss": 2.866964817047119, "choice_ce": 1.4521229267120361, "gold_lm": 2.841923952102661, "replay_lm": 2.860844373703003, "batch_accuracy": 0.53125, "gradient_norm": 5.733241558074951}
{"time": "2026-10-01T01:24:48.037783+00:00", "event": "train", "step": 400, "epoch": 1, "lr": 1.896421845574388e-05, "loss": 3.0684540271759033, "choice_ce": 1.6195883750915527, "gold_lm": 2.8977317810058594, "replay_lm": 3.068453788757324, "batch_accuracy": 0.5, "gradient_norm": 5.628094673156738}
{"time": "2026-10-01T01:24:59.868952+00:00", "event": "train", "step": 450, "epoch": 1, "lr": 1.8829701372074255e-05, "loss": 3.0990355014801025, "choice_ce": 1.6347953081130981, "gold_lm": 2.872628927230835, "replay_lm": 3.1269612312316895, "batch_accuracy": 0.4375, "gradient_norm": 6.184022903442383}
{"time": "2026-10-01T01:25:11.396611+00:00", "event": "train", "step": 500, "epoch": 1, "lr": 1.869518428840463e-05, "loss": 2.7171430587768555, "choice_ce": 1.0714689493179321, "gold_lm": 2.8879294395446777, "replay_lm": 2.9188523292541504, "batch_accuracy": 0.5625, "gradient_norm": 5.93367862701416}
{"time": "2026-10-01T01:25:23.091754+00:00", "event": "train", "step": 550, "epoch": 1, "lr": 1.8560667204735002e-05, "loss": 2.8590433597564697, "choice_ce": 1.4743359088897705, "gold_lm": 2.8698034286499023, "replay_lm": 2.8088490962982178, "batch_accuracy": 0.34375, "gradient_norm": 6.073683261871338}
{"time": "2026-10-01T01:25:34.809373+00:00", "event": "train", "step": 600, "epoch": 1, "lr": 1.8426150121065375e-05, "loss": 2.6886799335479736, "choice_ce": 1.0492154359817505, "gold_lm": 2.8148059844970703, "replay_lm": 2.920741558074951, "batch_accuracy": 0.53125, "gradient_norm": 5.058330059051514}
{"time": "2026-10-01T01:25:46.390239+00:00", "event": "train", "step": 650, "epoch": 1, "lr": 1.8291633037395752e-05, "loss": 2.838832139968872, "choice_ce": 1.0232658386230469, "gold_lm": 3.039403200149536, "replay_lm": 3.1346969604492188, "batch_accuracy": 0.5, "gradient_norm": 5.212362766265869}
{"time": "2026-10-01T01:25:58.055518+00:00", "event": "train", "step": 700, "epoch": 1, "lr": 1.8157115953726126e-05, "loss": 2.608841896057129, "choice_ce": 1.0761468410491943, "gold_lm": 2.6445584297180176, "replay_lm": 2.819257974624634, "batch_accuracy": 0.46875, "gradient_norm": 5.863961219787598}
{"time": "2026-10-01T01:26:09.823248+00:00", "event": "train", "step": 750, "epoch": 1, "lr": 1.80225988700565e-05, "loss": 3.111448287963867, "choice_ce": 1.8616292476654053, "gold_lm": 2.772634267807007, "replay_lm": 2.9749503135681152, "batch_accuracy": 0.4375, "gradient_norm": 7.025540351867676}
{"time": "2026-10-01T01:26:21.557975+00:00", "event": "train", "step": 800, "epoch": 1, "lr": 1.7888081786386873e-05, "loss": 2.7131447792053223, "choice_ce": 0.9735088348388672, "gold_lm": 2.562756061553955, "replay_lm": 3.171402931213379, "batch_accuracy": 0.5625, "gradient_norm": 5.13014554977417}
{"time": "2026-10-01T01:26:33.316769+00:00", "event": "train", "step": 850, "epoch": 1, "lr": 1.7753564702717246e-05, "loss": 2.8766493797302246, "choice_ce": 1.32659113407135, "gold_lm": 2.972271680831909, "replay_lm": 2.9405717849731445, "batch_accuracy": 0.4375, "gradient_norm": 5.300708293914795}
{"time": "2026-10-01T01:26:43.874989+00:00", "event": "train", "step": 900, "epoch": 1, "lr": 1.761904761904762e-05, "loss": 2.758080005645752, "choice_ce": 1.1905447244644165, "gold_lm": 2.746924638748169, "replay_lm": 2.952152729034424, "batch_accuracy": 0.4375, "gradient_norm": 4.7311506271362305}
{"time": "2026-10-01T01:26:51.566250+00:00", "event": "train", "step": 950, "epoch": 1, "lr": 1.7484530535377996e-05, "loss": 2.8452999591827393, "choice_ce": 1.1025222539901733, "gold_lm": 2.9276421070098877, "replay_lm": 3.1242566108703613, "batch_accuracy": 0.65625, "gradient_norm": 5.527138710021973}
{"time": "2026-10-01T01:26:59.278428+00:00", "event": "train", "step": 1000, "epoch": 1, "lr": 1.735001345170837e-05, "loss": 2.8514935970306396, "choice_ce": 1.2849516868591309, "gold_lm": 2.753638982772827, "replay_lm": 3.0412158966064453, "batch_accuracy": 0.46875, "gradient_norm": 6.908609867095947}
{"time": "2026-10-01T01:27:07.062131+00:00", "event": "train", "step": 1050, "epoch": 1, "lr": 1.7215496368038743e-05, "loss": 2.6240546703338623, "choice_ce": 1.0131537914276123, "gold_lm": 2.9469873905181885, "replay_lm": 2.7614617347717285, "batch_accuracy": 0.625, "gradient_norm": 5.679830074310303}
{"time": "2026-10-01T01:27:14.854149+00:00", "event": "train", "step": 1100, "epoch": 1, "lr": 1.7080979284369117e-05, "loss": 2.6971752643585205, "choice_ce": 0.8978931903839111, "gold_lm": 2.8374741077423096, "replay_lm": 3.0777201652526855, "batch_accuracy": 0.40625, "gradient_norm": 5.434028625488281}
{"time": "2026-10-01T01:27:22.641801+00:00", "event": "train", "step": 1150, "epoch": 1, "lr": 1.694646220069949e-05, "loss": 3.1640706062316895, "choice_ce": 1.4246602058410645, "gold_lm": 2.9801230430603027, "replay_lm": 3.413419246673584, "batch_accuracy": 0.21875, "gradient_norm": 5.854989528656006}
{"time": "2026-10-01T01:27:30.542490+00:00", "event": "train", "step": 1200, "epoch": 1, "lr": 1.6811945117029864e-05, "loss": 2.6446452140808105, "choice_ce": 0.923290491104126, "gold_lm": 2.871532917022705, "replay_lm": 2.9302334785461426, "batch_accuracy": 0.5, "gradient_norm": 5.6326093673706055}
{"time": "2026-10-01T01:27:38.382369+00:00", "event": "train", "step": 1250, "epoch": 1, "lr": 1.6677428033360237e-05, "loss": 2.8319942951202393, "choice_ce": 1.2804608345031738, "gold_lm": 2.8688199520111084, "replay_lm": 2.949117660522461, "batch_accuracy": 0.59375, "gradient_norm": 7.086257457733154}
{"time": "2026-10-01T01:27:46.344947+00:00", "event": "train", "step": 1300, "epoch": 1, "lr": 1.654291094969061e-05, "loss": 3.1649177074432373, "choice_ce": 1.8437893390655518, "gold_lm": 3.0799202919006348, "replay_lm": 2.9460859298706055, "batch_accuracy": 0.34375, "gradient_norm": 6.92013692855835}
{"time": "2026-10-01T01:27:54.108956+00:00", "event": "train", "step": 1350, "epoch": 1, "lr": 1.6408393866020988e-05, "loss": 2.62758731842041, "choice_ce": 0.9782860279083252, "gold_lm": 2.9224064350128174, "replay_lm": 2.815685272216797, "batch_accuracy": 0.4375, "gradient_norm": 5.666762351989746}
{"time": "2026-10-01T01:28:01.766853+00:00", "event": "train", "step": 1400, "epoch": 1, "lr": 1.6273876782351358e-05, "loss": 2.9750328063964844, "choice_ce": 1.18115234375, "gold_lm": 2.795344352722168, "replay_lm": 3.3712410926818848, "batch_accuracy": 0.34375, "gradient_norm": 6.1336588859558105}
{"time": "2026-10-01T01:28:09.617975+00:00", "event": "train", "step": 1450, "epoch": 1, "lr": 1.6139359698681735e-05, "loss": 3.150596857070923, "choice_ce": 1.8924994468688965, "gold_lm": 2.84433650970459, "replay_lm": 2.9865260124206543, "batch_accuracy": 0.53125, "gradient_norm": 9.395745277404785}
{"time": "2026-10-01T01:28:17.601138+00:00", "event": "train", "step": 1500, "epoch": 1, "lr": 1.6004842615012108e-05, "loss": 2.8868861198425293, "choice_ce": 1.1920050382614136, "gold_lm": 2.943462371826172, "replay_lm": 3.1100358963012695, "batch_accuracy": 0.375, "gradient_norm": 7.14316463470459}
{"time": "2026-10-01T01:28:25.306945+00:00", "event": "train", "step": 1550, "epoch": 1, "lr": 1.587032553134248e-05, "loss": 2.915862560272217, "choice_ce": 1.2523845434188843, "gold_lm": 2.9404456615448, "replay_lm": 3.1091179847717285, "batch_accuracy": 0.4375, "gradient_norm": 6.3923492431640625}
{"time": "2026-10-01T01:28:32.932709+00:00", "event": "train", "step": 1600, "epoch": 1, "lr": 1.5735808447672855e-05, "loss": 2.6675491333007812, "choice_ce": 1.2159407138824463, "gold_lm": 2.7840352058410645, "replay_lm": 2.727139711380005, "batch_accuracy": 0.46875, "gradient_norm": 7.6185197830200195}
{"time": "2026-10-01T01:28:40.586624+00:00", "event": "train", "step": 1650, "epoch": 1, "lr": 1.5601291364003232e-05, "loss": 3.089562177658081, "choice_ce": 1.1764516830444336, "gold_lm": 2.9456114768981934, "replay_lm": 3.529866933822632, "batch_accuracy": 0.46875, "gradient_norm": 5.891844749450684}
{"time": "2026-10-01T01:28:48.254081+00:00", "event": "train", "step": 1700, "epoch": 1, "lr": 1.5466774280333602e-05, "loss": 2.6536967754364014, "choice_ce": 0.8608901500701904, "gold_lm": 2.7465426921844482, "replay_lm": 3.0732321739196777, "batch_accuracy": 0.53125, "gradient_norm": 5.520129680633545}
{"time": "2026-10-01T01:28:56.036240+00:00", "event": "train", "step": 1750, "epoch": 1, "lr": 1.533225719666398e-05, "loss": 2.7093114852905273, "choice_ce": 1.0038082599639893, "gold_lm": 2.82326340675354, "replay_lm": 3.003182888031006, "batch_accuracy": 0.5, "gradient_norm": 5.343844413757324}
{"time": "2026-10-01T01:29:03.745899+00:00", "event": "train", "step": 1800, "epoch": 1, "lr": 1.5197740112994352e-05, "loss": 2.8249473571777344, "choice_ce": 0.9610146284103394, "gold_lm": 2.8280816078186035, "replay_lm": 3.2748396396636963, "batch_accuracy": 0.625, "gradient_norm": 5.383367538452148}
{"time": "2026-10-01T01:29:11.772987+00:00", "event": "train", "step": 1850, "epoch": 1, "lr": 1.5063223029324726e-05, "loss": 2.9310288429260254, "choice_ce": 1.3234483003616333, "gold_lm": 2.8113443851470947, "replay_lm": 3.13293719291687, "batch_accuracy": 0.4375, "gradient_norm": 7.830987930297852}
{"time": "2026-10-01T01:29:19.392601+00:00", "event": "train", "step": 1900, "epoch": 1, "lr": 1.49287059456551e-05, "loss": 2.7830958366394043, "choice_ce": 1.1465346813201904, "gold_lm": 2.894925117492676, "replay_lm": 2.972194194793701, "batch_accuracy": 0.375, "gradient_norm": 7.300394058227539}
{"time": "2026-10-01T01:29:27.116290+00:00", "event": "train", "step": 1950, "epoch": 1, "lr": 1.4794188861985474e-05, "loss": 2.7812352180480957, "choice_ce": 1.2476149797439575, "gold_lm": 2.828727960586548, "replay_lm": 2.900491237640381, "batch_accuracy": 0.4375, "gradient_norm": 6.457546234130859}
{"time": "2026-10-01T01:29:34.862175+00:00", "event": "train", "step": 2000, "epoch": 1, "lr": 1.4659671778315848e-05, "loss": 2.708808422088623, "choice_ce": 1.150515079498291, "gold_lm": 2.8498871326446533, "replay_lm": 2.842158317565918, "batch_accuracy": 0.53125, "gradient_norm": 7.398168563842773}
{"time": "2026-10-01T01:29:42.617694+00:00", "event": "train", "step": 2050, "epoch": 1, "lr": 1.452515469464622e-05, "loss": 2.701500415802002, "choice_ce": 1.3317558765411377, "gold_lm": 2.7859835624694824, "replay_lm": 2.678253173828125, "batch_accuracy": 0.53125, "gradient_norm": 7.328461170196533}
{"time": "2026-10-01T01:29:50.313846+00:00", "event": "train", "step": 2100, "epoch": 1, "lr": 1.4390637610976597e-05, "loss": 2.836251735687256, "choice_ce": 1.3881661891937256, "gold_lm": 2.665937662124634, "replay_lm": 2.9513683319091797, "batch_accuracy": 0.46875, "gradient_norm": 7.23919153213501}
{"time": "2026-10-01T01:29:58.002778+00:00", "event": "train", "step": 2150, "epoch": 1, "lr": 1.4256120527306968e-05, "loss": 2.6828060150146484, "choice_ce": 1.0623085498809814, "gold_lm": 2.739215612411499, "replay_lm": 2.9336957931518555, "batch_accuracy": 0.46875, "gradient_norm": 7.159235000610352}
{"time": "2026-10-01T01:30:05.933829+00:00", "event": "train", "step": 2200, "epoch": 1, "lr": 1.4121603443637342e-05, "loss": 2.617115020751953, "choice_ce": 0.980877161026001, "gold_lm": 2.716154098510742, "replay_lm": 2.895275831222534, "batch_accuracy": 0.59375, "gradient_norm": 5.931453704833984}
{"time": "2026-10-01T01:30:13.683500+00:00", "event": "train", "step": 2250, "epoch": 1, "lr": 1.3987086359967719e-05, "loss": 2.734884738922119, "choice_ce": 1.1882537603378296, "gold_lm": 2.9786198139190674, "replay_lm": 2.792205810546875, "batch_accuracy": 0.5625, "gradient_norm": 6.967408180236816}
{"time": "2026-10-01T01:30:21.540195+00:00", "event": "train", "step": 2300, "epoch": 1, "lr": 1.385256927629809e-05, "loss": 2.6376261711120605, "choice_ce": 0.9051535129547119, "gold_lm": 2.9273681640625, "replay_lm": 2.9064149856567383, "batch_accuracy": 0.59375, "gradient_norm": 6.399857997894287}
{"time": "2026-10-01T01:30:29.182672+00:00", "event": "train", "step": 2350, "epoch": 1, "lr": 1.3718052192628464e-05, "loss": 2.513070821762085, "choice_ce": 0.894809901714325, "gold_lm": 2.857800006866455, "replay_lm": 2.7024316787719727, "batch_accuracy": 0.65625, "gradient_norm": 7.105664253234863}
{"time": "2026-10-01T01:30:36.897085+00:00", "event": "train", "step": 2400, "epoch": 1, "lr": 1.3583535108958839e-05, "loss": 2.8193256855010986, "choice_ce": 1.2255882024765015, "gold_lm": 2.915908098220825, "replay_lm": 2.955109119415283, "batch_accuracy": 0.59375, "gradient_norm": 5.2589335441589355}
{"time": "2026-10-01T01:30:44.693995+00:00", "event": "train", "step": 2450, "epoch": 1, "lr": 1.3449018025289213e-05, "loss": 2.9007749557495117, "choice_ce": 0.9842981100082397, "gold_lm": 2.9033117294311523, "replay_lm": 3.365595817565918, "batch_accuracy": 0.4375, "gradient_norm": 6.362017631530762}
Writing model shards:   0%|          | 0/1 [00:00<?, ?it/s]Writing model shards: 100%|██████████| 1/1 [00:00<00:00,  5.45it/s]Writing model shards: 100%|██████████| 1/1 [00:00<00:00,  5.44it/s]
{"time": "2026-10-01T01:30:49.642865+00:00", "event": "export", "epoch": 1, "step": 2483, "path": "/data/team_a/dave-workspace/Global Innovation Build Challenge V2/v2/runs/task_tune_lr2e-5_r0.5/epoch_1/export", "model_sha256": "c3e434d57a098a5dc94595246c6db691c67cc6f5dfe75d1be300ea3b55a496c9"}
{"time": "2026-10-01T01:30:52.289018+00:00", "event": "train", "step": 2500, "epoch": 2, "lr": 1.3314500941619586e-05, "loss": 2.847945213317871, "choice_ce": 0.8796474933624268, "gold_lm": 2.7170846462249756, "replay_lm": 3.4577009677886963, "batch_accuracy": 0.6875, "gradient_norm": 5.721479415893555}
{"time": "2026-10-01T01:30:59.984698+00:00", "event": "train", "step": 2550, "epoch": 2, "lr": 1.3179983857949961e-05, "loss": 2.644015073776245, "choice_ce": 0.9393041729927063, "gold_lm": 2.809089183807373, "replay_lm": 2.944181442260742, "batch_accuracy": 0.5625, "gradient_norm": 5.95164155960083}
{"time": "2026-10-01T01:31:07.777532+00:00", "event": "train", "step": 2600, "epoch": 2, "lr": 1.3045466774280335e-05, "loss": 2.5722970962524414, "choice_ce": 0.9811285734176636, "gold_lm": 2.787672758102417, "replay_lm": 2.76962947845459, "batch_accuracy": 0.46875, "gradient_norm": 7.1517462730407715}
{"time": "2026-10-01T01:31:15.418235+00:00", "event": "train", "step": 2650, "epoch": 2, "lr": 1.2910949690610708e-05, "loss": 2.482370138168335, "choice_ce": 0.7549370527267456, "gold_lm": 2.7274651527404785, "replay_lm": 2.8460707664489746, "batch_accuracy": 0.6875, "gradient_norm": 4.818118095397949}
{"time": "2026-10-01T01:31:23.043822+00:00", "event": "train", "step": 2700, "epoch": 2, "lr": 1.2776432606941083e-05, "loss": 2.6668403148651123, "choice_ce": 0.8209165334701538, "gold_lm": 2.686607837677002, "replay_lm": 3.1694602966308594, "batch_accuracy": 0.625, "gradient_norm": 5.509765625}
{"time": "2026-10-01T01:31:30.954219+00:00", "event": "train", "step": 2750, "epoch": 2, "lr": 1.2641915523271457e-05, "loss": 2.560887575149536, "choice_ce": 0.8093603253364563, "gold_lm": 2.691610097885132, "replay_lm": 2.9666097164154053, "batch_accuracy": 0.5625, "gradient_norm": 5.3660736083984375}
{"time": "2026-10-01T01:31:38.770907+00:00", "event": "train", "step": 2800, "epoch": 2, "lr": 1.250739843960183e-05, "loss": 2.532032012939453, "choice_ce": 0.8153045773506165, "gold_lm": 2.7097747325897217, "replay_lm": 2.893871784210205, "batch_accuracy": 0.65625, "gradient_norm": 4.914810657501221}
{"time": "2026-10-01T01:31:46.576968+00:00", "event": "train", "step": 2850, "epoch": 2, "lr": 1.2372881355932205e-05, "loss": 2.720308780670166, "choice_ce": 0.7647664546966553, "gold_lm": 2.776106357574463, "replay_lm": 3.2877981662750244, "batch_accuracy": 0.6875, "gradient_norm": 6.048793315887451}
{"time": "2026-10-01T01:31:54.357392+00:00", "event": "train", "step": 2900, "epoch": 2, "lr": 1.2238364272262579e-05, "loss": 2.4873154163360596, "choice_ce": 0.6879208087921143, "gold_lm": 2.6907341480255127, "replay_lm": 2.941342830657959, "batch_accuracy": 0.5625, "gradient_norm": 4.808403491973877}
{"time": "2026-10-01T01:32:02.160071+00:00", "event": "train", "step": 2950, "epoch": 2, "lr": 1.2103847188592952e-05, "loss": 2.558725357055664, "choice_ce": 0.7713609337806702, "gold_lm": 2.6700873374938965, "replay_lm": 3.0110459327697754, "batch_accuracy": 0.65625, "gradient_norm": 7.241119861602783}
{"time": "2026-10-01T01:32:09.990218+00:00", "event": "train", "step": 3000, "epoch": 2, "lr": 1.1969330104923324e-05, "loss": 2.630983829498291, "choice_ce": 0.8703635931015015, "gold_lm": 2.7017455101013184, "replay_lm": 3.040731430053711, "batch_accuracy": 0.6875, "gradient_norm": 6.1063618659973145}
{"time": "2026-10-01T01:32:17.759686+00:00", "event": "train", "step": 3050, "epoch": 2, "lr": 1.1834813021253701e-05, "loss": 2.7863736152648926, "choice_ce": 1.1039544343948364, "gold_lm": 2.845203161239624, "replay_lm": 3.0461912155151367, "batch_accuracy": 0.5625, "gradient_norm": 8.878661155700684}
{"time": "2026-10-01T01:32:25.572683+00:00", "event": "train", "step": 3100, "epoch": 2, "lr": 1.1700295937584075e-05, "loss": 2.5609490871429443, "choice_ce": 0.8068833351135254, "gold_lm": 2.7554361820220947, "replay_lm": 2.9372968673706055, "batch_accuracy": 0.625, "gradient_norm": 4.658052921295166}
{"time": "2026-10-01T01:32:33.560294+00:00", "event": "train", "step": 3150, "epoch": 2, "lr": 1.1565778853914446e-05, "loss": 2.6332144737243652, "choice_ce": 0.7947205901145935, "gold_lm": 2.6880266666412354, "replay_lm": 3.127695322036743, "batch_accuracy": 0.65625, "gradient_norm": 5.903709411621094}
{"time": "2026-10-01T01:32:41.412477+00:00", "event": "train", "step": 3200, "epoch": 2, "lr": 1.1431261770244823e-05, "loss": 2.818295478820801, "choice_ce": 1.1945462226867676, "gold_lm": 2.641820192337036, "replay_lm": 3.1211347579956055, "batch_accuracy": 0.59375, "gradient_norm": 6.324098587036133}
{"time": "2026-10-01T01:32:49.155711+00:00", "event": "train", "step": 3250, "epoch": 2, "lr": 1.1296744686575197e-05, "loss": 2.423161506652832, "choice_ce": 0.7148919105529785, "gold_lm": 2.55711030960083, "replay_lm": 2.8528761863708496, "batch_accuracy": 0.8125, "gradient_norm": 5.610788822174072}
{"time": "2026-10-01T01:32:56.926260+00:00", "event": "train", "step": 3300, "epoch": 2, "lr": 1.1162227602905568e-05, "loss": 2.53587007522583, "choice_ce": 0.7164515256881714, "gold_lm": 2.7378318309783936, "replay_lm": 2.986372470855713, "batch_accuracy": 0.6875, "gradient_norm": 5.495637893676758}
{"time": "2026-10-01T01:33:04.594293+00:00", "event": "train", "step": 3350, "epoch": 2, "lr": 1.1027710519235944e-05, "loss": 2.4878103733062744, "choice_ce": 0.8242357969284058, "gold_lm": 2.6579456329345703, "replay_lm": 2.8224120140075684, "batch_accuracy": 0.5625, "gradient_norm": 6.01220178604126}
{"time": "2026-10-01T01:33:12.252917+00:00", "event": "train", "step": 3400, "epoch": 2, "lr": 1.0893193435566319e-05, "loss": 2.4293699264526367, "choice_ce": 0.8131293058395386, "gold_lm": 2.667755126953125, "replay_lm": 2.711733102798462, "batch_accuracy": 0.75, "gradient_norm": 6.977239608764648}
{"time": "2026-10-01T01:33:20.073998+00:00", "event": "train", "step": 3450, "epoch": 2, "lr": 1.075867635189669e-05, "loss": 2.6162266731262207, "choice_ce": 0.7929972410202026, "gold_lm": 2.678398847579956, "replay_lm": 3.1002564430236816, "batch_accuracy": 0.625, "gradient_norm": 5.750589847564697}
{"time": "2026-10-01T01:33:27.915669+00:00", "event": "train", "step": 3500, "epoch": 2, "lr": 1.0624159268227066e-05, "loss": 2.774293899536133, "choice_ce": 1.094175100326538, "gold_lm": 2.821892499923706, "replay_lm": 3.043466329574585, "batch_accuracy": 0.65625, "gradient_norm": 7.395564556121826}
{"time": "2026-10-01T01:33:35.858338+00:00", "event": "train", "step": 3550, "epoch": 2, "lr": 1.0489642184557441e-05, "loss": 2.488353967666626, "choice_ce": 0.8319418430328369, "gold_lm": 2.727163553237915, "replay_lm": 2.781184196472168, "batch_accuracy": 0.59375, "gradient_norm": 7.367871284484863}
{"time": "2026-10-01T01:33:43.583733+00:00", "event": "train", "step": 3600, "epoch": 2, "lr": 1.0355125100887813e-05, "loss": 2.5110669136047363, "choice_ce": 0.9134411215782166, "gold_lm": 2.7604124546051025, "replay_lm": 2.7284865379333496, "batch_accuracy": 0.53125, "gradient_norm": 5.194751262664795}
{"time": "2026-10-01T01:33:51.209994+00:00", "event": "train", "step": 3650, "epoch": 2, "lr": 1.0220608017218188e-05, "loss": 2.6098413467407227, "choice_ce": 0.7759527564048767, "gold_lm": 2.860018253326416, "replay_lm": 3.0137205123901367, "batch_accuracy": 0.625, "gradient_norm": 6.503736972808838}
{"time": "2026-10-01T01:33:58.961809+00:00", "event": "train", "step": 3700, "epoch": 2, "lr": 1.0086090933548563e-05, "loss": 2.4073667526245117, "choice_ce": 0.5579751133918762, "gold_lm": 2.752793073654175, "replay_lm": 2.880361557006836, "batch_accuracy": 0.71875, "gradient_norm": 4.866718769073486}
{"time": "2026-10-01T01:34:06.659633+00:00", "event": "train", "step": 3750, "epoch": 2, "lr": 9.951573849878935e-06, "loss": 2.5362133979797363, "choice_ce": 0.6513078212738037, "gold_lm": 2.8717234134674072, "replay_lm": 2.985257387161255, "batch_accuracy": 0.5, "gradient_norm": 5.655576229095459}
{"time": "2026-10-01T01:34:14.398597+00:00", "event": "train", "step": 3800, "epoch": 2, "lr": 9.81705676620931e-06, "loss": 2.5771484375, "choice_ce": 0.8104844093322754, "gold_lm": 2.8641209602355957, "replay_lm": 2.9117517471313477, "batch_accuracy": 0.5, "gradient_norm": 5.7288713455200195}
{"time": "2026-10-01T01:34:22.129433+00:00", "event": "train", "step": 3850, "epoch": 2, "lr": 9.682539682539682e-06, "loss": 2.839756965637207, "choice_ce": 1.1558094024658203, "gold_lm": 2.6705591678619385, "replay_lm": 3.188425064086914, "batch_accuracy": 0.65625, "gradient_norm": 9.11892032623291}
{"time": "2026-10-01T01:34:30.144181+00:00", "event": "train", "step": 3900, "epoch": 2, "lr": 9.548022598870057e-06, "loss": 2.5513699054718018, "choice_ce": 0.7599765062332153, "gold_lm": 2.7539303302764893, "replay_lm": 2.9657981395721436, "batch_accuracy": 0.6875, "gradient_norm": 6.431704521179199}
{"time": "2026-10-01T01:34:37.981663+00:00", "event": "train", "step": 3950, "epoch": 2, "lr": 9.413505515200432e-06, "loss": 2.5359625816345215, "choice_ce": 0.6925621032714844, "gold_lm": 2.837973117828369, "replay_lm": 2.960376262664795, "batch_accuracy": 0.6875, "gradient_norm": 6.111573696136475}
{"time": "2026-10-01T01:34:45.810324+00:00", "event": "train", "step": 4000, "epoch": 2, "lr": 9.278988431530804e-06, "loss": 2.8168954849243164, "choice_ce": 1.068840742111206, "gold_lm": 2.8509230613708496, "replay_lm": 3.139488697052002, "batch_accuracy": 0.65625, "gradient_norm": 6.9322829246521}
{"time": "2026-10-01T01:34:53.814976+00:00", "event": "train", "step": 4050, "epoch": 2, "lr": 9.144471347861179e-06, "loss": 2.4464168548583984, "choice_ce": 0.6379015445709229, "gold_lm": 2.6908302307128906, "replay_lm": 2.909517288208008, "batch_accuracy": 0.78125, "gradient_norm": 5.677797317504883}
{"time": "2026-10-01T01:35:01.663440+00:00", "event": "train", "step": 4100, "epoch": 2, "lr": 9.009954264191554e-06, "loss": 2.655491828918457, "choice_ce": 1.1588819026947021, "gold_lm": 2.6202945709228516, "replay_lm": 2.8419547080993652, "batch_accuracy": 0.5, "gradient_norm": 5.458935260772705}
{"time": "2026-10-01T01:35:09.352249+00:00", "event": "train", "step": 4150, "epoch": 2, "lr": 8.875437180521926e-06, "loss": 2.7144341468811035, "choice_ce": 1.060492753982544, "gold_lm": 2.796060562133789, "replay_lm": 2.9703450202941895, "batch_accuracy": 0.4375, "gradient_norm": 8.394055366516113}
{"time": "2026-10-01T01:35:17.409780+00:00", "event": "train", "step": 4200, "epoch": 2, "lr": 8.740920096852301e-06, "loss": 2.640507459640503, "choice_ce": 0.9086071848869324, "gold_lm": 2.8000874519348145, "replay_lm": 2.9723639488220215, "batch_accuracy": 0.65625, "gradient_norm": 6.559752464294434}
{"time": "2026-10-01T01:35:25.280324+00:00", "event": "train", "step": 4250, "epoch": 2, "lr": 8.606403013182676e-06, "loss": 2.651127815246582, "choice_ce": 0.8682841658592224, "gold_lm": 2.6445066928863525, "replay_lm": 3.1117184162139893, "batch_accuracy": 0.625, "gradient_norm": 7.128338813781738}
{"time": "2026-10-01T01:35:33.021931+00:00", "event": "train", "step": 4300, "epoch": 2, "lr": 8.471885929513048e-06, "loss": 2.7098302841186523, "choice_ce": 0.9449291825294495, "gold_lm": 2.850921869277954, "replay_lm": 3.0492706298828125, "batch_accuracy": 0.59375, "gradient_norm": 7.573738098144531}
{"time": "2026-10-01T01:35:40.680728+00:00", "event": "train", "step": 4350, "epoch": 2, "lr": 8.337368845843423e-06, "loss": 2.6697804927825928, "choice_ce": 0.7849994897842407, "gold_lm": 2.710909128189087, "replay_lm": 3.1991069316864014, "batch_accuracy": 0.65625, "gradient_norm": 5.913715362548828}
{"time": "2026-10-01T01:35:48.368038+00:00", "event": "train", "step": 4400, "epoch": 2, "lr": 8.202851762173795e-06, "loss": 2.536311626434326, "choice_ce": 0.7194393277168274, "gold_lm": 2.833120346069336, "replay_lm": 2.9366235733032227, "batch_accuracy": 0.65625, "gradient_norm": 6.415252685546875}
{"time": "2026-10-01T01:35:56.123070+00:00", "event": "train", "step": 4450, "epoch": 2, "lr": 8.06833467850417e-06, "loss": 2.627224922180176, "choice_ce": 0.7949278354644775, "gold_lm": 2.7750699520111084, "replay_lm": 3.0719871520996094, "batch_accuracy": 0.84375, "gradient_norm": 7.114398956298828}
{"time": "2026-10-01T01:36:03.892100+00:00", "event": "train", "step": 4500, "epoch": 2, "lr": 7.933817594834545e-06, "loss": 2.681363105773926, "choice_ce": 0.876493513584137, "gold_lm": 2.7700705528259277, "replay_lm": 3.1011977195739746, "batch_accuracy": 0.59375, "gradient_norm": 6.240245819091797}
{"time": "2026-10-01T01:36:11.564043+00:00", "event": "train", "step": 4550, "epoch": 2, "lr": 7.799300511164917e-06, "loss": 2.551663875579834, "choice_ce": 0.8301836848258972, "gold_lm": 2.754779100418091, "replay_lm": 2.895754814147949, "batch_accuracy": 0.59375, "gradient_norm": 6.7299885749816895}
{"time": "2026-10-01T01:36:19.322985+00:00", "event": "train", "step": 4600, "epoch": 2, "lr": 7.664783427495292e-06, "loss": 2.515961170196533, "choice_ce": 0.8620213270187378, "gold_lm": 2.711992025375366, "replay_lm": 2.8139050006866455, "batch_accuracy": 0.65625, "gradient_norm": 6.121006011962891}
{"time": "2026-10-01T01:36:27.004977+00:00", "event": "train", "step": 4650, "epoch": 2, "lr": 7.5302663438256675e-06, "loss": 2.536760091781616, "choice_ce": 0.8598742485046387, "gold_lm": 2.9638290405273438, "replay_lm": 2.731731414794922, "batch_accuracy": 0.625, "gradient_norm": 8.690922737121582}
{"time": "2026-10-01T01:36:34.945246+00:00", "event": "train", "step": 4700, "epoch": 2, "lr": 7.39574926015604e-06, "loss": 2.706343650817871, "choice_ce": 0.7444086074829102, "gold_lm": 2.6863675117492676, "replay_lm": 3.325094699859619, "batch_accuracy": 0.6875, "gradient_norm": 5.005684852600098}
{"time": "2026-10-01T01:36:42.716358+00:00", "event": "train", "step": 4750, "epoch": 2, "lr": 7.2612321764864145e-06, "loss": 2.609644651412964, "choice_ce": 1.1696932315826416, "gold_lm": 2.5349576473236084, "replay_lm": 2.7821173667907715, "batch_accuracy": 0.625, "gradient_norm": 7.260137557983398}
{"time": "2026-10-01T01:36:50.372284+00:00", "event": "train", "step": 4800, "epoch": 2, "lr": 7.12671509281679e-06, "loss": 2.4876718521118164, "choice_ce": 0.6744518280029297, "gold_lm": 2.7708888053894043, "replay_lm": 2.915447473526001, "batch_accuracy": 0.625, "gradient_norm": 4.890861511230469}
{"time": "2026-10-01T01:36:58.230219+00:00", "event": "train", "step": 4850, "epoch": 2, "lr": 6.992198009147162e-06, "loss": 2.4312806129455566, "choice_ce": 0.6134036779403687, "gold_lm": 2.750661611557007, "replay_lm": 2.8738269805908203, "batch_accuracy": 0.6875, "gradient_norm": 5.233041286468506}
{"time": "2026-10-01T01:37:05.865255+00:00", "event": "train", "step": 4900, "epoch": 2, "lr": 6.857680925477537e-06, "loss": 2.6252660751342773, "choice_ce": 0.7020812034606934, "gold_lm": 2.8891196250915527, "replay_lm": 3.103890895843506, "batch_accuracy": 0.5625, "gradient_norm": 6.304386615753174}
{"time": "2026-10-01T01:37:13.633217+00:00", "event": "train", "step": 4950, "epoch": 2, "lr": 6.723163841807909e-06, "loss": 2.576666831970215, "choice_ce": 0.6670663356781006, "gold_lm": 2.786257028579712, "replay_lm": 3.0931386947631836, "batch_accuracy": 0.8125, "gradient_norm": 5.364084243774414}
Writing model shards:   0%|          | 0/1 [00:00<?, ?it/s]Writing model shards: 100%|██████████| 1/1 [00:00<00:00,  5.11it/s]Writing model shards: 100%|██████████| 1/1 [00:00<00:00,  5.11it/s]
{"time": "2026-10-01T01:37:16.057901+00:00", "event": "export", "epoch": 2, "step": 4966, "path": "/data/team_a/dave-workspace/Global Innovation Build Challenge V2/v2/runs/task_tune_lr2e-5_r0.5/epoch_2/export", "model_sha256": "5f9fc95862213619d11338ea5b51cf7ee34be8f2106a6120cf7366f3c7b66e70"}
{"time": "2026-10-01T01:37:21.335026+00:00", "event": "train", "step": 5000, "epoch": 3, "lr": 6.588646758138284e-06, "loss": 2.448805093765259, "choice_ce": 0.8792242407798767, "gold_lm": 2.6117708683013916, "replay_lm": 2.71250057220459, "batch_accuracy": 0.71875, "gradient_norm": 5.007540702819824}
{"time": "2026-10-01T01:37:29.161403+00:00", "event": "train", "step": 5050, "epoch": 3, "lr": 6.454129674468659e-06, "loss": 2.491097927093506, "choice_ce": 0.6684495210647583, "gold_lm": 2.6772241592407227, "replay_lm": 2.9751341342926025, "batch_accuracy": 0.5625, "gradient_norm": 4.635804176330566}
{"time": "2026-10-01T01:37:37.140279+00:00", "event": "train", "step": 5100, "epoch": 3, "lr": 6.319612590799031e-06, "loss": 2.484302282333374, "choice_ce": 0.5195150375366211, "gold_lm": 2.6738603115081787, "replay_lm": 3.112159252166748, "batch_accuracy": 0.8125, "gradient_norm": 4.339563369750977}
{"time": "2026-10-01T01:37:44.870534+00:00", "event": "train", "step": 5150, "epoch": 3, "lr": 6.1850955071294065e-06, "loss": 2.410170555114746, "choice_ce": 0.6242624521255493, "gold_lm": 2.5214805603027344, "replay_lm": 2.9353384971618652, "batch_accuracy": 0.8125, "gradient_norm": 5.673217296600342}
{"time": "2026-10-01T01:37:52.600741+00:00", "event": "train", "step": 5200, "epoch": 3, "lr": 6.050578423459781e-06, "loss": 2.4189748764038086, "choice_ce": 0.5199224352836609, "gold_lm": 2.714684009552002, "replay_lm": 2.9606852531433105, "batch_accuracy": 0.78125, "gradient_norm": 5.605684280395508}
{"time": "2026-10-01T01:38:00.237796+00:00", "event": "train", "step": 5250, "epoch": 3, "lr": 5.9160613397901535e-06, "loss": 2.5352137088775635, "choice_ce": 0.6024147272109985, "gold_lm": 2.6876792907714844, "replay_lm": 3.124173164367676, "batch_accuracy": 0.71875, "gradient_norm": 5.335610866546631}
{"time": "2026-10-01T01:38:07.900302+00:00", "event": "train", "step": 5300, "epoch": 3, "lr": 5.781544256120528e-06, "loss": 2.3304195404052734, "choice_ce": 0.49794143438339233, "gold_lm": 2.8839008808135986, "replay_lm": 2.720947265625, "batch_accuracy": 0.8125, "gradient_norm": 6.124774932861328}
{"time": "2026-10-01T01:38:16.234093+00:00", "event": "train", "step": 5350, "epoch": 3, "lr": 5.6470271724509e-06, "loss": 2.4135489463806152, "choice_ce": 0.5539976954460144, "gold_lm": 2.7142179012298584, "replay_lm": 2.9159913063049316, "batch_accuracy": 0.6875, "gradient_norm": 5.893664360046387}
{"time": "2026-10-01T01:38:23.947246+00:00", "event": "train", "step": 5400, "epoch": 3, "lr": 5.5125100887812756e-06, "loss": 2.3999977111816406, "choice_ce": 0.4799348711967468, "gold_lm": 2.724134683609009, "replay_lm": 2.9579930305480957, "batch_accuracy": 0.75, "gradient_norm": 4.503654479980469}
{"time": "2026-10-01T01:38:31.846572+00:00", "event": "train", "step": 5450, "epoch": 3, "lr": 5.37799300511165e-06, "loss": 2.47137451171875, "choice_ce": 0.5243831276893616, "gold_lm": 2.6707870960235596, "replay_lm": 3.082972526550293, "batch_accuracy": 0.78125, "gradient_norm": 6.234457015991211}
{"time": "2026-10-01T01:38:39.560526+00:00", "event": "train", "step": 5500, "epoch": 3, "lr": 5.2434759214420225e-06, "loss": 2.7065577507019043, "choice_ce": 0.721078634262085, "gold_lm": 2.890256881713867, "replay_lm": 3.246908664703369, "batch_accuracy": 0.6875, "gradient_norm": 6.436294078826904}
{"time": "2026-10-01T01:38:47.288950+00:00", "event": "train", "step": 5550, "epoch": 3, "lr": 5.108958837772398e-06, "loss": 2.535064697265625, "choice_ce": 0.6828463673591614, "gold_lm": 2.631774663925171, "replay_lm": 3.0713953971862793, "batch_accuracy": 0.75, "gradient_norm": 5.229860782623291}
{"time": "2026-10-01T01:38:55.232906+00:00", "event": "train", "step": 5600, "epoch": 3, "lr": 4.974441754102772e-06, "loss": 2.3785834312438965, "choice_ce": 0.5512808561325073, "gold_lm": 2.9118897914886475, "replay_lm": 2.749940872192383, "batch_accuracy": 0.875, "gradient_norm": 5.801949977874756}
{"time": "2026-10-01T01:39:02.993426+00:00", "event": "train", "step": 5650, "epoch": 3, "lr": 4.839924670433145e-06, "loss": 2.419363498687744, "choice_ce": 0.6509463787078857, "gold_lm": 2.7128310203552246, "replay_lm": 2.831364870071411, "batch_accuracy": 0.65625, "gradient_norm": 6.0683274269104}
{"time": "2026-10-01T01:39:10.796956+00:00", "event": "train", "step": 5700, "epoch": 3, "lr": 4.70540758676352e-06, "loss": 2.4477219581604004, "choice_ce": 0.5628147125244141, "gold_lm": 2.6003146171569824, "replay_lm": 3.0324716567993164, "batch_accuracy": 0.875, "gradient_norm": 5.943140029907227}
{"time": "2026-10-01T01:39:18.705888+00:00", "event": "train", "step": 5750, "epoch": 3, "lr": 4.570890503093894e-06, "loss": 2.2664222717285156, "choice_ce": 0.5204323530197144, "gold_lm": 2.483384132385254, "replay_lm": 2.7707200050354004, "batch_accuracy": 0.75, "gradient_norm": 4.164755821228027}
{"time": "2026-10-01T01:39:26.349229+00:00", "event": "train", "step": 5800, "epoch": 3, "lr": 4.436373419424267e-06, "loss": 2.3190698623657227, "choice_ce": 0.5374849438667297, "gold_lm": 2.626286745071411, "replay_lm": 2.7875115871429443, "batch_accuracy": 0.875, "gradient_norm": 6.392980575561523}
{"time": "2026-10-01T01:39:34.079048+00:00", "event": "train", "step": 5850, "epoch": 3, "lr": 4.301856335754642e-06, "loss": 2.6461806297302246, "choice_ce": 0.5398820638656616, "gold_lm": 2.6218607425689697, "replay_lm": 3.4415488243103027, "batch_accuracy": 0.78125, "gradient_norm": 6.606841564178467}
{"time": "2026-10-01T01:39:41.856407+00:00", "event": "train", "step": 5900, "epoch": 3, "lr": 4.1673392520850146e-06, "loss": 2.6605238914489746, "choice_ce": 0.5149204730987549, "gold_lm": 2.670740842819214, "replay_lm": 3.470756769180298, "batch_accuracy": 0.65625, "gradient_norm": 4.119101047515869}
{"time": "2026-10-01T01:39:49.612289+00:00", "event": "train", "step": 5950, "epoch": 3, "lr": 4.032822168415389e-06, "loss": 2.3695175647735596, "choice_ce": 0.48028990626335144, "gold_lm": 2.611259698867798, "replay_lm": 2.953115463256836, "batch_accuracy": 0.78125, "gradient_norm": 5.109665870666504}
{"time": "2026-10-01T01:39:57.347758+00:00", "event": "train", "step": 6000, "epoch": 3, "lr": 3.898305084745764e-06, "loss": 2.372654438018799, "choice_ce": 0.6219630241394043, "gold_lm": 2.8262293338775635, "replay_lm": 2.710231304168701, "batch_accuracy": 0.71875, "gradient_norm": 6.122049808502197}
{"time": "2026-10-01T01:40:05.092032+00:00", "event": "train", "step": 6050, "epoch": 3, "lr": 3.7637880010761363e-06, "loss": 2.555021047592163, "choice_ce": 0.7618862390518188, "gold_lm": 2.773435115814209, "replay_lm": 2.9614381790161133, "batch_accuracy": 0.65625, "gradient_norm": 5.826188087463379}
{"time": "2026-10-01T01:40:12.739894+00:00", "event": "train", "step": 6100, "epoch": 3, "lr": 3.629270917406511e-06, "loss": 2.5699076652526855, "choice_ce": 0.7448588609695435, "gold_lm": 2.626962184906006, "replay_lm": 3.0814754962921143, "batch_accuracy": 0.75, "gradient_norm": 7.405946254730225}
{"time": "2026-10-01T01:40:20.512149+00:00", "event": "train", "step": 6150, "epoch": 3, "lr": 3.4947538337368857e-06, "loss": 2.4477715492248535, "choice_ce": 0.5523061752319336, "gold_lm": 2.811950206756592, "replay_lm": 2.9372620582580566, "batch_accuracy": 0.78125, "gradient_norm": 7.239752292633057}
{"time": "2026-10-01T01:40:28.223582+00:00", "event": "train", "step": 6200, "epoch": 3, "lr": 3.3602367500672584e-06, "loss": 2.468716621398926, "choice_ce": 0.4549753963947296, "gold_lm": 2.810793876647949, "replay_lm": 3.077061176300049, "batch_accuracy": 0.9375, "gradient_norm": 5.144001007080078}
{"time": "2026-10-01T01:40:36.089048+00:00", "event": "train", "step": 6250, "epoch": 3, "lr": 3.225719666397633e-06, "loss": 2.4113287925720215, "choice_ce": 0.5047774314880371, "gold_lm": 2.6875104904174805, "replay_lm": 2.9741249084472656, "batch_accuracy": 0.8125, "gradient_norm": 3.974716901779175}
{"time": "2026-10-01T01:40:43.830602+00:00", "event": "train", "step": 6300, "epoch": 3, "lr": 3.0912025827280057e-06, "loss": 2.5639801025390625, "choice_ce": 0.6398043632507324, "gold_lm": 2.710787773132324, "replay_lm": 3.1327621936798096, "batch_accuracy": 0.65625, "gradient_norm": 7.540762901306152}
{"time": "2026-10-01T01:40:51.424842+00:00", "event": "train", "step": 6350, "epoch": 3, "lr": 2.9566854990583805e-06, "loss": 2.6740002632141113, "choice_ce": 0.7524690628051758, "gold_lm": 2.7407326698303223, "replay_lm": 3.2251648902893066, "batch_accuracy": 0.75, "gradient_norm": 8.949219703674316}
{"time": "2026-10-01T01:40:59.304363+00:00", "event": "train", "step": 6400, "epoch": 3, "lr": 2.8221684153887552e-06, "loss": 2.4087867736816406, "choice_ce": 0.6010160446166992, "gold_lm": 2.757075786590576, "replay_lm": 2.838019609451294, "batch_accuracy": 0.6875, "gradient_norm": 6.696881294250488}
{"time": "2026-10-01T01:41:07.081086+00:00", "event": "train", "step": 6450, "epoch": 3, "lr": 2.687651331719128e-06, "loss": 2.398015260696411, "choice_ce": 0.5237458944320679, "gold_lm": 2.624016284942627, "replay_lm": 2.9602766036987305, "batch_accuracy": 0.6875, "gradient_norm": 4.925500392913818}
{"time": "2026-10-01T01:41:14.976742+00:00", "event": "train", "step": 6500, "epoch": 3, "lr": 2.5531342480495026e-06, "loss": 2.5148730278015137, "choice_ce": 0.8976565599441528, "gold_lm": 3.0035171508789062, "replay_lm": 2.630331039428711, "batch_accuracy": 0.71875, "gradient_norm": 8.339851379394531}
{"time": "2026-10-01T01:41:22.674517+00:00", "event": "train", "step": 6550, "epoch": 3, "lr": 2.4186171643798774e-06, "loss": 2.4067153930664062, "choice_ce": 0.49660438299179077, "gold_lm": 2.6903605461120605, "replay_lm": 2.9716458320617676, "batch_accuracy": 0.84375, "gradient_norm": 4.796874046325684}
{"time": "2026-10-01T01:41:30.457995+00:00", "event": "train", "step": 6600, "epoch": 3, "lr": 2.28410008071025e-06, "loss": 2.3510522842407227, "choice_ce": 0.5407796502113342, "gold_lm": 2.6736741065979004, "replay_lm": 2.8244881629943848, "batch_accuracy": 0.78125, "gradient_norm": 6.858758449554443}
{"time": "2026-10-01T01:41:38.179890+00:00", "event": "train", "step": 6650, "epoch": 3, "lr": 2.1495829970406247e-06, "loss": 2.584200382232666, "choice_ce": 0.7033238410949707, "gold_lm": 2.6875743865966797, "replay_lm": 3.1212897300720215, "batch_accuracy": 0.71875, "gradient_norm": 7.233005523681641}
{"time": "2026-10-01T01:41:46.078696+00:00", "event": "train", "step": 6700, "epoch": 3, "lr": 2.0150659133709995e-06, "loss": 2.582648515701294, "choice_ce": 0.5766246318817139, "gold_lm": 2.7807223796844482, "replay_lm": 3.1983113288879395, "batch_accuracy": 0.78125, "gradient_norm": 6.271543025970459}
{"time": "2026-10-01T01:41:53.787099+00:00", "event": "train", "step": 6750, "epoch": 3, "lr": 1.880548829701372e-06, "loss": 2.343850612640381, "choice_ce": 0.5280663967132568, "gold_lm": 2.7941455841064453, "replay_lm": 2.762561798095703, "batch_accuracy": 0.65625, "gradient_norm": 4.767452239990234}
{"time": "2026-10-01T01:42:01.594451+00:00", "event": "train", "step": 6800, "epoch": 3, "lr": 1.7460317460317466e-06, "loss": 2.435586452484131, "choice_ce": 0.4889064431190491, "gold_lm": 2.7246289253234863, "replay_lm": 3.0199522972106934, "batch_accuracy": 0.75, "gradient_norm": 4.208102226257324}
{"time": "2026-10-01T01:42:09.229750+00:00", "event": "train", "step": 6850, "epoch": 3, "lr": 1.6115146623621193e-06, "loss": 2.3790509700775146, "choice_ce": 0.457015722990036, "gold_lm": 2.599900960922241, "replay_lm": 3.00113582611084, "batch_accuracy": 0.75, "gradient_norm": 4.885548114776611}
{"time": "2026-10-01T01:42:17.075278+00:00", "event": "train", "step": 6900, "epoch": 3, "lr": 1.476997578692494e-06, "loss": 2.4585859775543213, "choice_ce": 0.5691138505935669, "gold_lm": 2.7293882369995117, "replay_lm": 2.9833641052246094, "batch_accuracy": 0.71875, "gradient_norm": 5.237514495849609}
{"time": "2026-10-01T01:42:24.780230+00:00", "event": "train", "step": 6950, "epoch": 3, "lr": 1.3424804950228688e-06, "loss": 2.422586441040039, "choice_ce": 0.7226014137268066, "gold_lm": 2.5797712802886963, "replay_lm": 2.832685947418213, "batch_accuracy": 0.71875, "gradient_norm": 5.626965045928955}
{"time": "2026-10-01T01:42:32.552479+00:00", "event": "train", "step": 7000, "epoch": 3, "lr": 1.2079634113532412e-06, "loss": 2.4806628227233887, "choice_ce": 0.5867214798927307, "gold_lm": 2.606804132461548, "replay_lm": 3.071201801300049, "batch_accuracy": 0.75, "gradient_norm": 6.920187473297119}
{"time": "2026-10-01T01:42:40.393873+00:00", "event": "train", "step": 7050, "epoch": 3, "lr": 1.073446327683616e-06, "loss": 2.500288963317871, "choice_ce": 0.6818736791610718, "gold_lm": 2.781587600708008, "replay_lm": 2.927910089492798, "batch_accuracy": 0.59375, "gradient_norm": 9.080833435058594}
{"time": "2026-10-01T01:42:48.216610+00:00", "event": "train", "step": 7100, "epoch": 3, "lr": 9.389292440139908e-07, "loss": 2.5525527000427246, "choice_ce": 0.5023657083511353, "gold_lm": 2.8307573795318604, "replay_lm": 3.187361001968384, "batch_accuracy": 0.75, "gradient_norm": 7.569636344909668}
{"time": "2026-10-01T01:42:56.007839+00:00", "event": "train", "step": 7150, "epoch": 3, "lr": 8.044121603443633e-07, "loss": 2.6995301246643066, "choice_ce": 0.9760577082633972, "gold_lm": 2.7185983657836914, "replay_lm": 3.0637030601501465, "batch_accuracy": 0.65625, "gradient_norm": 8.241992950439453}
{"time": "2026-10-01T01:43:03.781560+00:00", "event": "train", "step": 7200, "epoch": 3, "lr": 6.69895076674738e-07, "loss": 2.6649014949798584, "choice_ce": 0.5502088069915771, "gold_lm": 2.751483201980591, "replay_lm": 3.403852701187134, "batch_accuracy": 0.8125, "gradient_norm": 4.994409084320068}
{"time": "2026-10-01T01:43:11.635072+00:00", "event": "train", "step": 7250, "epoch": 3, "lr": 5.353779930051107e-07, "loss": 2.440098285675049, "choice_ce": 0.5804471969604492, "gold_lm": 2.6400928497314453, "replay_lm": 2.979703187942505, "batch_accuracy": 0.71875, "gradient_norm": 6.10078763961792}
{"time": "2026-10-01T01:43:19.408024+00:00", "event": "train", "step": 7300, "epoch": 3, "lr": 4.0086090933548536e-07, "loss": 2.4802165031433105, "choice_ce": 0.7099521160125732, "gold_lm": 2.7671782970428467, "replay_lm": 2.866891860961914, "batch_accuracy": 0.625, "gradient_norm": 5.137635707855225}
{"time": "2026-10-01T01:43:27.212940+00:00", "event": "train", "step": 7350, "epoch": 3, "lr": 2.6634382566586016e-07, "loss": 2.5070292949676514, "choice_ce": 0.49452725052833557, "gold_lm": 2.7662558555603027, "replay_lm": 3.1364035606384277, "batch_accuracy": 0.78125, "gradient_norm": 6.096235752105713}
{"time": "2026-10-01T01:43:34.990635+00:00", "event": "train", "step": 7400, "epoch": 3, "lr": 1.3182674199623269e-07, "loss": 2.3413853645324707, "choice_ce": 0.6087446212768555, "gold_lm": 2.6689515113830566, "replay_lm": 2.7395505905151367, "batch_accuracy": 0.75, "gradient_norm": 5.423122882843018}
Writing model shards:   0%|          | 0/1 [00:00<?, ?it/s]Writing model shards: 100%|██████████| 1/1 [00:00<00:00,  5.47it/s]Writing model shards: 100%|██████████| 1/1 [00:00<00:00,  5.47it/s]
{"time": "2026-10-01T01:43:41.473476+00:00", "event": "export", "epoch": 3, "step": 7449, "path": "/data/team_a/dave-workspace/Global Innovation Build Challenge V2/v2/runs/task_tune_lr2e-5_r0.5/epoch_3/export", "model_sha256": "aaf138266a2689162684232ea828712c59746f7c059aa3f87d712d4599ef1897"}
{"time": "2026-10-01T01:43:41.473937+00:00", "event": "finished", "steps": 7449, "counters": {"questions": 238275, "candidate_sequences": 684387, "task_input_tokens": 41183073, "replay_targets": 61022208}, "replay_source_tokens": {"dclm": 21307392, "edu": 18168832, "targeted": 9189376, "wiki": 6160384, "stackexchange": 3088384, "books": 3107840}, "seconds": 1228.0213721189648}
