Loading weights:   0%|          | 0/110 [00:00<?, ?it/s]Loading weights: 100%|██████████| 110/110 [00:00<00:00, 8643.84it/s]
{"time": "2026-10-01T01:23:13.452465+00:00", "event": "started", "total_updates": 7449, "updates_per_epoch": 2483, "train_items": 79425}
/data/team_a/dave-workspace/Global Innovation Build Challenge V2/src/scglm_v2/task_tune.py:283: UserWarning: Converting a tensor with requires_grad=True to a scalar may lead to unexpected behavior.
Consider using tensor.detach() first. (Triggered internally at /pytorch/torch/csrc/autograd/generated/python_variable_methods.cpp:836.)
  event(log, "train", step=step, epoch=epoch, lr=lr, loss=float(loss),
{"time": "2026-10-01T01:23:14.222715+00:00", "event": "train", "step": 1, "epoch": 1, "lr": 1.3333333333333334e-06, "loss": 3.0633673667907715, "choice_ce": 1.6880710124969482, "gold_lm": 3.180330991744995, "replay_lm": 2.971280574798584, "batch_accuracy": 0.46875, "gradient_norm": 4.035830497741699}
{"time": "2026-10-01T01:23:25.636249+00:00", "event": "train", "step": 50, "epoch": 1, "lr": 1.9905838041431264e-05, "loss": 3.01495099067688, "choice_ce": 1.4621978998184204, "gold_lm": 3.136091947555542, "replay_lm": 3.008396863937378, "batch_accuracy": 0.46875, "gradient_norm": 3.2336275577545166}
{"time": "2026-10-01T01:23:37.518197+00:00", "event": "train", "step": 100, "epoch": 1, "lr": 1.9771320957761637e-05, "loss": 2.782198667526245, "choice_ce": 1.315606713294983, "gold_lm": 2.851836919784546, "replay_lm": 2.7996301651000977, "batch_accuracy": 0.625, "gradient_norm": 3.121358871459961}
{"time": "2026-10-01T01:23:49.108708+00:00", "event": "train", "step": 150, "epoch": 1, "lr": 1.963680387409201e-05, "loss": 3.1769402027130127, "choice_ce": 2.328245162963867, "gold_lm": 2.9856817722320557, "replay_lm": 2.9008777141571045, "batch_accuracy": 0.40625, "gradient_norm": 4.020071983337402}
{"time": "2026-10-01T01:24:00.644343+00:00", "event": "train", "step": 200, "epoch": 1, "lr": 1.9502286790422384e-05, "loss": 2.839247465133667, "choice_ce": 1.105384349822998, "gold_lm": 3.0488524436950684, "replay_lm": 2.9290060997009277, "batch_accuracy": 0.46875, "gradient_norm": 2.72263240814209}
{"time": "2026-10-01T01:24:12.521958+00:00", "event": "train", "step": 250, "epoch": 1, "lr": 1.9367769706752758e-05, "loss": 2.739494562149048, "choice_ce": 0.9741597175598145, "gold_lm": 2.9655466079711914, "replay_lm": 2.8605923652648926, "batch_accuracy": 0.53125, "gradient_norm": 2.9766111373901367}
{"time": "2026-10-01T01:24:24.208985+00:00", "event": "train", "step": 300, "epoch": 1, "lr": 1.9233252623083135e-05, "loss": 3.0245509147644043, "choice_ce": 1.7723634243011475, "gold_lm": 2.85198974609375, "replay_lm": 2.9500622749328613, "batch_accuracy": 0.375, "gradient_norm": 3.4541430473327637}
{"time": "2026-10-01T01:24:35.780931+00:00", "event": "train", "step": 350, "epoch": 1, "lr": 1.9098735539413508e-05, "loss": 2.8559775352478027, "choice_ce": 1.4650352001190186, "gold_lm": 2.832750082015991, "replay_lm": 2.8450777530670166, "batch_accuracy": 0.53125, "gradient_norm": 3.6103291511535645}
{"time": "2026-10-01T01:24:47.386352+00:00", "event": "train", "step": 400, "epoch": 1, "lr": 1.896421845574388e-05, "loss": 3.0707037448883057, "choice_ce": 1.6600759029388428, "gold_lm": 2.895108222961426, "replay_lm": 3.0548782348632812, "batch_accuracy": 0.46875, "gradient_norm": 3.560194969177246}
{"time": "2026-10-01T01:24:59.253764+00:00", "event": "train", "step": 450, "epoch": 1, "lr": 1.8829701372074255e-05, "loss": 3.107247829437256, "choice_ce": 1.6541175842285156, "gold_lm": 2.8720407485961914, "replay_lm": 3.1145806312561035, "batch_accuracy": 0.4375, "gradient_norm": 3.872509717941284}
{"time": "2026-10-01T01:25:10.760339+00:00", "event": "train", "step": 500, "epoch": 1, "lr": 1.869518428840463e-05, "loss": 2.793931245803833, "choice_ce": 1.0898842811584473, "gold_lm": 2.8776142597198486, "replay_lm": 2.9076056480407715, "batch_accuracy": 0.5625, "gradient_norm": 3.5534729957580566}
{"time": "2026-10-01T01:25:22.494994+00:00", "event": "train", "step": 550, "epoch": 1, "lr": 1.8560667204735002e-05, "loss": 2.8446426391601562, "choice_ce": 1.5159780979156494, "gold_lm": 2.8719286918640137, "replay_lm": 2.798657178878784, "batch_accuracy": 0.34375, "gradient_norm": 3.933135509490967}
{"time": "2026-10-01T01:25:34.191214+00:00", "event": "train", "step": 600, "epoch": 1, "lr": 1.8426150121065375e-05, "loss": 2.7769198417663574, "choice_ce": 1.0678640604019165, "gold_lm": 2.7902438640594482, "replay_lm": 2.9114627838134766, "batch_accuracy": 0.5625, "gradient_norm": 3.2112557888031006}
{"time": "2026-10-01T01:25:45.770904+00:00", "event": "train", "step": 650, "epoch": 1, "lr": 1.8291633037395752e-05, "loss": 2.958258628845215, "choice_ce": 1.0489466190338135, "gold_lm": 3.0360023975372314, "replay_lm": 3.1259632110595703, "batch_accuracy": 0.5, "gradient_norm": 3.381706953048706}
{"time": "2026-10-01T01:25:57.426930+00:00", "event": "train", "step": 700, "epoch": 1, "lr": 1.8157115953726126e-05, "loss": 2.6806325912475586, "choice_ce": 1.0543667078018188, "gold_lm": 2.6657896041870117, "replay_lm": 2.806363344192505, "batch_accuracy": 0.46875, "gradient_norm": 3.759310245513916}
{"time": "2026-10-01T01:26:09.115384+00:00", "event": "train", "step": 750, "epoch": 1, "lr": 1.80225988700565e-05, "loss": 3.058382511138916, "choice_ce": 1.8934135437011719, "gold_lm": 2.7757091522216797, "replay_lm": 2.962860107421875, "batch_accuracy": 0.375, "gradient_norm": 4.356908321380615}
{"time": "2026-10-01T01:26:20.767221+00:00", "event": "train", "step": 800, "epoch": 1, "lr": 1.7888081786386873e-05, "loss": 2.8835105895996094, "choice_ce": 0.9454715251922607, "gold_lm": 2.582185745239258, "replay_lm": 3.160773515701294, "batch_accuracy": 0.5, "gradient_norm": 3.3223116397857666}
{"time": "2026-10-01T01:26:32.453649+00:00", "event": "train", "step": 850, "epoch": 1, "lr": 1.7753564702717246e-05, "loss": 2.8917195796966553, "choice_ce": 1.3238003253936768, "gold_lm": 2.9751694202423096, "replay_lm": 2.9261488914489746, "batch_accuracy": 0.5, "gradient_norm": 3.3796632289886475}
{"time": "2026-10-01T01:26:43.276549+00:00", "event": "train", "step": 900, "epoch": 1, "lr": 1.761904761904762e-05, "loss": 2.827303647994995, "choice_ce": 1.192073941230774, "gold_lm": 2.746835947036743, "replay_lm": 2.9395086765289307, "batch_accuracy": 0.5625, "gradient_norm": 3.1262295246124268}
{"time": "2026-10-01T01:26:50.943038+00:00", "event": "train", "step": 950, "epoch": 1, "lr": 1.7484530535377996e-05, "loss": 2.945133924484253, "choice_ce": 1.0939607620239258, "gold_lm": 2.9190053939819336, "replay_lm": 3.112992763519287, "batch_accuracy": 0.65625, "gradient_norm": 3.671010732650757}
{"time": "2026-10-01T01:26:58.610120+00:00", "event": "train", "step": 1000, "epoch": 1, "lr": 1.735001345170837e-05, "loss": 2.9283132553100586, "choice_ce": 1.3153250217437744, "gold_lm": 2.7405145168304443, "replay_lm": 3.0323410034179688, "batch_accuracy": 0.4375, "gradient_norm": 4.541195869445801}
{"time": "2026-10-01T01:27:06.354729+00:00", "event": "train", "step": 1050, "epoch": 1, "lr": 1.7215496368038743e-05, "loss": 2.6691036224365234, "choice_ce": 1.0078380107879639, "gold_lm": 2.9484846591949463, "replay_lm": 2.7492566108703613, "batch_accuracy": 0.625, "gradient_norm": 3.584899425506592}
{"time": "2026-10-01T01:27:14.139722+00:00", "event": "train", "step": 1100, "epoch": 1, "lr": 1.7080979284369117e-05, "loss": 2.8311455249786377, "choice_ce": 0.8889123201370239, "gold_lm": 2.811152935028076, "replay_lm": 3.0611414909362793, "batch_accuracy": 0.40625, "gradient_norm": 3.3184094429016113}
{"time": "2026-10-01T01:27:21.920992+00:00", "event": "train", "step": 1150, "epoch": 1, "lr": 1.694646220069949e-05, "loss": 3.2534899711608887, "choice_ce": 1.4340753555297852, "gold_lm": 2.9625332355499268, "replay_lm": 3.3984105587005615, "batch_accuracy": 0.25, "gradient_norm": 3.700577974319458}
{"time": "2026-10-01T01:27:29.844460+00:00", "event": "train", "step": 1200, "epoch": 1, "lr": 1.6811945117029864e-05, "loss": 2.7494938373565674, "choice_ce": 0.9474881887435913, "gold_lm": 2.800152540206909, "replay_lm": 2.9217491149902344, "batch_accuracy": 0.53125, "gradient_norm": 3.2080044746398926}
{"time": "2026-10-01T01:27:37.671462+00:00", "event": "train", "step": 1250, "epoch": 1, "lr": 1.6677428033360237e-05, "loss": 2.8634884357452393, "choice_ce": 1.248875617980957, "gold_lm": 2.8750598430633545, "replay_lm": 2.9393811225891113, "batch_accuracy": 0.59375, "gradient_norm": 3.893684148788452}
{"time": "2026-10-01T01:27:45.624918+00:00", "event": "train", "step": 1300, "epoch": 1, "lr": 1.654291094969061e-05, "loss": 3.073294162750244, "choice_ce": 1.8743078708648682, "gold_lm": 3.076220750808716, "replay_lm": 2.927955150604248, "batch_accuracy": 0.28125, "gradient_norm": 4.312353610992432}
{"time": "2026-10-01T01:27:53.387579+00:00", "event": "train", "step": 1350, "epoch": 1, "lr": 1.6408393866020988e-05, "loss": 2.7061328887939453, "choice_ce": 0.997188925743103, "gold_lm": 2.9559481143951416, "replay_lm": 2.805119752883911, "batch_accuracy": 0.4375, "gradient_norm": 3.683873414993286}
{"time": "2026-10-01T01:28:01.081136+00:00", "event": "train", "step": 1400, "epoch": 1, "lr": 1.6273876782351358e-05, "loss": 3.1192827224731445, "choice_ce": 1.158421516418457, "gold_lm": 2.808546543121338, "replay_lm": 3.357820510864258, "batch_accuracy": 0.3125, "gradient_norm": 3.9792914390563965}
{"time": "2026-10-01T01:28:08.848150+00:00", "event": "train", "step": 1450, "epoch": 1, "lr": 1.6139359698681735e-05, "loss": 3.0743823051452637, "choice_ce": 1.8780648708343506, "gold_lm": 2.855961799621582, "replay_lm": 2.975098133087158, "batch_accuracy": 0.53125, "gradient_norm": 5.673392295837402}
{"time": "2026-10-01T01:28:16.827170+00:00", "event": "train", "step": 1500, "epoch": 1, "lr": 1.6004842615012108e-05, "loss": 2.9665284156799316, "choice_ce": 1.1950653791427612, "gold_lm": 2.933077096939087, "replay_lm": 3.09721040725708, "batch_accuracy": 0.375, "gradient_norm": 4.512510299682617}
{"time": "2026-10-01T01:28:24.461600+00:00", "event": "train", "step": 1550, "epoch": 1, "lr": 1.587032553134248e-05, "loss": 2.9981648921966553, "choice_ce": 1.2804473638534546, "gold_lm": 2.9700934886932373, "replay_lm": 3.0978810787200928, "batch_accuracy": 0.46875, "gradient_norm": 4.045093536376953}
{"time": "2026-10-01T01:28:32.102323+00:00", "event": "train", "step": 1600, "epoch": 1, "lr": 1.5735808447672855e-05, "loss": 2.6794097423553467, "choice_ce": 1.2209727764129639, "gold_lm": 2.7892723083496094, "replay_lm": 2.7067530155181885, "batch_accuracy": 0.5, "gradient_norm": 4.931285858154297}
{"time": "2026-10-01T01:28:39.740031+00:00", "event": "train", "step": 1650, "epoch": 1, "lr": 1.5601291364003232e-05, "loss": 3.2646026611328125, "choice_ce": 1.184197187423706, "gold_lm": 2.9698235988616943, "replay_lm": 3.5198142528533936, "batch_accuracy": 0.5, "gradient_norm": 3.660421848297119}
{"time": "2026-10-01T01:28:47.419238+00:00", "event": "train", "step": 1700, "epoch": 1, "lr": 1.5466774280333602e-05, "loss": 2.810497283935547, "choice_ce": 0.837382435798645, "gold_lm": 2.754258394241333, "replay_lm": 3.065919876098633, "batch_accuracy": 0.53125, "gradient_norm": 3.4705333709716797}
{"time": "2026-10-01T01:28:55.159252+00:00", "event": "train", "step": 1750, "epoch": 1, "lr": 1.533225719666398e-05, "loss": 2.8164188861846924, "choice_ce": 0.9937512874603271, "gold_lm": 2.839989423751831, "replay_lm": 2.9889931678771973, "batch_accuracy": 0.5, "gradient_norm": 3.350203037261963}
{"time": "2026-10-01T01:29:02.892749+00:00", "event": "train", "step": 1800, "epoch": 1, "lr": 1.5197740112994352e-05, "loss": 3.0020320415496826, "choice_ce": 0.9814339876174927, "gold_lm": 2.8295228481292725, "replay_lm": 3.26167631149292, "batch_accuracy": 0.59375, "gradient_norm": 3.451411485671997}
{"time": "2026-10-01T01:29:10.891252+00:00", "event": "train", "step": 1850, "epoch": 1, "lr": 1.5063223029324726e-05, "loss": 3.024599313735962, "choice_ce": 1.416870355606079, "gold_lm": 2.77233624458313, "replay_lm": 3.119554042816162, "batch_accuracy": 0.4375, "gradient_norm": 5.335713863372803}
{"time": "2026-10-01T01:29:18.546340+00:00", "event": "train", "step": 1900, "epoch": 1, "lr": 1.49287059456551e-05, "loss": 2.8400557041168213, "choice_ce": 1.1124043464660645, "gold_lm": 2.9065439701080322, "replay_lm": 2.9576468467712402, "batch_accuracy": 0.4375, "gradient_norm": 4.149861812591553}
{"time": "2026-10-01T01:29:26.279193+00:00", "event": "train", "step": 1950, "epoch": 1, "lr": 1.4794188861985474e-05, "loss": 2.8222689628601074, "choice_ce": 1.2602488994598389, "gold_lm": 2.8369996547698975, "replay_lm": 2.883777618408203, "batch_accuracy": 0.4375, "gradient_norm": 4.152629852294922}
{"time": "2026-10-01T01:29:34.018006+00:00", "event": "train", "step": 2000, "epoch": 1, "lr": 1.4659671778315848e-05, "loss": 2.7497828006744385, "choice_ce": 1.135707139968872, "gold_lm": 2.82712984085083, "replay_lm": 2.8357160091400146, "batch_accuracy": 0.5625, "gradient_norm": 4.785279273986816}
{"time": "2026-10-01T01:29:41.757686+00:00", "event": "train", "step": 2050, "epoch": 1, "lr": 1.452515469464622e-05, "loss": 2.69100284576416, "choice_ce": 1.3626974821090698, "gold_lm": 2.785170316696167, "replay_lm": 2.663454532623291, "batch_accuracy": 0.53125, "gradient_norm": 4.630358695983887}
{"time": "2026-10-01T01:29:49.468840+00:00", "event": "train", "step": 2100, "epoch": 1, "lr": 1.4390637610976597e-05, "loss": 2.8798270225524902, "choice_ce": 1.392338514328003, "gold_lm": 2.683702230453491, "replay_lm": 2.9422430992126465, "batch_accuracy": 0.5, "gradient_norm": 4.327792644500732}
{"time": "2026-10-01T01:29:57.155747+00:00", "event": "train", "step": 2150, "epoch": 1, "lr": 1.4256120527306968e-05, "loss": 2.7668943405151367, "choice_ce": 1.0493957996368408, "gold_lm": 2.7414493560791016, "replay_lm": 2.9155116081237793, "batch_accuracy": 0.46875, "gradient_norm": 4.4157280921936035}
{"time": "2026-10-01T01:30:05.078046+00:00", "event": "train", "step": 2200, "epoch": 1, "lr": 1.4121603443637342e-05, "loss": 2.720688819885254, "choice_ce": 0.9842760562896729, "gold_lm": 2.7113800048828125, "replay_lm": 2.8838555812835693, "batch_accuracy": 0.5625, "gradient_norm": 3.938420057296753}
{"time": "2026-10-01T01:30:12.817270+00:00", "event": "train", "step": 2250, "epoch": 1, "lr": 1.3987086359967719e-05, "loss": 2.755279302597046, "choice_ce": 1.214341640472412, "gold_lm": 2.9745070934295654, "replay_lm": 2.7782866954803467, "batch_accuracy": 0.625, "gradient_norm": 4.367791175842285}
{"time": "2026-10-01T01:30:20.695033+00:00", "event": "train", "step": 2300, "epoch": 1, "lr": 1.385256927629809e-05, "loss": 2.727597951889038, "choice_ce": 0.8770493268966675, "gold_lm": 2.9341812133789062, "replay_lm": 2.891937017440796, "batch_accuracy": 0.5625, "gradient_norm": 3.9221174716949463}
{"time": "2026-10-01T01:30:28.334290+00:00", "event": "train", "step": 2350, "epoch": 1, "lr": 1.3718052192628464e-05, "loss": 2.588805913925171, "choice_ce": 0.9222702980041504, "gold_lm": 2.8745508193969727, "replay_lm": 2.6870603561401367, "batch_accuracy": 0.6875, "gradient_norm": 4.80065393447876}
{"time": "2026-10-01T01:30:36.041123+00:00", "event": "train", "step": 2400, "epoch": 1, "lr": 1.3583535108958839e-05, "loss": 2.8707947731018066, "choice_ce": 1.2602784633636475, "gold_lm": 2.9028353691101074, "replay_lm": 2.9389801025390625, "batch_accuracy": 0.59375, "gradient_norm": 3.372851610183716}
{"time": "2026-10-01T01:30:43.795610+00:00", "event": "train", "step": 2450, "epoch": 1, "lr": 1.3449018025289213e-05, "loss": 3.0977468490600586, "choice_ce": 1.0368611812591553, "gold_lm": 2.9096174240112305, "replay_lm": 3.3574941158294678, "batch_accuracy": 0.46875, "gradient_norm": 3.97826886177063}
Writing model shards:   0%|          | 0/1 [00:00<?, ?it/s]Writing model shards: 100%|██████████| 1/1 [00:00<00:00,  5.33it/s]Writing model shards: 100%|██████████| 1/1 [00:00<00:00,  5.32it/s]
{"time": "2026-10-01T01:30:49.114535+00:00", "event": "export", "epoch": 1, "step": 2483, "path": "/data/team_a/dave-workspace/Global Innovation Build Challenge V2/v2/runs/task_tune_lr2e-5_r0.7/epoch_1/export", "model_sha256": "a35d9ab189344af66bb5dae86c7dd7402da98e2640c2b2fd8be33fb5d61dd1eb"}
{"time": "2026-10-01T01:30:51.289236+00:00", "event": "train", "step": 2500, "epoch": 2, "lr": 1.3314500941619586e-05, "loss": 3.0904860496520996, "choice_ce": 0.900468111038208, "gold_lm": 2.72292160987854, "replay_lm": 3.4455819129943848, "batch_accuracy": 0.6875, "gradient_norm": 3.565499782562256}
{"time": "2026-10-01T01:30:58.978471+00:00", "event": "train", "step": 2550, "epoch": 2, "lr": 1.3179983857949961e-05, "loss": 2.761993885040283, "choice_ce": 0.9588942527770996, "gold_lm": 2.832869291305542, "replay_lm": 2.9277071952819824, "batch_accuracy": 0.5, "gradient_norm": 4.015384674072266}
{"time": "2026-10-01T01:31:06.752769+00:00", "event": "train", "step": 2600, "epoch": 2, "lr": 1.3045466774280335e-05, "loss": 2.6444621086120605, "choice_ce": 0.9809169769287109, "gold_lm": 2.807387113571167, "replay_lm": 2.755826950073242, "batch_accuracy": 0.5, "gradient_norm": 4.256785869598389}
{"time": "2026-10-01T01:31:14.416564+00:00", "event": "train", "step": 2650, "epoch": 2, "lr": 1.2910949690610708e-05, "loss": 2.6298108100891113, "choice_ce": 0.7996396422386169, "gold_lm": 2.7334067821502686, "replay_lm": 2.828439712524414, "batch_accuracy": 0.65625, "gradient_norm": 3.3352649211883545}
{"time": "2026-10-01T01:31:22.046706+00:00", "event": "train", "step": 2700, "epoch": 2, "lr": 1.2776432606941083e-05, "loss": 2.8664932250976562, "choice_ce": 0.8444139957427979, "gold_lm": 2.692840576171875, "replay_lm": 3.1560611724853516, "batch_accuracy": 0.65625, "gradient_norm": 3.650380849838257}
{"time": "2026-10-01T01:31:29.963875+00:00", "event": "train", "step": 2750, "epoch": 2, "lr": 1.2641915523271457e-05, "loss": 2.7194266319274902, "choice_ce": 0.8240891695022583, "gold_lm": 2.7014873027801514, "replay_lm": 2.952824115753174, "batch_accuracy": 0.5625, "gradient_norm": 3.4926047325134277}
{"time": "2026-10-01T01:31:37.752335+00:00", "event": "train", "step": 2800, "epoch": 2, "lr": 1.250739843960183e-05, "loss": 2.680407762527466, "choice_ce": 0.8517880439758301, "gold_lm": 2.7189435958862305, "replay_lm": 2.8814711570739746, "batch_accuracy": 0.625, "gradient_norm": 3.2828638553619385}
{"time": "2026-10-01T01:31:45.558788+00:00", "event": "train", "step": 2850, "epoch": 2, "lr": 1.2372881355932205e-05, "loss": 2.9513919353485107, "choice_ce": 0.7959772944450378, "gold_lm": 2.791285276412964, "replay_lm": 3.277008533477783, "batch_accuracy": 0.65625, "gradient_norm": 3.642331600189209}
{"time": "2026-10-01T01:31:53.339086+00:00", "event": "train", "step": 2900, "epoch": 2, "lr": 1.2238364272262579e-05, "loss": 2.6665024757385254, "choice_ce": 0.7144640684127808, "gold_lm": 2.692185401916504, "replay_lm": 2.9261932373046875, "batch_accuracy": 0.5625, "gradient_norm": 3.3279006481170654}
{"time": "2026-10-01T01:32:01.147360+00:00", "event": "train", "step": 2950, "epoch": 2, "lr": 1.2103847188592952e-05, "loss": 2.7441861629486084, "choice_ce": 0.8146979808807373, "gold_lm": 2.677903413772583, "replay_lm": 2.9972729682922363, "batch_accuracy": 0.625, "gradient_norm": 4.520909786224365}
{"time": "2026-10-01T01:32:08.963336+00:00", "event": "train", "step": 3000, "epoch": 2, "lr": 1.1969330104923324e-05, "loss": 2.796862840652466, "choice_ce": 0.9051337242126465, "gold_lm": 2.7177371978759766, "replay_lm": 3.0252318382263184, "batch_accuracy": 0.6875, "gradient_norm": 4.084856986999512}
{"time": "2026-10-01T01:32:16.750159+00:00", "event": "train", "step": 3050, "epoch": 2, "lr": 1.1834813021253701e-05, "loss": 2.876390218734741, "choice_ce": 1.0940186977386475, "gold_lm": 2.8392372131347656, "replay_lm": 3.031855583190918, "batch_accuracy": 0.5625, "gradient_norm": 5.214924335479736}
{"time": "2026-10-01T01:32:24.561087+00:00", "event": "train", "step": 3100, "epoch": 2, "lr": 1.1700295937584075e-05, "loss": 2.7087161540985107, "choice_ce": 0.8283113241195679, "gold_lm": 2.775664806365967, "replay_lm": 2.919818878173828, "batch_accuracy": 0.59375, "gradient_norm": 3.3230888843536377}
{"time": "2026-10-01T01:32:32.490603+00:00", "event": "train", "step": 3150, "epoch": 2, "lr": 1.1565778853914446e-05, "loss": 2.826045513153076, "choice_ce": 0.8131111860275269, "gold_lm": 2.7031381130218506, "replay_lm": 3.109487771987915, "batch_accuracy": 0.625, "gradient_norm": 3.8219316005706787}
{"time": "2026-10-01T01:32:40.232144+00:00", "event": "train", "step": 3200, "epoch": 2, "lr": 1.1431261770244823e-05, "loss": 2.926537275314331, "choice_ce": 1.1788452863693237, "gold_lm": 2.639810562133789, "replay_lm": 3.1098744869232178, "batch_accuracy": 0.625, "gradient_norm": 3.8840062618255615}
{"time": "2026-10-01T01:32:47.993584+00:00", "event": "train", "step": 3250, "epoch": 2, "lr": 1.1296744686575197e-05, "loss": 2.5893383026123047, "choice_ce": 0.7189574837684631, "gold_lm": 2.5611765384674072, "replay_lm": 2.842106342315674, "batch_accuracy": 0.78125, "gradient_norm": 3.6716573238372803}
{"time": "2026-10-01T01:32:55.753203+00:00", "event": "train", "step": 3300, "epoch": 2, "lr": 1.1162227602905568e-05, "loss": 2.711357593536377, "choice_ce": 0.735079824924469, "gold_lm": 2.736950397491455, "replay_lm": 2.971844434738159, "batch_accuracy": 0.65625, "gradient_norm": 3.5836055278778076}
{"time": "2026-10-01T01:33:03.424958+00:00", "event": "train", "step": 3350, "epoch": 2, "lr": 1.1027710519235944e-05, "loss": 2.6164605617523193, "choice_ce": 0.8353289365768433, "gold_lm": 2.674665927886963, "replay_lm": 2.8066601753234863, "batch_accuracy": 0.5625, "gradient_norm": 3.7732431888580322}
{"time": "2026-10-01T01:33:11.075244+00:00", "event": "train", "step": 3400, "epoch": 2, "lr": 1.0893193435566319e-05, "loss": 2.546414852142334, "choice_ce": 0.8545523881912231, "gold_lm": 2.6805737018585205, "replay_lm": 2.6970901489257812, "batch_accuracy": 0.78125, "gradient_norm": 4.6325273513793945}
{"time": "2026-10-01T01:33:18.880302+00:00", "event": "train", "step": 3450, "epoch": 2, "lr": 1.075867635189669e-05, "loss": 2.8082597255706787, "choice_ce": 0.8195828795433044, "gold_lm": 2.674663543701172, "replay_lm": 3.0874075889587402, "batch_accuracy": 0.5625, "gradient_norm": 3.8786749839782715}
{"time": "2026-10-01T01:33:26.713860+00:00", "event": "train", "step": 3500, "epoch": 2, "lr": 1.0624159268227066e-05, "loss": 2.8791775703430176, "choice_ce": 1.1250460147857666, "gold_lm": 2.825505495071411, "replay_lm": 3.025482654571533, "batch_accuracy": 0.65625, "gradient_norm": 4.930474758148193}
{"time": "2026-10-01T01:33:34.708856+00:00", "event": "train", "step": 3550, "epoch": 2, "lr": 1.0489642184557441e-05, "loss": 2.610382556915283, "choice_ce": 0.8760535717010498, "gold_lm": 2.737562417984009, "replay_lm": 2.767045736312866, "batch_accuracy": 0.625, "gradient_norm": 4.7055134773254395}
{"time": "2026-10-01T01:33:42.420823+00:00", "event": "train", "step": 3600, "epoch": 2, "lr": 1.0355125100887813e-05, "loss": 2.58866024017334, "choice_ce": 0.921609103679657, "gold_lm": 2.754542350769043, "replay_lm": 2.7128515243530273, "batch_accuracy": 0.5, "gradient_norm": 3.2409329414367676}
{"time": "2026-10-01T01:33:50.056008+00:00", "event": "train", "step": 3650, "epoch": 2, "lr": 1.0220608017218188e-05, "loss": 2.7721638679504395, "choice_ce": 0.8185683488845825, "gold_lm": 2.85273814201355, "replay_lm": 2.9981181621551514, "batch_accuracy": 0.625, "gradient_norm": 4.212805271148682}
{"time": "2026-10-01T01:33:57.802184+00:00", "event": "train", "step": 3700, "epoch": 2, "lr": 1.0086090933548563e-05, "loss": 2.59102725982666, "choice_ce": 0.5725452303886414, "gold_lm": 2.749032974243164, "replay_lm": 2.8670125007629395, "batch_accuracy": 0.71875, "gradient_norm": 3.057424306869507}
{"time": "2026-10-01T01:34:05.476415+00:00", "event": "train", "step": 3750, "epoch": 2, "lr": 9.951573849878935e-06, "loss": 2.7118172645568848, "choice_ce": 0.6578129529953003, "gold_lm": 2.879936695098877, "replay_lm": 2.9749755859375, "batch_accuracy": 0.5, "gradient_norm": 3.801321029663086}
{"time": "2026-10-01T01:34:13.232425+00:00", "event": "train", "step": 3800, "epoch": 2, "lr": 9.81705676620931e-06, "loss": 2.7046167850494385, "choice_ce": 0.8281350135803223, "gold_lm": 2.8614518642425537, "replay_lm": 2.8956551551818848, "batch_accuracy": 0.53125, "gradient_norm": 3.6867642402648926}
{"time": "2026-10-01T01:34:20.946982+00:00", "event": "train", "step": 3850, "epoch": 2, "lr": 9.682539682539682e-06, "loss": 2.980128049850464, "choice_ce": 1.2114980220794678, "gold_lm": 2.673828601837158, "replay_lm": 3.165149211883545, "batch_accuracy": 0.65625, "gradient_norm": 4.993636608123779}
{"time": "2026-10-01T01:34:28.925049+00:00", "event": "train", "step": 3900, "epoch": 2, "lr": 9.548022598870057e-06, "loss": 2.7145934104919434, "choice_ce": 0.7742277979850769, "gold_lm": 2.76277494430542, "replay_lm": 2.954155445098877, "batch_accuracy": 0.65625, "gradient_norm": 3.8374409675598145}
{"time": "2026-10-01T01:34:36.742472+00:00", "event": "train", "step": 3950, "epoch": 2, "lr": 9.413505515200432e-06, "loss": 2.7030982971191406, "choice_ce": 0.7264442443847656, "gold_lm": 2.8275980949401855, "replay_lm": 2.944321870803833, "batch_accuracy": 0.71875, "gradient_norm": 3.997434139251709}
{"time": "2026-10-01T01:34:44.544782+00:00", "event": "train", "step": 4000, "epoch": 2, "lr": 9.278988431530804e-06, "loss": 2.9494788646698, "choice_ce": 1.1084779500961304, "gold_lm": 2.8504397869110107, "replay_lm": 3.1276707649230957, "batch_accuracy": 0.625, "gradient_norm": 4.315706729888916}
{"time": "2026-10-01T01:34:52.423337+00:00", "event": "train", "step": 4050, "epoch": 2, "lr": 9.144471347861179e-06, "loss": 2.6378848552703857, "choice_ce": 0.6950181722640991, "gold_lm": 2.7003471851348877, "replay_lm": 2.8918962478637695, "batch_accuracy": 0.6875, "gradient_norm": 3.831674337387085}
{"time": "2026-10-01T01:35:00.199205+00:00", "event": "train", "step": 4100, "epoch": 2, "lr": 9.009954264191554e-06, "loss": 2.7284533977508545, "choice_ce": 1.1983009576797485, "gold_lm": 2.6404242515563965, "replay_lm": 2.818427801132202, "batch_accuracy": 0.5, "gradient_norm": 3.679321765899658}
{"time": "2026-10-01T01:35:07.813358+00:00", "event": "train", "step": 4150, "epoch": 2, "lr": 8.875437180521926e-06, "loss": 2.813269853591919, "choice_ce": 1.0891880989074707, "gold_lm": 2.8085834980010986, "replay_lm": 2.9503226280212402, "batch_accuracy": 0.40625, "gradient_norm": 5.234163284301758}
{"time": "2026-10-01T01:35:15.864597+00:00", "event": "train", "step": 4200, "epoch": 2, "lr": 8.740920096852301e-06, "loss": 2.771672248840332, "choice_ce": 0.9349770545959473, "gold_lm": 2.7992820739746094, "replay_lm": 2.958981513977051, "batch_accuracy": 0.59375, "gradient_norm": 4.1557817459106445}
{"time": "2026-10-01T01:35:23.605456+00:00", "event": "train", "step": 4250, "epoch": 2, "lr": 8.606403013182676e-06, "loss": 2.8358254432678223, "choice_ce": 0.8991924524307251, "gold_lm": 2.646672487258911, "replay_lm": 3.0986671447753906, "batch_accuracy": 0.625, "gradient_norm": 4.3903279304504395}
{"time": "2026-10-01T01:35:31.371983+00:00", "event": "train", "step": 4300, "epoch": 2, "lr": 8.471885929513048e-06, "loss": 2.8420064449310303, "choice_ce": 0.9816678762435913, "gold_lm": 2.8359715938568115, "replay_lm": 3.031586170196533, "batch_accuracy": 0.5625, "gradient_norm": 4.76584529876709}
{"time": "2026-10-01T01:35:39.074988+00:00", "event": "train", "step": 4350, "epoch": 2, "lr": 8.337368845843423e-06, "loss": 2.8783352375030518, "choice_ce": 0.8023965954780579, "gold_lm": 2.7220351696014404, "replay_lm": 3.184730052947998, "batch_accuracy": 0.625, "gradient_norm": 3.7214300632476807}
{"time": "2026-10-01T01:35:46.738580+00:00", "event": "train", "step": 4400, "epoch": 2, "lr": 8.202851762173795e-06, "loss": 2.6984598636627197, "choice_ce": 0.762403130531311, "gold_lm": 2.8428499698638916, "replay_lm": 2.9190163612365723, "batch_accuracy": 0.59375, "gradient_norm": 4.592400550842285}
{"time": "2026-10-01T01:35:54.520822+00:00", "event": "train", "step": 4450, "epoch": 2, "lr": 8.06833467850417e-06, "loss": 2.815190076828003, "choice_ce": 0.8608638644218445, "gold_lm": 2.801877021789551, "replay_lm": 3.052356243133545, "batch_accuracy": 0.78125, "gradient_norm": 4.3849310874938965}
{"time": "2026-10-01T01:36:02.239639+00:00", "event": "train", "step": 4500, "epoch": 2, "lr": 7.933817594834545e-06, "loss": 2.8452682495117188, "choice_ce": 0.8951605558395386, "gold_lm": 2.7741832733154297, "replay_lm": 3.0865607261657715, "batch_accuracy": 0.59375, "gradient_norm": 3.881368398666382}
{"time": "2026-10-01T01:36:09.948123+00:00", "event": "train", "step": 4550, "epoch": 2, "lr": 7.799300511164917e-06, "loss": 2.6949305534362793, "choice_ce": 0.8850122690200806, "gold_lm": 2.762502908706665, "replay_lm": 2.8786449432373047, "batch_accuracy": 0.5, "gradient_norm": 4.175039768218994}
{"time": "2026-10-01T01:36:17.689095+00:00", "event": "train", "step": 4600, "epoch": 2, "lr": 7.664783427495292e-06, "loss": 2.6314525604248047, "choice_ce": 0.8882833123207092, "gold_lm": 2.721219301223755, "replay_lm": 2.7954065799713135, "batch_accuracy": 0.65625, "gradient_norm": 3.7653143405914307}
{"time": "2026-10-01T01:36:25.381400+00:00", "event": "train", "step": 4650, "epoch": 2, "lr": 7.5302663438256675e-06, "loss": 2.6078431606292725, "choice_ce": 0.8608963489532471, "gold_lm": 2.970820665359497, "replay_lm": 2.7199301719665527, "batch_accuracy": 0.65625, "gradient_norm": 5.779098987579346}
{"time": "2026-10-01T01:36:33.227063+00:00", "event": "train", "step": 4700, "epoch": 2, "lr": 7.39574926015604e-06, "loss": 2.9481892585754395, "choice_ce": 0.7671847343444824, "gold_lm": 2.679978132247925, "replay_lm": 3.308624744415283, "batch_accuracy": 0.6875, "gradient_norm": 3.1239893436431885}
{"time": "2026-10-01T01:36:40.985958+00:00", "event": "train", "step": 4750, "epoch": 2, "lr": 7.2612321764864145e-06, "loss": 2.679776668548584, "choice_ce": 1.2035608291625977, "gold_lm": 2.539128303527832, "replay_lm": 2.768341541290283, "batch_accuracy": 0.53125, "gradient_norm": 4.54589319229126}
{"time": "2026-10-01T01:36:48.759721+00:00", "event": "train", "step": 4800, "epoch": 2, "lr": 7.12671509281679e-06, "loss": 2.6567420959472656, "choice_ce": 0.7017432451248169, "gold_lm": 2.7790353298187256, "replay_lm": 2.8990912437438965, "batch_accuracy": 0.59375, "gradient_norm": 3.2891292572021484}
{"time": "2026-10-01T01:36:56.559896+00:00", "event": "train", "step": 4850, "epoch": 2, "lr": 6.992198009147162e-06, "loss": 2.619889259338379, "choice_ce": 0.6820372343063354, "gold_lm": 2.7622833251953125, "replay_lm": 2.8584794998168945, "batch_accuracy": 0.625, "gradient_norm": 3.9840660095214844}
{"time": "2026-10-01T01:37:04.237494+00:00", "event": "train", "step": 4900, "epoch": 2, "lr": 6.857680925477537e-06, "loss": 2.8290133476257324, "choice_ce": 0.7781457901000977, "gold_lm": 2.889779806137085, "replay_lm": 3.0887179374694824, "batch_accuracy": 0.625, "gradient_norm": 4.445538520812988}
{"time": "2026-10-01T01:37:11.999239+00:00", "event": "train", "step": 4950, "epoch": 2, "lr": 6.723163841807909e-06, "loss": 2.7765908241271973, "choice_ce": 0.7007360458374023, "gold_lm": 2.7803874015808105, "replay_lm": 3.0704455375671387, "batch_accuracy": 0.84375, "gradient_norm": 3.6548612117767334}
Writing model shards:   0%|          | 0/1 [00:00<?, ?it/s]Writing model shards: 100%|██████████| 1/1 [00:00<00:00,  5.36it/s]Writing model shards: 100%|██████████| 1/1 [00:00<00:00,  5.35it/s]
{"time": "2026-10-01T01:37:14.830845+00:00", "event": "export", "epoch": 2, "step": 4966, "path": "/data/team_a/dave-workspace/Global Innovation Build Challenge V2/v2/runs/task_tune_lr2e-5_r0.7/epoch_2/export", "model_sha256": "27694ba733851001b092a913c1827db9ed9520e2062a3c44b5469a6f41a3fabf"}
{"time": "2026-10-01T01:37:19.635980+00:00", "event": "train", "step": 5000, "epoch": 3, "lr": 6.588646758138284e-06, "loss": 2.5593349933624268, "choice_ce": 0.9111878871917725, "gold_lm": 2.6376218795776367, "replay_lm": 2.700479030609131, "batch_accuracy": 0.6875, "gradient_norm": 3.3591294288635254}
{"time": "2026-10-01T01:37:27.382033+00:00", "event": "train", "step": 5050, "epoch": 3, "lr": 6.454129674468659e-06, "loss": 2.686676263809204, "choice_ce": 0.7043960094451904, "gold_lm": 2.6859042644500732, "replay_lm": 2.9606740474700928, "batch_accuracy": 0.5, "gradient_norm": 3.1870431900024414}
{"time": "2026-10-01T01:37:35.357064+00:00", "event": "train", "step": 5100, "epoch": 3, "lr": 6.319612590799031e-06, "loss": 2.7380881309509277, "choice_ce": 0.5434711575508118, "gold_lm": 2.7068381309509277, "replay_lm": 3.0986015796661377, "batch_accuracy": 0.78125, "gradient_norm": 3.0893187522888184}
{"time": "2026-10-01T01:37:43.091567+00:00", "event": "train", "step": 5150, "epoch": 3, "lr": 6.1850955071294065e-06, "loss": 2.6242990493774414, "choice_ce": 0.6703706979751587, "gold_lm": 2.5352745056152344, "replay_lm": 2.918424129486084, "batch_accuracy": 0.78125, "gradient_norm": 3.8860113620758057}
{"time": "2026-10-01T01:37:50.836608+00:00", "event": "train", "step": 5200, "epoch": 3, "lr": 6.050578423459781e-06, "loss": 2.6345157623291016, "choice_ce": 0.5482677221298218, "gold_lm": 2.738840103149414, "replay_lm": 2.941727638244629, "batch_accuracy": 0.8125, "gradient_norm": 3.8495025634765625}
{"time": "2026-10-01T01:37:58.471918+00:00", "event": "train", "step": 5250, "epoch": 3, "lr": 5.9160613397901535e-06, "loss": 2.770092487335205, "choice_ce": 0.646835207939148, "gold_lm": 2.7042951583862305, "replay_lm": 3.1005678176879883, "batch_accuracy": 0.6875, "gradient_norm": 3.6516730785369873}
{"time": "2026-10-01T01:38:06.124389+00:00", "event": "train", "step": 5300, "epoch": 3, "lr": 5.781544256120528e-06, "loss": 2.501284122467041, "choice_ce": 0.5770328044891357, "gold_lm": 2.8893988132476807, "replay_lm": 2.706806182861328, "batch_accuracy": 0.71875, "gradient_norm": 4.534901142120361}
{"time": "2026-10-01T01:38:14.400504+00:00", "event": "train", "step": 5350, "epoch": 3, "lr": 5.6470271724509e-06, "loss": 2.6204919815063477, "choice_ce": 0.6058207750320435, "gold_lm": 2.7319343090057373, "replay_lm": 2.898507833480835, "batch_accuracy": 0.71875, "gradient_norm": 4.174908638000488}
{"time": "2026-10-01T01:38:22.193187+00:00", "event": "train", "step": 5400, "epoch": 3, "lr": 5.5125100887812756e-06, "loss": 2.618798017501831, "choice_ce": 0.49623826146125793, "gold_lm": 2.735259532928467, "replay_lm": 2.9423394203186035, "batch_accuracy": 0.75, "gradient_norm": 3.012362480163574}
{"time": "2026-10-01T01:38:30.002414+00:00", "event": "train", "step": 5450, "epoch": 3, "lr": 5.37799300511165e-06, "loss": 2.712515354156494, "choice_ce": 0.545337438583374, "gold_lm": 2.6832573413848877, "replay_lm": 3.0663223266601562, "batch_accuracy": 0.6875, "gradient_norm": 4.517868518829346}
{"time": "2026-10-01T01:38:37.627861+00:00", "event": "train", "step": 5500, "epoch": 3, "lr": 5.2434759214420225e-06, "loss": 2.934535503387451, "choice_ce": 0.7801566123962402, "gold_lm": 2.915161609649658, "replay_lm": 3.2331631183624268, "batch_accuracy": 0.71875, "gradient_norm": 4.3321919441223145}
{"time": "2026-10-01T01:38:45.357294+00:00", "event": "train", "step": 5550, "epoch": 3, "lr": 5.108958837772398e-06, "loss": 2.7493515014648438, "choice_ce": 0.7224861979484558, "gold_lm": 2.6322693824768066, "replay_lm": 3.053950309753418, "batch_accuracy": 0.6875, "gradient_norm": 3.5038814544677734}
{"time": "2026-10-01T01:38:53.295883+00:00", "event": "train", "step": 5600, "epoch": 3, "lr": 4.974441754102772e-06, "loss": 2.531879425048828, "choice_ce": 0.5906099081039429, "gold_lm": 2.9401450157165527, "replay_lm": 2.733821153640747, "batch_accuracy": 0.84375, "gradient_norm": 3.6426987648010254}
{"time": "2026-10-01T01:39:01.015779+00:00", "event": "train", "step": 5650, "epoch": 3, "lr": 4.839924670433145e-06, "loss": 2.597792863845825, "choice_ce": 0.7214919328689575, "gold_lm": 2.735410451889038, "replay_lm": 2.815762519836426, "batch_accuracy": 0.6875, "gradient_norm": 4.046828746795654}
{"time": "2026-10-01T01:39:08.723629+00:00", "event": "train", "step": 5700, "epoch": 3, "lr": 4.70540758676352e-06, "loss": 2.692011833190918, "choice_ce": 0.631960928440094, "gold_lm": 2.6201441287994385, "replay_lm": 3.0134315490722656, "batch_accuracy": 0.8125, "gradient_norm": 4.206035137176514}
{"time": "2026-10-01T01:39:16.548293+00:00", "event": "train", "step": 5750, "epoch": 3, "lr": 4.570890503093894e-06, "loss": 2.470790147781372, "choice_ce": 0.5534358024597168, "gold_lm": 2.501054525375366, "replay_lm": 2.75657320022583, "batch_accuracy": 0.6875, "gradient_norm": 3.151029109954834}
{"time": "2026-10-01T01:39:24.289347+00:00", "event": "train", "step": 5800, "epoch": 3, "lr": 4.436373419424267e-06, "loss": 2.513160228729248, "choice_ce": 0.5911358594894409, "gold_lm": 2.6374781131744385, "replay_lm": 2.7717108726501465, "batch_accuracy": 0.875, "gradient_norm": 4.2943434715271}
{"time": "2026-10-01T01:39:31.966825+00:00", "event": "train", "step": 5850, "epoch": 3, "lr": 4.301856335754642e-06, "loss": 2.9779882431030273, "choice_ce": 0.6211024522781372, "gold_lm": 2.628084659576416, "replay_lm": 3.4249210357666016, "batch_accuracy": 0.75, "gradient_norm": 4.84635066986084}
{"time": "2026-10-01T01:39:39.699285+00:00", "event": "train", "step": 5900, "epoch": 3, "lr": 4.1673392520850146e-06, "loss": 2.987534999847412, "choice_ce": 0.5487130284309387, "gold_lm": 2.704435110092163, "replay_lm": 3.4532227516174316, "batch_accuracy": 0.625, "gradient_norm": 3.1422958374023438}
{"time": "2026-10-01T01:39:47.438878+00:00", "event": "train", "step": 5950, "epoch": 3, "lr": 4.032822168415389e-06, "loss": 2.5997910499572754, "choice_ce": 0.4945095181465149, "gold_lm": 2.634629011154175, "replay_lm": 2.9374911785125732, "batch_accuracy": 0.8125, "gradient_norm": 3.164997100830078}
{"time": "2026-10-01T01:39:55.223543+00:00", "event": "train", "step": 6000, "epoch": 3, "lr": 3.898305084745764e-06, "loss": 2.514613151550293, "choice_ce": 0.656176745891571, "gold_lm": 2.866184949874878, "replay_lm": 2.696903705596924, "batch_accuracy": 0.6875, "gradient_norm": 4.041091442108154}
{"time": "2026-10-01T01:40:02.835652+00:00", "event": "train", "step": 6050, "epoch": 3, "lr": 3.7637880010761363e-06, "loss": 2.715440511703491, "choice_ce": 0.7905334234237671, "gold_lm": 2.7791078090667725, "replay_lm": 2.9448776245117188, "batch_accuracy": 0.625, "gradient_norm": 3.969111680984497}
{"time": "2026-10-01T01:40:10.490885+00:00", "event": "train", "step": 6100, "epoch": 3, "lr": 3.629270917406511e-06, "loss": 2.7770538330078125, "choice_ce": 0.7797937393188477, "gold_lm": 2.6384193897247314, "replay_lm": 3.0676469802856445, "batch_accuracy": 0.75, "gradient_norm": 4.750581741333008}
{"time": "2026-10-01T01:40:18.249950+00:00", "event": "train", "step": 6150, "epoch": 3, "lr": 3.4947538337368857e-06, "loss": 2.650423049926758, "choice_ce": 0.6111520528793335, "gold_lm": 2.8331918716430664, "replay_lm": 2.917283535003662, "batch_accuracy": 0.78125, "gradient_norm": 3.874558925628662}
{"time": "2026-10-01T01:40:25.975110+00:00", "event": "train", "step": 6200, "epoch": 3, "lr": 3.3602367500672584e-06, "loss": 2.712592601776123, "choice_ce": 0.48324018716812134, "gold_lm": 2.82719349861145, "replay_lm": 3.062201976776123, "batch_accuracy": 0.9375, "gradient_norm": 3.3459579944610596}
{"time": "2026-10-01T01:40:33.814783+00:00", "event": "train", "step": 6250, "epoch": 3, "lr": 3.225719666397633e-06, "loss": 2.628047466278076, "choice_ce": 0.519294261932373, "gold_lm": 2.6959564685821533, "replay_lm": 2.9540939331054688, "batch_accuracy": 0.8125, "gradient_norm": 2.788670539855957}
{"time": "2026-10-01T01:40:41.601707+00:00", "event": "train", "step": 6300, "epoch": 3, "lr": 3.0912025827280057e-06, "loss": 2.7870397567749023, "choice_ce": 0.6507174968719482, "gold_lm": 2.7250680923461914, "replay_lm": 3.1186630725860596, "batch_accuracy": 0.6875, "gradient_norm": 4.272874355316162}
{"time": "2026-10-01T01:40:49.166194+00:00", "event": "train", "step": 6350, "epoch": 3, "lr": 2.9566854990583805e-06, "loss": 2.927093505859375, "choice_ce": 0.8865810632705688, "gold_lm": 2.764097213745117, "replay_lm": 3.209292411804199, "batch_accuracy": 0.65625, "gradient_norm": 5.475661277770996}
{"time": "2026-10-01T01:40:57.038003+00:00", "event": "train", "step": 6400, "epoch": 3, "lr": 2.8221684153887552e-06, "loss": 2.574118137359619, "choice_ce": 0.6124411225318909, "gold_lm": 2.762078046798706, "replay_lm": 2.822962999343872, "batch_accuracy": 0.6875, "gradient_norm": 4.878106594085693}
{"time": "2026-10-01T01:41:04.805049+00:00", "event": "train", "step": 6450, "epoch": 3, "lr": 2.687651331719128e-06, "loss": 2.620818614959717, "choice_ce": 0.5493702292442322, "gold_lm": 2.643908739089966, "replay_lm": 2.942030429840088, "batch_accuracy": 0.65625, "gradient_norm": 3.1787006855010986}
{"time": "2026-10-01T01:41:12.669165+00:00", "event": "train", "step": 6500, "epoch": 3, "lr": 2.5531342480495026e-06, "loss": 2.5714406967163086, "choice_ce": 0.9619481563568115, "gold_lm": 3.0284414291381836, "replay_lm": 2.612271547317505, "batch_accuracy": 0.6875, "gradient_norm": 6.120640277862549}
{"time": "2026-10-01T01:41:20.371033+00:00", "event": "train", "step": 6550, "epoch": 3, "lr": 2.4186171643798774e-06, "loss": 2.6322760581970215, "choice_ce": 0.5315841436386108, "gold_lm": 2.7005436420440674, "replay_lm": 2.9538846015930176, "batch_accuracy": 0.84375, "gradient_norm": 3.3753254413604736}
{"time": "2026-10-01T01:41:28.126119+00:00", "event": "train", "step": 6600, "epoch": 3, "lr": 2.28410008071025e-06, "loss": 2.5400912761688232, "choice_ce": 0.5758309960365295, "gold_lm": 2.68983793258667, "replay_lm": 2.805523157119751, "batch_accuracy": 0.78125, "gradient_norm": 3.7736263275146484}
{"time": "2026-10-01T01:41:35.868765+00:00", "event": "train", "step": 6650, "epoch": 3, "lr": 2.1495829970406247e-06, "loss": 2.802319288253784, "choice_ce": 0.7398388385772705, "gold_lm": 2.7033586502075195, "replay_lm": 3.1069483757019043, "batch_accuracy": 0.6875, "gradient_norm": 4.59768533706665}
{"time": "2026-10-01T01:41:43.711447+00:00", "event": "train", "step": 6700, "epoch": 3, "lr": 2.0150659133709995e-06, "loss": 2.829982042312622, "choice_ce": 0.6036463379859924, "gold_lm": 2.7931199073791504, "replay_lm": 3.1856002807617188, "batch_accuracy": 0.71875, "gradient_norm": 3.972153902053833}
{"time": "2026-10-01T01:41:51.347584+00:00", "event": "train", "step": 6750, "epoch": 3, "lr": 1.880548829701372e-06, "loss": 2.509122371673584, "choice_ce": 0.5460391640663147, "gold_lm": 2.8146862983703613, "replay_lm": 2.7472968101501465, "batch_accuracy": 0.65625, "gradient_norm": 3.9293951988220215}
{"time": "2026-10-01T01:41:59.158048+00:00", "event": "train", "step": 6800, "epoch": 3, "lr": 1.7460317460317466e-06, "loss": 2.6723415851593018, "choice_ce": 0.5154238343238831, "gold_lm": 2.7532920837402344, "replay_lm": 3.0067436695098877, "batch_accuracy": 0.71875, "gradient_norm": 3.046109199523926}
{"time": "2026-10-01T01:42:06.852393+00:00", "event": "train", "step": 6850, "epoch": 3, "lr": 1.6115146623621193e-06, "loss": 2.626547336578369, "choice_ce": 0.47374826669692993, "gold_lm": 2.6232426166534424, "replay_lm": 2.9870519638061523, "batch_accuracy": 0.78125, "gradient_norm": 3.3195912837982178}
{"time": "2026-10-01T01:42:14.683163+00:00", "event": "train", "step": 6900, "epoch": 3, "lr": 1.476997578692494e-06, "loss": 2.6696715354919434, "choice_ce": 0.6134274005889893, "gold_lm": 2.741760015487671, "replay_lm": 2.9633989334106445, "batch_accuracy": 0.625, "gradient_norm": 3.5865776538848877}
{"time": "2026-10-01T01:42:22.393781+00:00", "event": "train", "step": 6950, "epoch": 3, "lr": 1.3424804950228688e-06, "loss": 2.593254804611206, "choice_ce": 0.7765893936157227, "gold_lm": 2.586672782897949, "replay_lm": 2.8175387382507324, "batch_accuracy": 0.65625, "gradient_norm": 4.251589775085449}
{"time": "2026-10-01T01:42:30.097250+00:00", "event": "train", "step": 7000, "epoch": 3, "lr": 1.2079634113532412e-06, "loss": 2.709777355194092, "choice_ce": 0.5901391506195068, "gold_lm": 2.6275436878204346, "replay_lm": 3.0551488399505615, "batch_accuracy": 0.71875, "gradient_norm": 4.732481956481934}
{"time": "2026-10-01T01:42:37.890559+00:00", "event": "train", "step": 7050, "epoch": 3, "lr": 1.073446327683616e-06, "loss": 2.667302131652832, "choice_ce": 0.6983758211135864, "gold_lm": 2.791588544845581, "replay_lm": 2.9129300117492676, "batch_accuracy": 0.59375, "gradient_norm": 5.829387664794922}
{"time": "2026-10-01T01:42:45.642444+00:00", "event": "train", "step": 7100, "epoch": 3, "lr": 9.389292440139908e-07, "loss": 2.816110134124756, "choice_ce": 0.5509703159332275, "gold_lm": 2.8528032302856445, "replay_lm": 3.1755692958831787, "batch_accuracy": 0.65625, "gradient_norm": 5.5734944343566895}
{"time": "2026-10-01T01:42:53.422670+00:00", "event": "train", "step": 7150, "epoch": 3, "lr": 8.044121603443633e-07, "loss": 2.8523998260498047, "choice_ce": 1.0245511531829834, "gold_lm": 2.736769676208496, "replay_lm": 3.0493130683898926, "batch_accuracy": 0.625, "gradient_norm": 5.359835624694824}
{"time": "2026-10-01T01:43:01.154939+00:00", "event": "train", "step": 7200, "epoch": 3, "lr": 6.69895076674738e-07, "loss": 2.9590797424316406, "choice_ce": 0.5792512893676758, "gold_lm": 2.7670481204986572, "replay_lm": 3.3860673904418945, "batch_accuracy": 0.8125, "gradient_norm": 3.173118829727173}
{"time": "2026-10-01T01:43:08.898259+00:00", "event": "train", "step": 7250, "epoch": 3, "lr": 5.353779930051107e-07, "loss": 2.6543407440185547, "choice_ce": 0.6009027361869812, "gold_lm": 2.6583786010742188, "replay_lm": 2.964733123779297, "batch_accuracy": 0.75, "gradient_norm": 3.873476028442383}
{"time": "2026-10-01T01:43:16.645585+00:00", "event": "train", "step": 7300, "epoch": 3, "lr": 4.0086090933548536e-07, "loss": 2.6327669620513916, "choice_ce": 0.7316267490386963, "gold_lm": 2.786665916442871, "replay_lm": 2.850398540496826, "batch_accuracy": 0.65625, "gradient_norm": 3.521455764770508}
{"time": "2026-10-01T01:43:24.381791+00:00", "event": "train", "step": 7350, "epoch": 3, "lr": 2.6634382566586016e-07, "loss": 2.760005474090576, "choice_ce": 0.5297594666481018, "gold_lm": 2.7743048667907715, "replay_lm": 3.121331214904785, "batch_accuracy": 0.71875, "gradient_norm": 3.6700546741485596}
{"time": "2026-10-01T01:43:32.169872+00:00", "event": "train", "step": 7400, "epoch": 3, "lr": 1.3182674199623269e-07, "loss": 2.5072011947631836, "choice_ce": 0.6481966972351074, "gold_lm": 2.6869232654571533, "replay_lm": 2.7281479835510254, "batch_accuracy": 0.75, "gradient_norm": 3.6617541313171387}
Writing model shards:   0%|          | 0/1 [00:00<?, ?it/s]Writing model shards: 100%|██████████| 1/1 [00:00<00:00,  5.41it/s]Writing model shards: 100%|██████████| 1/1 [00:00<00:00,  5.40it/s]
{"time": "2026-10-01T01:43:40.072323+00:00", "event": "export", "epoch": 3, "step": 7449, "path": "/data/team_a/dave-workspace/Global Innovation Build Challenge V2/v2/runs/task_tune_lr2e-5_r0.7/epoch_3/export", "model_sha256": "21a86871c0d975e3d717f6acb0b549dd3d9778bf499363f4c5ecb4fe7d5f6a13"}
{"time": "2026-10-01T01:43:40.072836+00:00", "event": "finished", "steps": 7449, "counters": {"questions": 238275, "candidate_sequences": 684387, "task_input_tokens": 41183073, "replay_targets": 61022208}, "replay_source_tokens": {"dclm": 21307392, "edu": 18168832, "targeted": 9189376, "wiki": 6160384, "stackexchange": 3088384, "books": 3107840}, "seconds": 1226.6202707625926}
